[0.452s] DEBUG:colcon:Command line arguments: ['/usr/bin/colcon', 'build', '--symlink-install']
[0.452s] DEBUG:colcon:Parsed command line arguments: Namespace(log_base=None, log_level=None, verb_name='build', build_base='build', install_base='install', merge_install=False, symlink_install=True, test_result_base=None, continue_on_error=False, executor='parallel', parallel_workers=4, event_handlers=None, ignore_user_meta=False, metas=['./colcon.meta'], base_paths=['.'], packages_ignore=None, packages_ignore_regex=None, paths=None, packages_up_to=None, packages_up_to_regex=None, packages_above=None, packages_above_and_dependencies=None, packages_above_depth=None, packages_select_by_dep=None, packages_skip_by_dep=None, packages_skip_up_to=None, packages_select_build_failed=False, packages_skip_build_finished=False, packages_select_test_failures=False, packages_skip_test_passed=False, packages_select=None, packages_skip=None, packages_select_regex=None, packages_skip_regex=None, packages_start=None, packages_end=None, allow_overriding=[], cmake_args=None, cmake_target=None, cmake_target_skip_unavailable=False, cmake_clean_cache=False, cmake_clean_first=False, cmake_force_configure=False, ament_cmake_args=None, catkin_cmake_args=None, catkin_skip_building_tests=False, mixin_files=None, mixin=None, verb_parser=<colcon_mixin.mixin.mixin_argument.MixinArgumentDecorator object at 0xffff889e7040>, verb_extension=<colcon_core.verb.build.BuildVerb object at 0xffff88b50070>, main=<bound method BuildVerb.main of <colcon_core.verb.build.BuildVerb object at 0xffff88b50070>>, mixin_verb=('build',))
[1.079s] Level 1:colcon.colcon_core.package_discovery:discover_packages(colcon_meta) check parameters
[1.080s] Level 1:colcon.colcon_core.package_discovery:discover_packages(recursive) check parameters
[1.091s] Level 1:colcon.colcon_core.package_discovery:discover_packages(ignore) check parameters
[1.091s] Level 1:colcon.colcon_core.package_discovery:discover_packages(path) check parameters
[1.091s] Level 1:colcon.colcon_core.package_discovery:discover_packages(colcon_meta) discover
[1.091s] Level 1:colcon.colcon_core.package_discovery:discover_packages(recursive) discover
[1.092s] INFO:colcon.colcon_core.package_discovery:Crawling recursively for packages in '/home/ubuntu/slam_project/agv2_ws'
[1.092s] Level 1:colcon.colcon_core.package_identification:_identify(.) by extensions ['ignore', 'ignore_ament_install']
[1.093s] Level 1:colcon.colcon_core.package_identification:_identify(.) by extension 'ignore'
[1.093s] Level 1:colcon.colcon_core.package_identification:_identify(.) by extension 'ignore_ament_install'
[1.094s] Level 1:colcon.colcon_core.package_identification:_identify(.) by extensions ['colcon_pkg']
[1.094s] Level 1:colcon.colcon_core.package_identification:_identify(.) by extension 'colcon_pkg'
[1.094s] Level 1:colcon.colcon_core.package_identification:_identify(.) by extensions ['colcon_meta']
[1.094s] Level 1:colcon.colcon_core.package_identification:_identify(.) by extension 'colcon_meta'
[1.095s] Level 1:colcon.colcon_core.package_identification:_identify(.) by extensions ['ros']
[1.095s] Level 1:colcon.colcon_core.package_identification:_identify(.) by extension 'ros'
[1.142s] Level 1:colcon.colcon_core.package_identification:_identify(.) by extensions ['cmake', 'python']
[1.143s] Level 1:colcon.colcon_core.package_identification:_identify(.) by extension 'cmake'
[1.143s] Level 1:colcon.colcon_core.package_identification:_identify(.) by extension 'python'
[1.143s] Level 1:colcon.colcon_core.package_identification:_identify(.) by extensions ['python_setup_py']
[1.143s] Level 1:colcon.colcon_core.package_identification:_identify(.) by extension 'python_setup_py'
[1.144s] Level 1:colcon.colcon_core.package_identification:_identify(build) by extensions ['ignore', 'ignore_ament_install']
[1.144s] Level 1:colcon.colcon_core.package_identification:_identify(build) by extension 'ignore'
[1.144s] Level 1:colcon.colcon_core.package_identification:_identify(build) ignored
[1.145s] Level 1:colcon.colcon_core.package_identification:_identify(install) by extensions ['ignore', 'ignore_ament_install']
[1.145s] Level 1:colcon.colcon_core.package_identification:_identify(install) by extension 'ignore'
[1.145s] Level 1:colcon.colcon_core.package_identification:_identify(install) ignored
[1.146s] Level 1:colcon.colcon_core.package_identification:_identify(log) by extensions ['ignore', 'ignore_ament_install']
[1.146s] Level 1:colcon.colcon_core.package_identification:_identify(log) by extension 'ignore'
[1.146s] Level 1:colcon.colcon_core.package_identification:_identify(log) ignored
[1.147s] Level 1:colcon.colcon_core.package_identification:_identify(src) by extensions ['ignore', 'ignore_ament_install']
[1.147s] Level 1:colcon.colcon_core.package_identification:_identify(src) by extension 'ignore'
[1.147s] Level 1:colcon.colcon_core.package_identification:_identify(src) by extension 'ignore_ament_install'
[1.147s] Level 1:colcon.colcon_core.package_identification:_identify(src) by extensions ['colcon_pkg']
[1.148s] Level 1:colcon.colcon_core.package_identification:_identify(src) by extension 'colcon_pkg'
[1.148s] Level 1:colcon.colcon_core.package_identification:_identify(src) by extensions ['colcon_meta']
[1.148s] Level 1:colcon.colcon_core.package_identification:_identify(src) by extension 'colcon_meta'
[1.148s] Level 1:colcon.colcon_core.package_identification:_identify(src) by extensions ['ros']
[1.148s] Level 1:colcon.colcon_core.package_identification:_identify(src) by extension 'ros'
[1.148s] Level 1:colcon.colcon_core.package_identification:_identify(src) by extensions ['cmake', 'python']
[1.149s] Level 1:colcon.colcon_core.package_identification:_identify(src) by extension 'cmake'
[1.149s] Level 1:colcon.colcon_core.package_identification:_identify(src) by extension 'python'
[1.149s] Level 1:colcon.colcon_core.package_identification:_identify(src) by extensions ['python_setup_py']
[1.149s] Level 1:colcon.colcon_core.package_identification:_identify(src) by extension 'python_setup_py'
[1.149s] Level 1:colcon.colcon_core.package_identification:_identify(src/agv_bringup) by extensions ['ignore', 'ignore_ament_install']
[1.150s] Level 1:colcon.colcon_core.package_identification:_identify(src/agv_bringup) by extension 'ignore'
[1.150s] Level 1:colcon.colcon_core.package_identification:_identify(src/agv_bringup) by extension 'ignore_ament_install'
[1.150s] Level 1:colcon.colcon_core.package_identification:_identify(src/agv_bringup) by extensions ['colcon_pkg']
[1.150s] Level 1:colcon.colcon_core.package_identification:_identify(src/agv_bringup) by extension 'colcon_pkg'
[1.150s] Level 1:colcon.colcon_core.package_identification:_identify(src/agv_bringup) by extensions ['colcon_meta']
[1.151s] Level 1:colcon.colcon_core.package_identification:_identify(src/agv_bringup) by extension 'colcon_meta'
[1.151s] Level 1:colcon.colcon_core.package_identification:_identify(src/agv_bringup) by extensions ['ros']
[1.151s] Level 1:colcon.colcon_core.package_identification:_identify(src/agv_bringup) by extension 'ros'
[1.165s] DEBUG:colcon.colcon_core.package_identification:Package 'src/agv_bringup' with type 'ros.ament_cmake' and name 'agv_bringup'
[1.165s] Level 1:colcon.colcon_core.package_identification:_identify(src/myagv_odometry) by extensions ['ignore', 'ignore_ament_install']
[1.166s] Level 1:colcon.colcon_core.package_identification:_identify(src/myagv_odometry) by extension 'ignore'
[1.166s] Level 1:colcon.colcon_core.package_identification:_identify(src/myagv_odometry) by extension 'ignore_ament_install'
[1.166s] Level 1:colcon.colcon_core.package_identification:_identify(src/myagv_odometry) by extensions ['colcon_pkg']
[1.166s] Level 1:colcon.colcon_core.package_identification:_identify(src/myagv_odometry) by extension 'colcon_pkg'
[1.166s] Level 1:colcon.colcon_core.package_identification:_identify(src/myagv_odometry) by extensions ['colcon_meta']
[1.167s] Level 1:colcon.colcon_core.package_identification:_identify(src/myagv_odometry) by extension 'colcon_meta'
[1.167s] Level 1:colcon.colcon_core.package_identification:_identify(src/myagv_odometry) by extensions ['ros']
[1.167s] Level 1:colcon.colcon_core.package_identification:_identify(src/myagv_odometry) by extension 'ros'
[1.171s] DEBUG:colcon.colcon_core.package_identification:Package 'src/myagv_odometry' with type 'ros.ament_cmake' and name 'myagv_odometry'
[1.171s] Level 1:colcon.colcon_core.package_identification:_identify(src/myagv_teleop) by extensions ['ignore', 'ignore_ament_install']
[1.172s] Level 1:colcon.colcon_core.package_identification:_identify(src/myagv_teleop) by extension 'ignore'
[1.172s] Level 1:colcon.colcon_core.package_identification:_identify(src/myagv_teleop) by extension 'ignore_ament_install'
[1.172s] Level 1:colcon.colcon_core.package_identification:_identify(src/myagv_teleop) by extensions ['colcon_pkg']
[1.172s] Level 1:colcon.colcon_core.package_identification:_identify(src/myagv_teleop) by extension 'colcon_pkg'
[1.172s] Level 1:colcon.colcon_core.package_identification:_identify(src/myagv_teleop) by extensions ['colcon_meta']
[1.173s] Level 1:colcon.colcon_core.package_identification:_identify(src/myagv_teleop) by extension 'colcon_meta'
[1.173s] Level 1:colcon.colcon_core.package_identification:_identify(src/myagv_teleop) by extensions ['ros']
[1.173s] Level 1:colcon.colcon_core.package_identification:_identify(src/myagv_teleop) by extension 'ros'
[1.175s] DEBUG:colcon.colcon_core.package_identification:Package 'src/myagv_teleop' with type 'ros.ament_python' and name 'myagv_teleop'
[1.176s] Level 1:colcon.colcon_core.package_identification:_identify(src/ydlidar_ros2_driver) by extensions ['ignore', 'ignore_ament_install']
[1.176s] Level 1:colcon.colcon_core.package_identification:_identify(src/ydlidar_ros2_driver) by extension 'ignore'
[1.177s] Level 1:colcon.colcon_core.package_identification:_identify(src/ydlidar_ros2_driver) by extension 'ignore_ament_install'
[1.177s] Level 1:colcon.colcon_core.package_identification:_identify(src/ydlidar_ros2_driver) by extensions ['colcon_pkg']
[1.177s] Level 1:colcon.colcon_core.package_identification:_identify(src/ydlidar_ros2_driver) by extension 'colcon_pkg'
[1.177s] Level 1:colcon.colcon_core.package_identification:_identify(src/ydlidar_ros2_driver) by extensions ['colcon_meta']
[1.177s] Level 1:colcon.colcon_core.package_identification:_identify(src/ydlidar_ros2_driver) by extension 'colcon_meta'
[1.177s] Level 1:colcon.colcon_core.package_identification:_identify(src/ydlidar_ros2_driver) by extensions ['ros']
[1.177s] Level 1:colcon.colcon_core.package_identification:_identify(src/ydlidar_ros2_driver) by extension 'ros'
[1.180s] DEBUG:colcon.colcon_core.package_identification:Package 'src/ydlidar_ros2_driver' with type 'ros.ament_cmake' and name 'ydlidar_ros2_driver'
[1.180s] Level 1:colcon.colcon_core.package_discovery:discover_packages(recursive) using defaults
[1.181s] Level 1:colcon.colcon_core.package_discovery:discover_packages(ignore) discover
[1.181s] Level 1:colcon.colcon_core.package_discovery:discover_packages(ignore) using defaults
[1.181s] Level 1:colcon.colcon_core.package_discovery:discover_packages(path) discover
[1.181s] Level 1:colcon.colcon_core.package_discovery:discover_packages(path) using defaults
[1.256s] Level 1:colcon.colcon_core.package_discovery:discover_packages(prefix_path) check parameters
[1.257s] Level 1:colcon.colcon_core.package_discovery:discover_packages(prefix_path) discover
[1.268s] DEBUG:colcon.colcon_installed_package_information.package_discovery:Found 198 installed packages in /opt/ros/humble
[1.273s] Level 1:colcon.colcon_core.package_discovery:discover_packages(prefix_path) using defaults
[1.427s] Level 5:colcon.colcon_core.verb:set package 'agv_bringup' build argument 'cmake_args' from command line to 'None'
[1.427s] Level 5:colcon.colcon_core.verb:set package 'agv_bringup' build argument 'cmake_target' from command line to 'None'
[1.427s] Level 5:colcon.colcon_core.verb:set package 'agv_bringup' build argument 'cmake_target_skip_unavailable' from command line to 'False'
[1.427s] Level 5:colcon.colcon_core.verb:set package 'agv_bringup' build argument 'cmake_clean_cache' from command line to 'False'
[1.428s] Level 5:colcon.colcon_core.verb:set package 'agv_bringup' build argument 'cmake_clean_first' from command line to 'False'
[1.428s] Level 5:colcon.colcon_core.verb:set package 'agv_bringup' build argument 'cmake_force_configure' from command line to 'False'
[1.428s] Level 5:colcon.colcon_core.verb:set package 'agv_bringup' build argument 'ament_cmake_args' from command line to 'None'
[1.428s] Level 5:colcon.colcon_core.verb:set package 'agv_bringup' build argument 'catkin_cmake_args' from command line to 'None'
[1.428s] Level 5:colcon.colcon_core.verb:set package 'agv_bringup' build argument 'catkin_skip_building_tests' from command line to 'False'
[1.428s] DEBUG:colcon.colcon_core.verb:Building package 'agv_bringup' with the following arguments: {'ament_cmake_args': None, 'build_base': '/home/ubuntu/slam_project/agv2_ws/build/agv_bringup', 'catkin_cmake_args': None, 'catkin_skip_building_tests': False, 'cmake_args': None, 'cmake_clean_cache': False, 'cmake_clean_first': False, 'cmake_force_configure': False, 'cmake_target': None, 'cmake_target_skip_unavailable': False, 'install_base': '/home/ubuntu/slam_project/agv2_ws/install/agv_bringup', 'merge_install': False, 'path': '/home/ubuntu/slam_project/agv2_ws/src/agv_bringup', 'symlink_install': True, 'test_result_base': None}
[1.430s] Level 5:colcon.colcon_core.verb:set package 'myagv_odometry' build argument 'cmake_args' from command line to 'None'
[1.430s] Level 5:colcon.colcon_core.verb:set package 'myagv_odometry' build argument 'cmake_target' from command line to 'None'
[1.430s] Level 5:colcon.colcon_core.verb:set package 'myagv_odometry' build argument 'cmake_target_skip_unavailable' from command line to 'False'
[1.430s] Level 5:colcon.colcon_core.verb:set package 'myagv_odometry' build argument 'cmake_clean_cache' from command line to 'False'
[1.430s] Level 5:colcon.colcon_core.verb:set package 'myagv_odometry' build argument 'cmake_clean_first' from command line to 'False'
[1.430s] Level 5:colcon.colcon_core.verb:set package 'myagv_odometry' build argument 'cmake_force_configure' from command line to 'False'
[1.430s] Level 5:colcon.colcon_core.verb:set package 'myagv_odometry' build argument 'ament_cmake_args' from command line to 'None'
[1.430s] Level 5:colcon.colcon_core.verb:set package 'myagv_odometry' build argument 'catkin_cmake_args' from command line to 'None'
[1.430s] Level 5:colcon.colcon_core.verb:set package 'myagv_odometry' build argument 'catkin_skip_building_tests' from command line to 'False'
[1.431s] DEBUG:colcon.colcon_core.verb:Building package 'myagv_odometry' with the following arguments: {'ament_cmake_args': None, 'build_base': '/home/ubuntu/slam_project/agv2_ws/build/myagv_odometry', 'catkin_cmake_args': None, 'catkin_skip_building_tests': False, 'cmake_args': None, 'cmake_clean_cache': False, 'cmake_clean_first': False, 'cmake_force_configure': False, 'cmake_target': None, 'cmake_target_skip_unavailable': False, 'install_base': '/home/ubuntu/slam_project/agv2_ws/install/myagv_odometry', 'merge_install': False, 'path': '/home/ubuntu/slam_project/agv2_ws/src/myagv_odometry', 'symlink_install': True, 'test_result_base': None}
[1.432s] Level 5:colcon.colcon_core.verb:set package 'myagv_teleop' build argument 'cmake_args' from command line to 'None'
[1.432s] Level 5:colcon.colcon_core.verb:set package 'myagv_teleop' build argument 'cmake_target' from command line to 'None'
[1.432s] Level 5:colcon.colcon_core.verb:set package 'myagv_teleop' build argument 'cmake_target_skip_unavailable' from command line to 'False'
[1.432s] Level 5:colcon.colcon_core.verb:set package 'myagv_teleop' build argument 'cmake_clean_cache' from command line to 'False'
[1.432s] Level 5:colcon.colcon_core.verb:set package 'myagv_teleop' build argument 'cmake_clean_first' from command line to 'False'
[1.432s] Level 5:colcon.colcon_core.verb:set package 'myagv_teleop' build argument 'cmake_force_configure' from command line to 'False'
[1.433s] Level 5:colcon.colcon_core.verb:set package 'myagv_teleop' build argument 'ament_cmake_args' from command line to 'None'
[1.433s] Level 5:colcon.colcon_core.verb:set package 'myagv_teleop' build argument 'catkin_cmake_args' from command line to 'None'
[1.433s] Level 5:colcon.colcon_core.verb:set package 'myagv_teleop' build argument 'catkin_skip_building_tests' from command line to 'False'
[1.433s] DEBUG:colcon.colcon_core.verb:Building package 'myagv_teleop' with the following arguments: {'ament_cmake_args': None, 'build_base': '/home/ubuntu/slam_project/agv2_ws/build/myagv_teleop', 'catkin_cmake_args': None, 'catkin_skip_building_tests': False, 'cmake_args': None, 'cmake_clean_cache': False, 'cmake_clean_first': False, 'cmake_force_configure': False, 'cmake_target': None, 'cmake_target_skip_unavailable': False, 'install_base': '/home/ubuntu/slam_project/agv2_ws/install/myagv_teleop', 'merge_install': False, 'path': '/home/ubuntu/slam_project/agv2_ws/src/myagv_teleop', 'symlink_install': True, 'test_result_base': None}
[1.434s] Level 5:colcon.colcon_core.verb:set package 'ydlidar_ros2_driver' build argument 'cmake_args' from command line to 'None'
[1.434s] Level 5:colcon.colcon_core.verb:set package 'ydlidar_ros2_driver' build argument 'cmake_target' from command line to 'None'
[1.435s] Level 5:colcon.colcon_core.verb:set package 'ydlidar_ros2_driver' build argument 'cmake_target_skip_unavailable' from command line to 'False'
[1.435s] Level 5:colcon.colcon_core.verb:set package 'ydlidar_ros2_driver' build argument 'cmake_clean_cache' from command line to 'False'
[1.435s] Level 5:colcon.colcon_core.verb:set package 'ydlidar_ros2_driver' build argument 'cmake_clean_first' from command line to 'False'
[1.435s] Level 5:colcon.colcon_core.verb:set package 'ydlidar_ros2_driver' build argument 'cmake_force_configure' from command line to 'False'
[1.435s] Level 5:colcon.colcon_core.verb:set package 'ydlidar_ros2_driver' build argument 'ament_cmake_args' from command line to 'None'
[1.435s] Level 5:colcon.colcon_core.verb:set package 'ydlidar_ros2_driver' build argument 'catkin_cmake_args' from command line to 'None'
[1.435s] Level 5:colcon.colcon_core.verb:set package 'ydlidar_ros2_driver' build argument 'catkin_skip_building_tests' from command line to 'False'
[1.435s] DEBUG:colcon.colcon_core.verb:Building package 'ydlidar_ros2_driver' with the following arguments: {'ament_cmake_args': None, 'build_base': '/home/ubuntu/slam_project/agv2_ws/build/ydlidar_ros2_driver', 'catkin_cmake_args': None, 'catkin_skip_building_tests': False, 'cmake_args': None, 'cmake_clean_cache': False, 'cmake_clean_first': False, 'cmake_force_configure': False, 'cmake_target': None, 'cmake_target_skip_unavailable': False, 'install_base': '/home/ubuntu/slam_project/agv2_ws/install/ydlidar_ros2_driver', 'merge_install': False, 'path': '/home/ubuntu/slam_project/agv2_ws/src/ydlidar_ros2_driver', 'symlink_install': True, 'test_result_base': None}
[1.436s] INFO:colcon.colcon_core.executor:Executing jobs using 'parallel' executor
[1.439s] DEBUG:colcon.colcon_parallel_executor.executor.parallel:run_until_complete
[1.440s] INFO:colcon.colcon_ros.task.ament_cmake.build:Building ROS package in '/home/ubuntu/slam_project/agv2_ws/src/agv_bringup' with build type 'ament_cmake'
[1.441s] INFO:colcon.colcon_cmake.task.cmake.build:Building CMake package in '/home/ubuntu/slam_project/agv2_ws/src/agv_bringup'
[1.449s] INFO:colcon.colcon_core.plugin_system:Skipping extension 'colcon_core.shell.bat': Not used on non-Windows systems
[1.450s] INFO:colcon.colcon_core.shell:Skip shell extension 'powershell' for command environment: Not usable outside of PowerShell
[1.450s] DEBUG:colcon.colcon_core.shell:Skip shell extension 'dsv' for command environment
[1.463s] INFO:colcon.colcon_ros.task.ament_cmake.build:Building ROS package in '/home/ubuntu/slam_project/agv2_ws/src/myagv_odometry' with build type 'ament_cmake'
[1.464s] INFO:colcon.colcon_cmake.task.cmake.build:Building CMake package in '/home/ubuntu/slam_project/agv2_ws/src/myagv_odometry'
[1.465s] INFO:colcon.colcon_core.shell:Skip shell extension 'powershell' for command environment: Not usable outside of PowerShell
[1.466s] DEBUG:colcon.colcon_core.shell:Skip shell extension 'dsv' for command environment
[1.478s] INFO:colcon.colcon_ros.task.ament_python.build:Building ROS package in '/home/ubuntu/slam_project/agv2_ws/src/myagv_teleop' with build type 'ament_python'
[1.479s] Level 1:colcon.colcon_core.shell:create_environment_hook('myagv_teleop', 'ament_prefix_path')
[1.481s] INFO:colcon.colcon_core.shell:Creating environment hook '/home/ubuntu/slam_project/agv2_ws/install/myagv_teleop/share/myagv_teleop/hook/ament_prefix_path.ps1'
[1.484s] INFO:colcon.colcon_core.shell:Creating environment descriptor '/home/ubuntu/slam_project/agv2_ws/install/myagv_teleop/share/myagv_teleop/hook/ament_prefix_path.dsv'
[1.487s] INFO:colcon.colcon_core.shell:Creating environment hook '/home/ubuntu/slam_project/agv2_ws/install/myagv_teleop/share/myagv_teleop/hook/ament_prefix_path.sh'
[1.491s] INFO:colcon.colcon_core.shell:Skip shell extension 'powershell' for command environment: Not usable outside of PowerShell
[1.491s] DEBUG:colcon.colcon_core.shell:Skip shell extension 'dsv' for command environment
[1.502s] INFO:colcon.colcon_ros.task.ament_cmake.build:Building ROS package in '/home/ubuntu/slam_project/agv2_ws/src/ydlidar_ros2_driver' with build type 'ament_cmake'
[1.503s] INFO:colcon.colcon_cmake.task.cmake.build:Building CMake package in '/home/ubuntu/slam_project/agv2_ws/src/ydlidar_ros2_driver'
[1.504s] INFO:colcon.colcon_core.shell:Skip shell extension 'powershell' for command environment: Not usable outside of PowerShell
[1.505s] DEBUG:colcon.colcon_core.shell:Skip shell extension 'dsv' for command environment
[1.540s] DEBUG:colcon.colcon_core.event_handler.log_command:Invoking command in '/home/ubuntu/slam_project/agv2_ws/build/agv_bringup': CMAKE_PREFIX_PATH=/opt/ros/humble /usr/bin/cmake --build /home/ubuntu/slam_project/agv2_ws/build/agv_bringup -- -j4 -l4
[1.556s] DEBUG:colcon.colcon_core.event_handler.log_command:Invoking command in '/home/ubuntu/slam_project/agv2_ws/build/myagv_odometry': CMAKE_PREFIX_PATH=/opt/ros/humble /usr/bin/cmake --build /home/ubuntu/slam_project/agv2_ws/build/myagv_odometry -- -j4 -l4
[2.605s] INFO:colcon.colcon_core.task.python.build:Building Python package in '/home/ubuntu/slam_project/agv2_ws/src/myagv_teleop'
[2.606s] INFO:colcon.colcon_core.shell:Skip shell extension 'powershell' for command environment: Not usable outside of PowerShell
[2.607s] DEBUG:colcon.colcon_core.shell:Skip shell extension 'dsv' for command environment
[2.632s] DEBUG:colcon.colcon_core.event_handler.log_command:Invoked command in '/home/ubuntu/slam_project/agv2_ws/build/agv_bringup' returned '0': CMAKE_PREFIX_PATH=/opt/ros/humble /usr/bin/cmake --build /home/ubuntu/slam_project/agv2_ws/build/agv_bringup -- -j4 -l4
[2.673s] DEBUG:colcon.colcon_core.event_handler.log_command:Invoking command in '/home/ubuntu/slam_project/agv2_ws/build/agv_bringup': CMAKE_PREFIX_PATH=/opt/ros/humble /usr/bin/cmake --install /home/ubuntu/slam_project/agv2_ws/build/agv_bringup
[2.675s] DEBUG:colcon.colcon_core.event_handler.log_command:Invoked command in '/home/ubuntu/slam_project/agv2_ws/build/myagv_odometry' returned '0': CMAKE_PREFIX_PATH=/opt/ros/humble /usr/bin/cmake --build /home/ubuntu/slam_project/agv2_ws/build/myagv_odometry -- -j4 -l4
[2.686s] DEBUG:colcon.colcon_core.event_handler.log_command:Invoking command in '/home/ubuntu/slam_project/agv2_ws/build/myagv_odometry': CMAKE_PREFIX_PATH=/opt/ros/humble /usr/bin/cmake --install /home/ubuntu/slam_project/agv2_ws/build/myagv_odometry
[2.704s] DEBUG:colcon.colcon_core.event_handler.log_command:Invoking command in '/home/ubuntu/slam_project/agv2_ws/build/ydlidar_ros2_driver': CMAKE_PREFIX_PATH=/opt/ros/humble /usr/bin/cmake --build /home/ubuntu/slam_project/agv2_ws/build/ydlidar_ros2_driver -- -j4 -l4
[2.807s] Level 1:colcon.colcon_core.environment:create_environment_scripts_only(myagv_odometry)
[2.820s] DEBUG:colcon.colcon_core.event_handler.log_command:Invoked command in '/home/ubuntu/slam_project/agv2_ws/build/myagv_odometry' returned '0': CMAKE_PREFIX_PATH=/opt/ros/humble /usr/bin/cmake --install /home/ubuntu/slam_project/agv2_ws/build/myagv_odometry
[2.829s] Level 1:colcon.colcon_core.environment:checking '/home/ubuntu/slam_project/agv2_ws/install/myagv_odometry' for CMake module files
[2.833s] Level 1:colcon.colcon_core.environment:checking '/home/ubuntu/slam_project/agv2_ws/install/myagv_odometry' for CMake config files
[2.834s] Level 1:colcon.colcon_core.shell:create_environment_hook('myagv_odometry', 'cmake_prefix_path')
[2.836s] INFO:colcon.colcon_core.shell:Creating environment hook '/home/ubuntu/slam_project/agv2_ws/install/myagv_odometry/share/myagv_odometry/hook/cmake_prefix_path.ps1'
[2.839s] INFO:colcon.colcon_core.shell:Creating environment descriptor '/home/ubuntu/slam_project/agv2_ws/install/myagv_odometry/share/myagv_odometry/hook/cmake_prefix_path.dsv'
[2.841s] INFO:colcon.colcon_core.shell:Creating environment hook '/home/ubuntu/slam_project/agv2_ws/install/myagv_odometry/share/myagv_odometry/hook/cmake_prefix_path.sh'
[2.845s] Level 1:colcon.colcon_core.environment:checking '/home/ubuntu/slam_project/agv2_ws/install/myagv_odometry/lib'
[2.845s] Level 1:colcon.colcon_core.environment:checking '/home/ubuntu/slam_project/agv2_ws/install/myagv_odometry/bin'
[2.846s] Level 1:colcon.colcon_core.environment:checking '/home/ubuntu/slam_project/agv2_ws/install/myagv_odometry/lib/pkgconfig/myagv_odometry.pc'
[2.847s] Level 1:colcon.colcon_core.environment:checking '/home/ubuntu/slam_project/agv2_ws/install/myagv_odometry/lib/python3.10/site-packages'
[2.849s] Level 1:colcon.colcon_core.environment:checking '/home/ubuntu/slam_project/agv2_ws/install/myagv_odometry/bin'
[2.852s] INFO:colcon.colcon_core.shell:Creating package script '/home/ubuntu/slam_project/agv2_ws/install/myagv_odometry/share/myagv_odometry/package.ps1'
[2.858s] INFO:colcon.colcon_core.shell:Creating package descriptor '/home/ubuntu/slam_project/agv2_ws/install/myagv_odometry/share/myagv_odometry/package.dsv'
[2.861s] INFO:colcon.colcon_core.shell:Creating package script '/home/ubuntu/slam_project/agv2_ws/install/myagv_odometry/share/myagv_odometry/package.sh'
[2.865s] INFO:colcon.colcon_core.shell:Creating package script '/home/ubuntu/slam_project/agv2_ws/install/myagv_odometry/share/myagv_odometry/package.bash'
[2.870s] INFO:colcon.colcon_core.shell:Creating package script '/home/ubuntu/slam_project/agv2_ws/install/myagv_odometry/share/myagv_odometry/package.zsh'
[2.874s] Level 1:colcon.colcon_core.environment:create_file_with_runtime_dependencies(/home/ubuntu/slam_project/agv2_ws/install/myagv_odometry/share/colcon-core/packages/myagv_odometry)
[2.878s] Level 1:colcon.colcon_core.environment:create_environment_scripts_only(myagv_odometry)
[2.880s] Level 1:colcon.colcon_core.environment:checking '/home/ubuntu/slam_project/agv2_ws/install/myagv_odometry' for CMake module files
[2.883s] Level 1:colcon.colcon_core.environment:checking '/home/ubuntu/slam_project/agv2_ws/install/myagv_odometry' for CMake config files
[2.885s] Level 1:colcon.colcon_core.shell:create_environment_hook('myagv_odometry', 'cmake_prefix_path')
[2.886s] INFO:colcon.colcon_core.shell:Creating environment hook '/home/ubuntu/slam_project/agv2_ws/install/myagv_odometry/share/myagv_odometry/hook/cmake_prefix_path.ps1'
[2.889s] INFO:colcon.colcon_core.shell:Creating environment descriptor '/home/ubuntu/slam_project/agv2_ws/install/myagv_odometry/share/myagv_odometry/hook/cmake_prefix_path.dsv'
[2.892s] INFO:colcon.colcon_core.shell:Creating environment hook '/home/ubuntu/slam_project/agv2_ws/install/myagv_odometry/share/myagv_odometry/hook/cmake_prefix_path.sh'
[2.896s] Level 1:colcon.colcon_core.environment:checking '/home/ubuntu/slam_project/agv2_ws/install/myagv_odometry/lib'
[2.896s] Level 1:colcon.colcon_core.environment:checking '/home/ubuntu/slam_project/agv2_ws/install/myagv_odometry/bin'
[2.897s] Level 1:colcon.colcon_core.environment:checking '/home/ubuntu/slam_project/agv2_ws/install/myagv_odometry/lib/pkgconfig/myagv_odometry.pc'
[2.898s] Level 1:colcon.colcon_core.environment:checking '/home/ubuntu/slam_project/agv2_ws/install/myagv_odometry/lib/python3.10/site-packages'
[2.900s] Level 1:colcon.colcon_core.environment:checking '/home/ubuntu/slam_project/agv2_ws/install/myagv_odometry/bin'
[2.902s] INFO:colcon.colcon_core.shell:Creating package script '/home/ubuntu/slam_project/agv2_ws/install/myagv_odometry/share/myagv_odometry/package.ps1'
[2.907s] INFO:colcon.colcon_core.shell:Creating package descriptor '/home/ubuntu/slam_project/agv2_ws/install/myagv_odometry/share/myagv_odometry/package.dsv'
[2.910s] INFO:colcon.colcon_core.shell:Creating package script '/home/ubuntu/slam_project/agv2_ws/install/myagv_odometry/share/myagv_odometry/package.sh'
[2.913s] INFO:colcon.colcon_core.shell:Creating package script '/home/ubuntu/slam_project/agv2_ws/install/myagv_odometry/share/myagv_odometry/package.bash'
[2.917s] INFO:colcon.colcon_core.shell:Creating package script '/home/ubuntu/slam_project/agv2_ws/install/myagv_odometry/share/myagv_odometry/package.zsh'
[2.920s] Level 1:colcon.colcon_core.environment:create_file_with_runtime_dependencies(/home/ubuntu/slam_project/agv2_ws/install/myagv_odometry/share/colcon-core/packages/myagv_odometry)
[2.926s] Level 1:colcon.colcon_core.environment:create_environment_scripts_only(agv_bringup)
[2.928s] Level 1:colcon.colcon_core.environment:checking '/home/ubuntu/slam_project/agv2_ws/install/agv_bringup' for CMake module files
[2.930s] DEBUG:colcon.colcon_core.event_handler.log_command:Invoked command in '/home/ubuntu/slam_project/agv2_ws/build/agv_bringup' returned '0': CMAKE_PREFIX_PATH=/opt/ros/humble /usr/bin/cmake --install /home/ubuntu/slam_project/agv2_ws/build/agv_bringup
[2.933s] Level 1:colcon.colcon_core.environment:checking '/home/ubuntu/slam_project/agv2_ws/install/agv_bringup' for CMake config files
[2.935s] Level 1:colcon.colcon_core.shell:create_environment_hook('agv_bringup', 'cmake_prefix_path')
[2.936s] INFO:colcon.colcon_core.shell:Creating environment hook '/home/ubuntu/slam_project/agv2_ws/install/agv_bringup/share/agv_bringup/hook/cmake_prefix_path.ps1'
[2.941s] INFO:colcon.colcon_core.shell:Creating environment descriptor '/home/ubuntu/slam_project/agv2_ws/install/agv_bringup/share/agv_bringup/hook/cmake_prefix_path.dsv'
[2.946s] INFO:colcon.colcon_core.shell:Creating environment hook '/home/ubuntu/slam_project/agv2_ws/install/agv_bringup/share/agv_bringup/hook/cmake_prefix_path.sh'
[2.952s] Level 1:colcon.colcon_core.environment:checking '/home/ubuntu/slam_project/agv2_ws/install/agv_bringup/bin'
[2.953s] Level 1:colcon.colcon_core.environment:checking '/home/ubuntu/slam_project/agv2_ws/install/agv_bringup/lib/pkgconfig/agv_bringup.pc'
[2.954s] Level 1:colcon.colcon_core.environment:checking '/home/ubuntu/slam_project/agv2_ws/install/agv_bringup/lib/python3.10/site-packages'
[2.957s] Level 1:colcon.colcon_core.environment:checking '/home/ubuntu/slam_project/agv2_ws/install/agv_bringup/bin'
[2.959s] INFO:colcon.colcon_core.shell:Creating package script '/home/ubuntu/slam_project/agv2_ws/install/agv_bringup/share/agv_bringup/package.ps1'
[2.964s] INFO:colcon.colcon_core.shell:Creating package descriptor '/home/ubuntu/slam_project/agv2_ws/install/agv_bringup/share/agv_bringup/package.dsv'
[2.967s] INFO:colcon.colcon_core.shell:Creating package script '/home/ubuntu/slam_project/agv2_ws/install/agv_bringup/share/agv_bringup/package.sh'
[2.971s] INFO:colcon.colcon_core.shell:Creating package script '/home/ubuntu/slam_project/agv2_ws/install/agv_bringup/share/agv_bringup/package.bash'
[2.974s] INFO:colcon.colcon_core.shell:Creating package script '/home/ubuntu/slam_project/agv2_ws/install/agv_bringup/share/agv_bringup/package.zsh'
[2.977s] Level 1:colcon.colcon_core.environment:create_file_with_runtime_dependencies(/home/ubuntu/slam_project/agv2_ws/install/agv_bringup/share/colcon-core/packages/agv_bringup)
[2.982s] Level 1:colcon.colcon_core.environment:create_environment_scripts_only(agv_bringup)
[2.983s] Level 1:colcon.colcon_core.environment:checking '/home/ubuntu/slam_project/agv2_ws/install/agv_bringup' for CMake module files
[2.986s] Level 1:colcon.colcon_core.environment:checking '/home/ubuntu/slam_project/agv2_ws/install/agv_bringup' for CMake config files
[2.988s] Level 1:colcon.colcon_core.shell:create_environment_hook('agv_bringup', 'cmake_prefix_path')
[2.989s] INFO:colcon.colcon_core.shell:Creating environment hook '/home/ubuntu/slam_project/agv2_ws/install/agv_bringup/share/agv_bringup/hook/cmake_prefix_path.ps1'
[2.991s] INFO:colcon.colcon_core.shell:Creating environment descriptor '/home/ubuntu/slam_project/agv2_ws/install/agv_bringup/share/agv_bringup/hook/cmake_prefix_path.dsv'
[2.993s] INFO:colcon.colcon_core.shell:Creating environment hook '/home/ubuntu/slam_project/agv2_ws/install/agv_bringup/share/agv_bringup/hook/cmake_prefix_path.sh'
[2.998s] Level 1:colcon.colcon_core.environment:checking '/home/ubuntu/slam_project/agv2_ws/install/agv_bringup/bin'
[2.998s] Level 1:colcon.colcon_core.environment:checking '/home/ubuntu/slam_project/agv2_ws/install/agv_bringup/lib/pkgconfig/agv_bringup.pc'
[2.999s] Level 1:colcon.colcon_core.environment:checking '/home/ubuntu/slam_project/agv2_ws/install/agv_bringup/lib/python3.10/site-packages'
[3.001s] Level 1:colcon.colcon_core.environment:checking '/home/ubuntu/slam_project/agv2_ws/install/agv_bringup/bin'
[3.003s] INFO:colcon.colcon_core.shell:Creating package script '/home/ubuntu/slam_project/agv2_ws/install/agv_bringup/share/agv_bringup/package.ps1'
[3.007s] INFO:colcon.colcon_core.shell:Creating package descriptor '/home/ubuntu/slam_project/agv2_ws/install/agv_bringup/share/agv_bringup/package.dsv'
[3.010s] INFO:colcon.colcon_core.shell:Creating package script '/home/ubuntu/slam_project/agv2_ws/install/agv_bringup/share/agv_bringup/package.sh'
[3.014s] INFO:colcon.colcon_core.shell:Creating package script '/home/ubuntu/slam_project/agv2_ws/install/agv_bringup/share/agv_bringup/package.bash'
[3.018s] INFO:colcon.colcon_core.shell:Creating package script '/home/ubuntu/slam_project/agv2_ws/install/agv_bringup/share/agv_bringup/package.zsh'
[3.021s] Level 1:colcon.colcon_core.environment:create_file_with_runtime_dependencies(/home/ubuntu/slam_project/agv2_ws/install/agv_bringup/share/colcon-core/packages/agv_bringup)
[3.129s] DEBUG:colcon.colcon_core.event_handler.log_command:Invoked command in '/home/ubuntu/slam_project/agv2_ws/build/ydlidar_ros2_driver' returned '0': CMAKE_PREFIX_PATH=/opt/ros/humble /usr/bin/cmake --build /home/ubuntu/slam_project/agv2_ws/build/ydlidar_ros2_driver -- -j4 -l4
[3.137s] DEBUG:colcon.colcon_core.event_handler.log_command:Invoking command in '/home/ubuntu/slam_project/agv2_ws/build/ydlidar_ros2_driver': CMAKE_PREFIX_PATH=/opt/ros/humble /usr/bin/cmake --install /home/ubuntu/slam_project/agv2_ws/build/ydlidar_ros2_driver
[3.250s] Level 1:colcon.colcon_core.environment:create_environment_scripts_only(ydlidar_ros2_driver)
[3.251s] Level 1:colcon.colcon_core.environment:checking '/home/ubuntu/slam_project/agv2_ws/install/ydlidar_ros2_driver' for CMake module files
[3.253s] DEBUG:colcon.colcon_core.event_handler.log_command:Invoked command in '/home/ubuntu/slam_project/agv2_ws/build/ydlidar_ros2_driver' returned '0': CMAKE_PREFIX_PATH=/opt/ros/humble /usr/bin/cmake --install /home/ubuntu/slam_project/agv2_ws/build/ydlidar_ros2_driver
[3.256s] Level 1:colcon.colcon_core.environment:checking '/home/ubuntu/slam_project/agv2_ws/install/ydlidar_ros2_driver' for CMake config files
[3.259s] Level 1:colcon.colcon_core.shell:create_environment_hook('ydlidar_ros2_driver', 'cmake_prefix_path')
[3.260s] INFO:colcon.colcon_core.shell:Creating environment hook '/home/ubuntu/slam_project/agv2_ws/install/ydlidar_ros2_driver/share/ydlidar_ros2_driver/hook/cmake_prefix_path.ps1'
[3.262s] INFO:colcon.colcon_core.shell:Creating environment descriptor '/home/ubuntu/slam_project/agv2_ws/install/ydlidar_ros2_driver/share/ydlidar_ros2_driver/hook/cmake_prefix_path.dsv'
[3.264s] INFO:colcon.colcon_core.shell:Creating environment hook '/home/ubuntu/slam_project/agv2_ws/install/ydlidar_ros2_driver/share/ydlidar_ros2_driver/hook/cmake_prefix_path.sh'
[3.267s] Level 1:colcon.colcon_core.environment:checking '/home/ubuntu/slam_project/agv2_ws/install/ydlidar_ros2_driver/lib'
[3.268s] Level 1:colcon.colcon_core.environment:checking '/home/ubuntu/slam_project/agv2_ws/install/ydlidar_ros2_driver/bin'
[3.268s] Level 1:colcon.colcon_core.environment:checking '/home/ubuntu/slam_project/agv2_ws/install/ydlidar_ros2_driver/lib/pkgconfig/ydlidar_ros2_driver.pc'
[3.269s] Level 1:colcon.colcon_core.environment:checking '/home/ubuntu/slam_project/agv2_ws/install/ydlidar_ros2_driver/lib/python3.10/site-packages'
[3.271s] Level 1:colcon.colcon_core.environment:checking '/home/ubuntu/slam_project/agv2_ws/install/ydlidar_ros2_driver/bin'
[3.272s] INFO:colcon.colcon_core.shell:Creating package script '/home/ubuntu/slam_project/agv2_ws/install/ydlidar_ros2_driver/share/ydlidar_ros2_driver/package.ps1'
[3.275s] INFO:colcon.colcon_core.shell:Creating package descriptor '/home/ubuntu/slam_project/agv2_ws/install/ydlidar_ros2_driver/share/ydlidar_ros2_driver/package.dsv'
[3.277s] INFO:colcon.colcon_core.shell:Creating package script '/home/ubuntu/slam_project/agv2_ws/install/ydlidar_ros2_driver/share/ydlidar_ros2_driver/package.sh'
[3.279s] INFO:colcon.colcon_core.shell:Creating package script '/home/ubuntu/slam_project/agv2_ws/install/ydlidar_ros2_driver/share/ydlidar_ros2_driver/package.bash'
[3.282s] INFO:colcon.colcon_core.shell:Creating package script '/home/ubuntu/slam_project/agv2_ws/install/ydlidar_ros2_driver/share/ydlidar_ros2_driver/package.zsh'
[3.284s] Level 1:colcon.colcon_core.environment:create_file_with_runtime_dependencies(/home/ubuntu/slam_project/agv2_ws/install/ydlidar_ros2_driver/share/colcon-core/packages/ydlidar_ros2_driver)
[3.287s] Level 1:colcon.colcon_core.environment:create_environment_scripts_only(ydlidar_ros2_driver)
[3.288s] Level 1:colcon.colcon_core.environment:checking '/home/ubuntu/slam_project/agv2_ws/install/ydlidar_ros2_driver' for CMake module files
[3.291s] Level 1:colcon.colcon_core.environment:checking '/home/ubuntu/slam_project/agv2_ws/install/ydlidar_ros2_driver' for CMake config files
[3.293s] Level 1:colcon.colcon_core.shell:create_environment_hook('ydlidar_ros2_driver', 'cmake_prefix_path')
[3.294s] INFO:colcon.colcon_core.shell:Creating environment hook '/home/ubuntu/slam_project/agv2_ws/install/ydlidar_ros2_driver/share/ydlidar_ros2_driver/hook/cmake_prefix_path.ps1'
[3.297s] INFO:colcon.colcon_core.shell:Creating environment descriptor '/home/ubuntu/slam_project/agv2_ws/install/ydlidar_ros2_driver/share/ydlidar_ros2_driver/hook/cmake_prefix_path.dsv'
[3.299s] INFO:colcon.colcon_core.shell:Creating environment hook '/home/ubuntu/slam_project/agv2_ws/install/ydlidar_ros2_driver/share/ydlidar_ros2_driver/hook/cmake_prefix_path.sh'
[3.302s] Level 1:colcon.colcon_core.environment:checking '/home/ubuntu/slam_project/agv2_ws/install/ydlidar_ros2_driver/lib'
[3.302s] Level 1:colcon.colcon_core.environment:checking '/home/ubuntu/slam_project/agv2_ws/install/ydlidar_ros2_driver/bin'
[3.302s] Level 1:colcon.colcon_core.environment:checking '/home/ubuntu/slam_project/agv2_ws/install/ydlidar_ros2_driver/lib/pkgconfig/ydlidar_ros2_driver.pc'
[3.303s] Level 1:colcon.colcon_core.environment:checking '/home/ubuntu/slam_project/agv2_ws/install/ydlidar_ros2_driver/lib/python3.10/site-packages'
[3.305s] Level 1:colcon.colcon_core.environment:checking '/home/ubuntu/slam_project/agv2_ws/install/ydlidar_ros2_driver/bin'
[3.306s] INFO:colcon.colcon_core.shell:Creating package script '/home/ubuntu/slam_project/agv2_ws/install/ydlidar_ros2_driver/share/ydlidar_ros2_driver/package.ps1'
[3.310s] INFO:colcon.colcon_core.shell:Creating package descriptor '/home/ubuntu/slam_project/agv2_ws/install/ydlidar_ros2_driver/share/ydlidar_ros2_driver/package.dsv'
[3.312s] INFO:colcon.colcon_core.shell:Creating package script '/home/ubuntu/slam_project/agv2_ws/install/ydlidar_ros2_driver/share/ydlidar_ros2_driver/package.sh'
[3.314s] INFO:colcon.colcon_core.shell:Creating package script '/home/ubuntu/slam_project/agv2_ws/install/ydlidar_ros2_driver/share/ydlidar_ros2_driver/package.bash'
[3.317s] INFO:colcon.colcon_core.shell:Creating package script '/home/ubuntu/slam_project/agv2_ws/install/ydlidar_ros2_driver/share/ydlidar_ros2_driver/package.zsh'
[3.319s] Level 1:colcon.colcon_core.environment:create_file_with_runtime_dependencies(/home/ubuntu/slam_project/agv2_ws/install/ydlidar_ros2_driver/share/colcon-core/packages/ydlidar_ros2_driver)
[4.305s] DEBUG:colcon.colcon_core.event_handler.log_command:Invoking command in '/home/ubuntu/slam_project/agv2_ws/build/myagv_teleop': PYTHONPATH=/home/ubuntu/slam_project/agv2_ws/build/myagv_teleop/prefix_override:/usr/lib/python3/dist-packages/colcon_core/task/python/colcon_distutils_commands:/home/ubuntu/slam_project/agv2_ws/install/myagv_teleop/lib/python3.10/site-packages:${PYTHONPATH} /usr/bin/python3 -W ignore:setup.py install is deprecated -W ignore:easy_install command is deprecated setup.py develop --editable --build-directory /home/ubuntu/slam_project/agv2_ws/build/myagv_teleop/build --no-deps symlink_data
[5.987s] Level 1:colcon.colcon_core.shell:create_environment_hook('myagv_teleop', 'pythonpath_develop')
[5.988s] INFO:colcon.colcon_core.shell:Creating environment hook '/home/ubuntu/slam_project/agv2_ws/build/myagv_teleop/share/myagv_teleop/hook/pythonpath_develop.ps1'
[5.990s] DEBUG:colcon.colcon_core.event_handler.log_command:Invoked command in '/home/ubuntu/slam_project/agv2_ws/build/myagv_teleop' returned '0': PYTHONPATH=/home/ubuntu/slam_project/agv2_ws/build/myagv_teleop/prefix_override:/usr/lib/python3/dist-packages/colcon_core/task/python/colcon_distutils_commands:/home/ubuntu/slam_project/agv2_ws/install/myagv_teleop/lib/python3.10/site-packages:${PYTHONPATH} /usr/bin/python3 -W ignore:setup.py install is deprecated -W ignore:easy_install command is deprecated setup.py develop --editable --build-directory /home/ubuntu/slam_project/agv2_ws/build/myagv_teleop/build --no-deps symlink_data
[5.992s] INFO:colcon.colcon_core.shell:Creating environment descriptor '/home/ubuntu/slam_project/agv2_ws/build/myagv_teleop/share/myagv_teleop/hook/pythonpath_develop.dsv'
[5.993s] INFO:colcon.colcon_core.shell:Creating environment hook '/home/ubuntu/slam_project/agv2_ws/build/myagv_teleop/share/myagv_teleop/hook/pythonpath_develop.sh'
[5.996s] Level 1:colcon.colcon_core.environment:checking '/home/ubuntu/slam_project/agv2_ws/install/myagv_teleop' for CMake module files
[5.999s] Level 1:colcon.colcon_core.environment:checking '/home/ubuntu/slam_project/agv2_ws/install/myagv_teleop' for CMake config files
[6.001s] Level 1:colcon.colcon_core.environment:checking '/home/ubuntu/slam_project/agv2_ws/install/myagv_teleop/lib'
[6.002s] Level 1:colcon.colcon_core.environment:checking '/home/ubuntu/slam_project/agv2_ws/install/myagv_teleop/bin'
[6.002s] Level 1:colcon.colcon_core.environment:checking '/home/ubuntu/slam_project/agv2_ws/install/myagv_teleop/lib/pkgconfig/myagv_teleop.pc'
[6.003s] Level 1:colcon.colcon_core.environment:checking '/home/ubuntu/slam_project/agv2_ws/install/myagv_teleop/lib/python3.10/site-packages'
[6.003s] Level 1:colcon.colcon_core.shell:create_environment_hook('myagv_teleop', 'pythonpath')
[6.004s] INFO:colcon.colcon_core.shell:Creating environment hook '/home/ubuntu/slam_project/agv2_ws/install/myagv_teleop/share/myagv_teleop/hook/pythonpath.ps1'
[6.006s] INFO:colcon.colcon_core.shell:Creating environment descriptor '/home/ubuntu/slam_project/agv2_ws/install/myagv_teleop/share/myagv_teleop/hook/pythonpath.dsv'
[6.008s] INFO:colcon.colcon_core.shell:Creating environment hook '/home/ubuntu/slam_project/agv2_ws/install/myagv_teleop/share/myagv_teleop/hook/pythonpath.sh'
[6.011s] Level 1:colcon.colcon_core.environment:checking '/home/ubuntu/slam_project/agv2_ws/install/myagv_teleop/bin'
[6.012s] Level 1:colcon.colcon_core.environment:create_environment_scripts_only(myagv_teleop)
[6.013s] INFO:colcon.colcon_core.shell:Creating package script '/home/ubuntu/slam_project/agv2_ws/install/myagv_teleop/share/myagv_teleop/package.ps1'
[6.016s] INFO:colcon.colcon_core.shell:Creating package descriptor '/home/ubuntu/slam_project/agv2_ws/install/myagv_teleop/share/myagv_teleop/package.dsv'
[6.019s] INFO:colcon.colcon_core.shell:Creating package script '/home/ubuntu/slam_project/agv2_ws/install/myagv_teleop/share/myagv_teleop/package.sh'
[6.021s] INFO:colcon.colcon_core.shell:Creating package script '/home/ubuntu/slam_project/agv2_ws/install/myagv_teleop/share/myagv_teleop/package.bash'
[6.023s] INFO:colcon.colcon_core.shell:Creating package script '/home/ubuntu/slam_project/agv2_ws/install/myagv_teleop/share/myagv_teleop/package.zsh'
[6.025s] Level 1:colcon.colcon_core.environment:create_file_with_runtime_dependencies(/home/ubuntu/slam_project/agv2_ws/install/myagv_teleop/share/colcon-core/packages/myagv_teleop)
[6.026s] DEBUG:colcon.colcon_parallel_executor.executor.parallel:closing loop
[6.028s] DEBUG:colcon.colcon_parallel_executor.executor.parallel:loop closed
[6.028s] DEBUG:colcon.colcon_parallel_executor.executor.parallel:run_until_complete finished with '0'
[6.029s] DEBUG:colcon.colcon_core.event_reactor:joining thread
[6.031s] DEBUG:colcon.colcon_core.event_reactor:joined thread
[6.032s] INFO:colcon.colcon_core.shell:Creating prefix script '/home/ubuntu/slam_project/agv2_ws/install/local_setup.ps1'
[6.036s] INFO:colcon.colcon_core.shell:Creating prefix util module '/home/ubuntu/slam_project/agv2_ws/install/_local_setup_util_ps1.py'
[6.042s] INFO:colcon.colcon_core.shell:Creating prefix chain script '/home/ubuntu/slam_project/agv2_ws/install/setup.ps1'
[6.047s] INFO:colcon.colcon_core.shell:Creating prefix script '/home/ubuntu/slam_project/agv2_ws/install/local_setup.sh'
[6.050s] INFO:colcon.colcon_core.shell:Creating prefix util module '/home/ubuntu/slam_project/agv2_ws/install/_local_setup_util_sh.py'
[6.053s] INFO:colcon.colcon_core.shell:Creating prefix chain script '/home/ubuntu/slam_project/agv2_ws/install/setup.sh'
[6.057s] INFO:colcon.colcon_core.shell:Creating prefix script '/home/ubuntu/slam_project/agv2_ws/install/local_setup.bash'
[6.059s] INFO:colcon.colcon_core.shell:Creating prefix chain script '/home/ubuntu/slam_project/agv2_ws/install/setup.bash'
[6.063s] INFO:colcon.colcon_core.shell:Creating prefix script '/home/ubuntu/slam_project/agv2_ws/install/local_setup.zsh'
[6.065s] INFO:colcon.colcon_core.shell:Creating prefix chain script '/home/ubuntu/slam_project/agv2_ws/install/setup.zsh'
