[0.091s] Invoking command in '/home/ubuntu/slam_project/agv2_ws/build/myagv_odometry': CMAKE_PREFIX_PATH=/opt/ros/humble /usr/bin/cmake --build /home/ubuntu/slam_project/agv2_ws/build/myagv_odometry -- -j4 -l4
[1.163s] [100%] Built target myagv_odometry_node
[1.211s] Invoked command in '/home/ubuntu/slam_project/agv2_ws/build/myagv_odometry' returned '0': CMAKE_PREFIX_PATH=/opt/ros/humble /usr/bin/cmake --build /home/ubuntu/slam_project/agv2_ws/build/myagv_odometry -- -j4 -l4
[1.221s] Invoking command in '/home/ubuntu/slam_project/agv2_ws/build/myagv_odometry': CMAKE_PREFIX_PATH=/opt/ros/humble /usr/bin/cmake --install /home/ubuntu/slam_project/agv2_ws/build/myagv_odometry
[1.258s] -- Install configuration: ""
[1.259s] -- Execute custom install script
[1.264s] -- Up-to-date symlink: /home/ubuntu/slam_project/agv2_ws/install/myagv_odometry/lib/myagv_odometry/myagv_odometry_node
[1.266s] -- Up-to-date symlink: /home/ubuntu/slam_project/agv2_ws/install/myagv_odometry/include/myagv_odometry/myAGV.hpp
[1.269s] -- Up-to-date symlink: /home/ubuntu/slam_project/agv2_ws/install/myagv_odometry/share/ament_index/resource_index/package_run_dependencies/myagv_odometry
[1.276s] -- Up-to-date symlink: /home/ubuntu/slam_project/agv2_ws/install/myagv_odometry/share/ament_index/resource_index/parent_prefix_path/myagv_odometry
[1.281s] -- Up-to-date symlink: /home/ubuntu/slam_project/agv2_ws/install/myagv_odometry/share/myagv_odometry/environment/ament_prefix_path.sh
[1.282s] -- Up-to-date symlink: /home/ubuntu/slam_project/agv2_ws/install/myagv_odometry/share/myagv_odometry/environment/ament_prefix_path.dsv
[1.282s] -- Up-to-date symlink: /home/ubuntu/slam_project/agv2_ws/install/myagv_odometry/share/myagv_odometry/environment/path.sh
[1.283s] -- Up-to-date symlink: /home/ubuntu/slam_project/agv2_ws/install/myagv_odometry/share/myagv_odometry/environment/path.dsv
[1.284s] -- Up-to-date symlink: /home/ubuntu/slam_project/agv2_ws/install/myagv_odometry/share/myagv_odometry/local_setup.bash
[1.285s] -- Up-to-date symlink: /home/ubuntu/slam_project/agv2_ws/install/myagv_odometry/share/myagv_odometry/local_setup.sh
[1.286s] -- Up-to-date symlink: /home/ubuntu/slam_project/agv2_ws/install/myagv_odometry/share/myagv_odometry/local_setup.zsh
[1.289s] -- Up-to-date symlink: /home/ubuntu/slam_project/agv2_ws/install/myagv_odometry/share/myagv_odometry/local_setup.dsv
[1.290s] -- Symlinking: /home/ubuntu/slam_project/agv2_ws/install/myagv_odometry/share/myagv_odometry/package.dsv
[1.325s] -- Up-to-date symlink: /home/ubuntu/slam_project/agv2_ws/install/myagv_odometry/share/ament_index/resource_index/packages/myagv_odometry
[1.336s] -- Up-to-date symlink: /home/ubuntu/slam_project/agv2_ws/install/myagv_odometry/share/myagv_odometry/cmake/myagv_odometryConfig.cmake
[1.342s] -- Up-to-date symlink: /home/ubuntu/slam_project/agv2_ws/install/myagv_odometry/share/myagv_odometry/cmake/myagv_odometryConfig-version.cmake
[1.350s] -- Up-to-date symlink: /home/ubuntu/slam_project/agv2_ws/install/myagv_odometry/share/myagv_odometry/package.xml
[1.355s] Invoked command in '/home/ubuntu/slam_project/agv2_ws/build/myagv_odometry' returned '0': CMAKE_PREFIX_PATH=/opt/ros/humble /usr/bin/cmake --install /home/ubuntu/slam_project/agv2_ws/build/myagv_odometry
