[100%] Built target myagv_odometry_node
-- Install configuration: ""
-- Execute custom install script
-- Up-to-date symlink: /home/ubuntu/slam_project/agv2_ws/install/myagv_odometry/lib/myagv_odometry/myagv_odometry_node
-- Up-to-date symlink: /home/ubuntu/slam_project/agv2_ws/install/myagv_odometry/include/myagv_odometry/myAGV.hpp
-- Up-to-date symlink: /home/ubuntu/slam_project/agv2_ws/install/myagv_odometry/share/ament_index/resource_index/package_run_dependencies/myagv_odometry
-- Up-to-date symlink: /home/ubuntu/slam_project/agv2_ws/install/myagv_odometry/share/ament_index/resource_index/parent_prefix_path/myagv_odometry
-- Up-to-date symlink: /home/ubuntu/slam_project/agv2_ws/install/myagv_odometry/share/myagv_odometry/environment/ament_prefix_path.sh
-- Up-to-date symlink: /home/ubuntu/slam_project/agv2_ws/install/myagv_odometry/share/myagv_odometry/environment/ament_prefix_path.dsv
-- Up-to-date symlink: /home/ubuntu/slam_project/agv2_ws/install/myagv_odometry/share/myagv_odometry/environment/path.sh
-- Up-to-date symlink: /home/ubuntu/slam_project/agv2_ws/install/myagv_odometry/share/myagv_odometry/environment/path.dsv
-- Up-to-date symlink: /home/ubuntu/slam_project/agv2_ws/install/myagv_odometry/share/myagv_odometry/local_setup.bash
-- Up-to-date symlink: /home/ubuntu/slam_project/agv2_ws/install/myagv_odometry/share/myagv_odometry/local_setup.sh
-- Up-to-date symlink: /home/ubuntu/slam_project/agv2_ws/install/myagv_odometry/share/myagv_odometry/local_setup.zsh
-- Up-to-date symlink: /home/ubuntu/slam_project/agv2_ws/install/myagv_odometry/share/myagv_odometry/local_setup.dsv
-- Symlinking: /home/ubuntu/slam_project/agv2_ws/install/myagv_odometry/share/myagv_odometry/package.dsv
-- Up-to-date symlink: /home/ubuntu/slam_project/agv2_ws/install/myagv_odometry/share/ament_index/resource_index/packages/myagv_odometry
-- Up-to-date symlink: /home/ubuntu/slam_project/agv2_ws/install/myagv_odometry/share/myagv_odometry/cmake/myagv_odometryConfig.cmake
-- Up-to-date symlink: /home/ubuntu/slam_project/agv2_ws/install/myagv_odometry/share/myagv_odometry/cmake/myagv_odometryConfig-version.cmake
-- Up-to-date symlink: /home/ubuntu/slam_project/agv2_ws/install/myagv_odometry/share/myagv_odometry/package.xml
