[0.095s] Invoking command in '/home/ubuntu/slam_project/agv2_ws/build/myagv_odometry': CMAKE_PREFIX_PATH=/opt/ros/humble /usr/bin/cmake --build /home/ubuntu/slam_project/agv2_ws/build/myagv_odometry -- -j4 -l4
[1.164s] [100%] Built target myagv_odometry_node
[1.169s] Invoked command in '/home/ubuntu/slam_project/agv2_ws/build/myagv_odometry' returned '0': CMAKE_PREFIX_PATH=/opt/ros/humble /usr/bin/cmake --build /home/ubuntu/slam_project/agv2_ws/build/myagv_odometry -- -j4 -l4
[1.209s] Invoking command in '/home/ubuntu/slam_project/agv2_ws/build/myagv_odometry': CMAKE_PREFIX_PATH=/opt/ros/humble /usr/bin/cmake --install /home/ubuntu/slam_project/agv2_ws/build/myagv_odometry
[1.250s] -- Install configuration: ""
[1.252s] -- Execute custom install script
[1.253s] -- Up-to-date symlink: /home/ubuntu/slam_project/agv2_ws/install/myagv_odometry/lib/myagv_odometry/myagv_odometry_node
[1.254s] -- Up-to-date symlink: /home/ubuntu/slam_project/agv2_ws/install/myagv_odometry/include/myagv_odometry/myAGV.hpp
[1.257s] -- Up-to-date symlink: /home/ubuntu/slam_project/agv2_ws/install/myagv_odometry/share/ament_index/resource_index/package_run_dependencies/myagv_odometry
[1.273s] -- Up-to-date symlink: /home/ubuntu/slam_project/agv2_ws/install/myagv_odometry/share/ament_index/resource_index/parent_prefix_path/myagv_odometry
[1.276s] -- Up-to-date symlink: /home/ubuntu/slam_project/agv2_ws/install/myagv_odometry/share/myagv_odometry/environment/ament_prefix_path.sh
[1.277s] -- Up-to-date symlink: /home/ubuntu/slam_project/agv2_ws/install/myagv_odometry/share/myagv_odometry/environment/ament_prefix_path.dsv
[1.279s] -- Up-to-date symlink: /home/ubuntu/slam_project/agv2_ws/install/myagv_odometry/share/myagv_odometry/environment/path.sh
[1.286s] -- Up-to-date symlink: /home/ubuntu/slam_project/agv2_ws/install/myagv_odometry/share/myagv_odometry/environment/path.dsv
[1.287s] -- Up-to-date symlink: /home/ubuntu/slam_project/agv2_ws/install/myagv_odometry/share/myagv_odometry/local_setup.bash
[1.318s] -- Up-to-date symlink: /home/ubuntu/slam_project/agv2_ws/install/myagv_odometry/share/myagv_odometry/local_setup.sh
[1.319s] -- Up-to-date symlink: /home/ubuntu/slam_project/agv2_ws/install/myagv_odometry/share/myagv_odometry/local_setup.zsh
[1.320s] -- Up-to-date symlink: /home/ubuntu/slam_project/agv2_ws/install/myagv_odometry/share/myagv_odometry/local_setup.dsv
[1.321s] -- Symlinking: /home/ubuntu/slam_project/agv2_ws/install/myagv_odometry/share/myagv_odometry/package.dsv
[1.332s] -- Up-to-date symlink: /home/ubuntu/slam_project/agv2_ws/install/myagv_odometry/share/ament_index/resource_index/packages/myagv_odometry
[1.333s] -- Up-to-date symlink: /home/ubuntu/slam_project/agv2_ws/install/myagv_odometry/share/myagv_odometry/cmake/myagv_odometryConfig.cmake
[1.336s] -- Up-to-date symlink: /home/ubuntu/slam_project/agv2_ws/install/myagv_odometry/share/myagv_odometry/cmake/myagv_odometryConfig-version.cmake
[1.339s] -- Up-to-date symlink: /home/ubuntu/slam_project/agv2_ws/install/myagv_odometry/share/myagv_odometry/package.xml
[1.355s] Invoked command in '/home/ubuntu/slam_project/agv2_ws/build/myagv_odometry' returned '0': CMAKE_PREFIX_PATH=/opt/ros/humble /usr/bin/cmake --install /home/ubuntu/slam_project/agv2_ws/build/myagv_odometry
