[0.444s] DEBUG:colcon:Command line arguments: ['/usr/bin/colcon', 'build', '--symlink-install', '--packages-select', 'agv_bringup']
[0.444s] DEBUG:colcon:Parsed command line arguments: Namespace(log_base=None, log_level=None, verb_name='build', build_base='build', install_base='install', merge_install=False, symlink_install=True, test_result_base=None, continue_on_error=False, executor='parallel', parallel_workers=4, event_handlers=None, ignore_user_meta=False, metas=['./colcon.meta'], base_paths=['.'], packages_ignore=None, packages_ignore_regex=None, paths=None, packages_up_to=None, packages_up_to_regex=None, packages_above=None, packages_above_and_dependencies=None, packages_above_depth=None, packages_select_by_dep=None, packages_skip_by_dep=None, packages_skip_up_to=None, packages_select_build_failed=False, packages_skip_build_finished=False, packages_select_test_failures=False, packages_skip_test_passed=False, packages_select=['agv_bringup'], packages_skip=None, packages_select_regex=None, packages_skip_regex=None, packages_start=None, packages_end=None, allow_overriding=[], cmake_args=None, cmake_target=None, cmake_target_skip_unavailable=False, cmake_clean_cache=False, cmake_clean_first=False, cmake_force_configure=False, ament_cmake_args=None, catkin_cmake_args=None, catkin_skip_building_tests=False, mixin_files=None, mixin=None, verb_parser=<colcon_mixin.mixin.mixin_argument.MixinArgumentDecorator object at 0xffff82d335e0>, verb_extension=<colcon_core.verb.build.BuildVerb object at 0xffff82e9c610>, main=<bound method BuildVerb.main of <colcon_core.verb.build.BuildVerb object at 0xffff82e9c610>>, mixin_verb=('build',))
[1.078s] Level 1:colcon.colcon_core.package_discovery:discover_packages(colcon_meta) check parameters
[1.079s] Level 1:colcon.colcon_core.package_discovery:discover_packages(recursive) check parameters
[1.079s] Level 1:colcon.colcon_core.package_discovery:discover_packages(ignore) check parameters
[1.080s] Level 1:colcon.colcon_core.package_discovery:discover_packages(path) check parameters
[1.080s] Level 1:colcon.colcon_core.package_discovery:discover_packages(colcon_meta) discover
[1.080s] Level 1:colcon.colcon_core.package_discovery:discover_packages(recursive) discover
[1.080s] INFO:colcon.colcon_core.package_discovery:Crawling recursively for packages in '/home/ubuntu/slam_project/agv2_ws'
[1.081s] Level 1:colcon.colcon_core.package_identification:_identify(.) by extensions ['ignore', 'ignore_ament_install']
[1.081s] Level 1:colcon.colcon_core.package_identification:_identify(.) by extension 'ignore'
[1.081s] Level 1:colcon.colcon_core.package_identification:_identify(.) by extension 'ignore_ament_install'
[1.081s] Level 1:colcon.colcon_core.package_identification:_identify(.) by extensions ['colcon_pkg']
[1.081s] Level 1:colcon.colcon_core.package_identification:_identify(.) by extension 'colcon_pkg'
[1.082s] Level 1:colcon.colcon_core.package_identification:_identify(.) by extensions ['colcon_meta']
[1.082s] Level 1:colcon.colcon_core.package_identification:_identify(.) by extension 'colcon_meta'
[1.082s] Level 1:colcon.colcon_core.package_identification:_identify(.) by extensions ['ros']
[1.082s] Level 1:colcon.colcon_core.package_identification:_identify(.) by extension 'ros'
[1.127s] Level 1:colcon.colcon_core.package_identification:_identify(.) by extensions ['cmake', 'python']
[1.127s] Level 1:colcon.colcon_core.package_identification:_identify(.) by extension 'cmake'
[1.127s] Level 1:colcon.colcon_core.package_identification:_identify(.) by extension 'python'
[1.128s] Level 1:colcon.colcon_core.package_identification:_identify(.) by extensions ['python_setup_py']
[1.128s] Level 1:colcon.colcon_core.package_identification:_identify(.) by extension 'python_setup_py'
[1.128s] Level 1:colcon.colcon_core.package_identification:_identify(build) by extensions ['ignore', 'ignore_ament_install']
[1.129s] Level 1:colcon.colcon_core.package_identification:_identify(build) by extension 'ignore'
[1.129s] Level 1:colcon.colcon_core.package_identification:_identify(build) ignored
[1.129s] Level 1:colcon.colcon_core.package_identification:_identify(install) by extensions ['ignore', 'ignore_ament_install']
[1.130s] Level 1:colcon.colcon_core.package_identification:_identify(install) by extension 'ignore'
[1.130s] Level 1:colcon.colcon_core.package_identification:_identify(install) ignored
[1.130s] Level 1:colcon.colcon_core.package_identification:_identify(log) by extensions ['ignore', 'ignore_ament_install']
[1.131s] Level 1:colcon.colcon_core.package_identification:_identify(log) by extension 'ignore'
[1.131s] Level 1:colcon.colcon_core.package_identification:_identify(log) ignored
[1.131s] Level 1:colcon.colcon_core.package_identification:_identify(src) by extensions ['ignore', 'ignore_ament_install']
[1.132s] Level 1:colcon.colcon_core.package_identification:_identify(src) by extension 'ignore'
[1.132s] Level 1:colcon.colcon_core.package_identification:_identify(src) by extension 'ignore_ament_install'
[1.132s] Level 1:colcon.colcon_core.package_identification:_identify(src) by extensions ['colcon_pkg']
[1.132s] Level 1:colcon.colcon_core.package_identification:_identify(src) by extension 'colcon_pkg'
[1.132s] Level 1:colcon.colcon_core.package_identification:_identify(src) by extensions ['colcon_meta']
[1.132s] Level 1:colcon.colcon_core.package_identification:_identify(src) by extension 'colcon_meta'
[1.133s] Level 1:colcon.colcon_core.package_identification:_identify(src) by extensions ['ros']
[1.133s] Level 1:colcon.colcon_core.package_identification:_identify(src) by extension 'ros'
[1.133s] Level 1:colcon.colcon_core.package_identification:_identify(src) by extensions ['cmake', 'python']
[1.133s] Level 1:colcon.colcon_core.package_identification:_identify(src) by extension 'cmake'
[1.133s] Level 1:colcon.colcon_core.package_identification:_identify(src) by extension 'python'
[1.133s] Level 1:colcon.colcon_core.package_identification:_identify(src) by extensions ['python_setup_py']
[1.133s] Level 1:colcon.colcon_core.package_identification:_identify(src) by extension 'python_setup_py'
[1.134s] Level 1:colcon.colcon_core.package_identification:_identify(src/agv_bringup) by extensions ['ignore', 'ignore_ament_install']
[1.134s] Level 1:colcon.colcon_core.package_identification:_identify(src/agv_bringup) by extension 'ignore'
[1.135s] Level 1:colcon.colcon_core.package_identification:_identify(src/agv_bringup) by extension 'ignore_ament_install'
[1.135s] Level 1:colcon.colcon_core.package_identification:_identify(src/agv_bringup) by extensions ['colcon_pkg']
[1.135s] Level 1:colcon.colcon_core.package_identification:_identify(src/agv_bringup) by extension 'colcon_pkg'
[1.135s] Level 1:colcon.colcon_core.package_identification:_identify(src/agv_bringup) by extensions ['colcon_meta']
[1.135s] Level 1:colcon.colcon_core.package_identification:_identify(src/agv_bringup) by extension 'colcon_meta'
[1.135s] Level 1:colcon.colcon_core.package_identification:_identify(src/agv_bringup) by extensions ['ros']
[1.135s] Level 1:colcon.colcon_core.package_identification:_identify(src/agv_bringup) by extension 'ros'
[1.149s] DEBUG:colcon.colcon_core.package_identification:Package 'src/agv_bringup' with type 'ros.ament_cmake' and name 'agv_bringup'
[1.150s] Level 1:colcon.colcon_core.package_identification:_identify(src/myagv_odometry) by extensions ['ignore', 'ignore_ament_install']
[1.150s] Level 1:colcon.colcon_core.package_identification:_identify(src/myagv_odometry) by extension 'ignore'
[1.151s] Level 1:colcon.colcon_core.package_identification:_identify(src/myagv_odometry) by extension 'ignore_ament_install'
[1.151s] Level 1:colcon.colcon_core.package_identification:_identify(src/myagv_odometry) by extensions ['colcon_pkg']
[1.151s] Level 1:colcon.colcon_core.package_identification:_identify(src/myagv_odometry) by extension 'colcon_pkg'
[1.151s] Level 1:colcon.colcon_core.package_identification:_identify(src/myagv_odometry) by extensions ['colcon_meta']
[1.151s] Level 1:colcon.colcon_core.package_identification:_identify(src/myagv_odometry) by extension 'colcon_meta'
[1.152s] Level 1:colcon.colcon_core.package_identification:_identify(src/myagv_odometry) by extensions ['ros']
[1.152s] Level 1:colcon.colcon_core.package_identification:_identify(src/myagv_odometry) by extension 'ros'
[1.155s] DEBUG:colcon.colcon_core.package_identification:Package 'src/myagv_odometry' with type 'ros.ament_cmake' and name 'myagv_odometry'
[1.156s] Level 1:colcon.colcon_core.package_identification:_identify(src/myagv_teleop) by extensions ['ignore', 'ignore_ament_install']
[1.156s] Level 1:colcon.colcon_core.package_identification:_identify(src/myagv_teleop) by extension 'ignore'
[1.157s] Level 1:colcon.colcon_core.package_identification:_identify(src/myagv_teleop) by extension 'ignore_ament_install'
[1.157s] Level 1:colcon.colcon_core.package_identification:_identify(src/myagv_teleop) by extensions ['colcon_pkg']
[1.157s] Level 1:colcon.colcon_core.package_identification:_identify(src/myagv_teleop) by extension 'colcon_pkg'
[1.157s] Level 1:colcon.colcon_core.package_identification:_identify(src/myagv_teleop) by extensions ['colcon_meta']
[1.157s] Level 1:colcon.colcon_core.package_identification:_identify(src/myagv_teleop) by extension 'colcon_meta'
[1.158s] Level 1:colcon.colcon_core.package_identification:_identify(src/myagv_teleop) by extensions ['ros']
[1.158s] Level 1:colcon.colcon_core.package_identification:_identify(src/myagv_teleop) by extension 'ros'
[1.160s] DEBUG:colcon.colcon_core.package_identification:Package 'src/myagv_teleop' with type 'ros.ament_python' and name 'myagv_teleop'
[1.161s] Level 1:colcon.colcon_core.package_identification:_identify(src/ydlidar_ros2_driver) by extensions ['ignore', 'ignore_ament_install']
[1.161s] Level 1:colcon.colcon_core.package_identification:_identify(src/ydlidar_ros2_driver) by extension 'ignore'
[1.161s] Level 1:colcon.colcon_core.package_identification:_identify(src/ydlidar_ros2_driver) by extension 'ignore_ament_install'
[1.161s] Level 1:colcon.colcon_core.package_identification:_identify(src/ydlidar_ros2_driver) by extensions ['colcon_pkg']
[1.162s] Level 1:colcon.colcon_core.package_identification:_identify(src/ydlidar_ros2_driver) by extension 'colcon_pkg'
[1.162s] Level 1:colcon.colcon_core.package_identification:_identify(src/ydlidar_ros2_driver) by extensions ['colcon_meta']
[1.162s] Level 1:colcon.colcon_core.package_identification:_identify(src/ydlidar_ros2_driver) by extension 'colcon_meta'
[1.162s] Level 1:colcon.colcon_core.package_identification:_identify(src/ydlidar_ros2_driver) by extensions ['ros']
[1.162s] Level 1:colcon.colcon_core.package_identification:_identify(src/ydlidar_ros2_driver) by extension 'ros'
[1.165s] DEBUG:colcon.colcon_core.package_identification:Package 'src/ydlidar_ros2_driver' with type 'ros.ament_cmake' and name 'ydlidar_ros2_driver'
[1.165s] Level 1:colcon.colcon_core.package_discovery:discover_packages(recursive) using defaults
[1.165s] Level 1:colcon.colcon_core.package_discovery:discover_packages(ignore) discover
[1.165s] Level 1:colcon.colcon_core.package_discovery:discover_packages(ignore) using defaults
[1.166s] Level 1:colcon.colcon_core.package_discovery:discover_packages(path) discover
[1.166s] Level 1:colcon.colcon_core.package_discovery:discover_packages(path) using defaults
[1.241s] INFO:colcon.colcon_core.package_selection:Skipping not selected package 'myagv_odometry' in 'src/myagv_odometry'
[1.241s] INFO:colcon.colcon_core.package_selection:Skipping not selected package 'myagv_teleop' in 'src/myagv_teleop'
[1.241s] INFO:colcon.colcon_core.package_selection:Skipping not selected package 'ydlidar_ros2_driver' in 'src/ydlidar_ros2_driver'
[1.243s] Level 1:colcon.colcon_core.package_discovery:discover_packages(prefix_path) check parameters
[1.243s] Level 1:colcon.colcon_core.package_discovery:discover_packages(prefix_path) discover
[1.252s] DEBUG:colcon.colcon_installed_package_information.package_discovery:Found 4 installed packages in /home/ubuntu/slam_project/agv2_ws/install
[1.259s] DEBUG:colcon.colcon_installed_package_information.package_discovery:Found 198 installed packages in /opt/ros/humble
[1.263s] Level 1:colcon.colcon_core.package_discovery:discover_packages(prefix_path) using defaults
[1.419s] Level 5:colcon.colcon_core.verb:set package 'agv_bringup' build argument 'cmake_args' from command line to 'None'
[1.419s] Level 5:colcon.colcon_core.verb:set package 'agv_bringup' build argument 'cmake_target' from command line to 'None'
[1.420s] Level 5:colcon.colcon_core.verb:set package 'agv_bringup' build argument 'cmake_target_skip_unavailable' from command line to 'False'
[1.420s] Level 5:colcon.colcon_core.verb:set package 'agv_bringup' build argument 'cmake_clean_cache' from command line to 'False'
[1.420s] Level 5:colcon.colcon_core.verb:set package 'agv_bringup' build argument 'cmake_clean_first' from command line to 'False'
[1.420s] Level 5:colcon.colcon_core.verb:set package 'agv_bringup' build argument 'cmake_force_configure' from command line to 'False'
[1.420s] Level 5:colcon.colcon_core.verb:set package 'agv_bringup' build argument 'ament_cmake_args' from command line to 'None'
[1.420s] Level 5:colcon.colcon_core.verb:set package 'agv_bringup' build argument 'catkin_cmake_args' from command line to 'None'
[1.420s] Level 5:colcon.colcon_core.verb:set package 'agv_bringup' build argument 'catkin_skip_building_tests' from command line to 'False'
[1.420s] DEBUG:colcon.colcon_core.verb:Building package 'agv_bringup' with the following arguments: {'ament_cmake_args': None, 'build_base': '/home/ubuntu/slam_project/agv2_ws/build/agv_bringup', 'catkin_cmake_args': None, 'catkin_skip_building_tests': False, 'cmake_args': None, 'cmake_clean_cache': False, 'cmake_clean_first': False, 'cmake_force_configure': False, 'cmake_target': None, 'cmake_target_skip_unavailable': False, 'install_base': '/home/ubuntu/slam_project/agv2_ws/install/agv_bringup', 'merge_install': False, 'path': '/home/ubuntu/slam_project/agv2_ws/src/agv_bringup', 'symlink_install': True, 'test_result_base': None}
[1.421s] INFO:colcon.colcon_core.executor:Executing jobs using 'parallel' executor
[1.424s] DEBUG:colcon.colcon_parallel_executor.executor.parallel:run_until_complete
[1.425s] INFO:colcon.colcon_ros.task.ament_cmake.build:Building ROS package in '/home/ubuntu/slam_project/agv2_ws/src/agv_bringup' with build type 'ament_cmake'
[1.426s] INFO:colcon.colcon_cmake.task.cmake.build:Building CMake package in '/home/ubuntu/slam_project/agv2_ws/src/agv_bringup'
[1.435s] INFO:colcon.colcon_core.plugin_system:Skipping extension 'colcon_core.shell.bat': Not used on non-Windows systems
[1.436s] INFO:colcon.colcon_core.shell:Skip shell extension 'powershell' for command environment: Not usable outside of PowerShell
[1.436s] DEBUG:colcon.colcon_core.shell:Skip shell extension 'dsv' for command environment
[1.474s] DEBUG:colcon.colcon_core.event_handler.log_command:Invoking command in '/home/ubuntu/slam_project/agv2_ws/build/agv_bringup': CMAKE_PREFIX_PATH=${CMAKE_PREFIX_PATH}:/home/ubuntu/slam_project/agv2_ws/install/myagv_teleop:/opt/ros/humble /usr/bin/cmake --build /home/ubuntu/slam_project/agv2_ws/build/agv_bringup -- -j4 -l4
[1.623s] DEBUG:colcon.colcon_core.event_handler.log_command:Invoked command in '/home/ubuntu/slam_project/agv2_ws/build/agv_bringup' returned '0': CMAKE_PREFIX_PATH=${CMAKE_PREFIX_PATH}:/home/ubuntu/slam_project/agv2_ws/install/myagv_teleop:/opt/ros/humble /usr/bin/cmake --build /home/ubuntu/slam_project/agv2_ws/build/agv_bringup -- -j4 -l4
[1.663s] DEBUG:colcon.colcon_core.event_handler.log_command:Invoking command in '/home/ubuntu/slam_project/agv2_ws/build/agv_bringup': CMAKE_PREFIX_PATH=${CMAKE_PREFIX_PATH}:/home/ubuntu/slam_project/agv2_ws/install/myagv_teleop:/opt/ros/humble /usr/bin/cmake --install /home/ubuntu/slam_project/agv2_ws/build/agv_bringup
[1.754s] Level 1:colcon.colcon_core.environment:create_environment_scripts_only(agv_bringup)
[1.756s] DEBUG:colcon.colcon_core.event_handler.log_command:Invoked command in '/home/ubuntu/slam_project/agv2_ws/build/agv_bringup' returned '0': CMAKE_PREFIX_PATH=${CMAKE_PREFIX_PATH}:/home/ubuntu/slam_project/agv2_ws/install/myagv_teleop:/opt/ros/humble /usr/bin/cmake --install /home/ubuntu/slam_project/agv2_ws/build/agv_bringup
[1.768s] Level 1:colcon.colcon_core.environment:checking '/home/ubuntu/slam_project/agv2_ws/install/agv_bringup' for CMake module files
[1.771s] Level 1:colcon.colcon_core.environment:checking '/home/ubuntu/slam_project/agv2_ws/install/agv_bringup' for CMake config files
[1.773s] Level 1:colcon.colcon_core.shell:create_environment_hook('agv_bringup', 'cmake_prefix_path')
[1.774s] INFO:colcon.colcon_core.shell:Creating environment hook '/home/ubuntu/slam_project/agv2_ws/install/agv_bringup/share/agv_bringup/hook/cmake_prefix_path.ps1'
[1.776s] INFO:colcon.colcon_core.shell:Creating environment descriptor '/home/ubuntu/slam_project/agv2_ws/install/agv_bringup/share/agv_bringup/hook/cmake_prefix_path.dsv'
[1.779s] INFO:colcon.colcon_core.shell:Creating environment hook '/home/ubuntu/slam_project/agv2_ws/install/agv_bringup/share/agv_bringup/hook/cmake_prefix_path.sh'
[1.783s] Level 1:colcon.colcon_core.environment:checking '/home/ubuntu/slam_project/agv2_ws/install/agv_bringup/bin'
[1.783s] Level 1:colcon.colcon_core.environment:checking '/home/ubuntu/slam_project/agv2_ws/install/agv_bringup/lib/pkgconfig/agv_bringup.pc'
[1.784s] Level 1:colcon.colcon_core.environment:checking '/home/ubuntu/slam_project/agv2_ws/install/agv_bringup/lib/python3.10/site-packages'
[1.786s] Level 1:colcon.colcon_core.environment:checking '/home/ubuntu/slam_project/agv2_ws/install/agv_bringup/bin'
[1.787s] INFO:colcon.colcon_core.shell:Creating package script '/home/ubuntu/slam_project/agv2_ws/install/agv_bringup/share/agv_bringup/package.ps1'
[1.792s] INFO:colcon.colcon_core.shell:Creating package descriptor '/home/ubuntu/slam_project/agv2_ws/install/agv_bringup/share/agv_bringup/package.dsv'
[1.794s] INFO:colcon.colcon_core.shell:Creating package script '/home/ubuntu/slam_project/agv2_ws/install/agv_bringup/share/agv_bringup/package.sh'
[1.797s] INFO:colcon.colcon_core.shell:Creating package script '/home/ubuntu/slam_project/agv2_ws/install/agv_bringup/share/agv_bringup/package.bash'
[1.801s] INFO:colcon.colcon_core.shell:Creating package script '/home/ubuntu/slam_project/agv2_ws/install/agv_bringup/share/agv_bringup/package.zsh'
[1.804s] Level 1:colcon.colcon_core.environment:create_file_with_runtime_dependencies(/home/ubuntu/slam_project/agv2_ws/install/agv_bringup/share/colcon-core/packages/agv_bringup)
[1.807s] Level 1:colcon.colcon_core.environment:create_environment_scripts_only(agv_bringup)
[1.808s] Level 1:colcon.colcon_core.environment:checking '/home/ubuntu/slam_project/agv2_ws/install/agv_bringup' for CMake module files
[1.811s] Level 1:colcon.colcon_core.environment:checking '/home/ubuntu/slam_project/agv2_ws/install/agv_bringup' for CMake config files
[1.812s] Level 1:colcon.colcon_core.shell:create_environment_hook('agv_bringup', 'cmake_prefix_path')
[1.813s] INFO:colcon.colcon_core.shell:Creating environment hook '/home/ubuntu/slam_project/agv2_ws/install/agv_bringup/share/agv_bringup/hook/cmake_prefix_path.ps1'
[1.815s] INFO:colcon.colcon_core.shell:Creating environment descriptor '/home/ubuntu/slam_project/agv2_ws/install/agv_bringup/share/agv_bringup/hook/cmake_prefix_path.dsv'
[1.817s] INFO:colcon.colcon_core.shell:Creating environment hook '/home/ubuntu/slam_project/agv2_ws/install/agv_bringup/share/agv_bringup/hook/cmake_prefix_path.sh'
[1.820s] Level 1:colcon.colcon_core.environment:checking '/home/ubuntu/slam_project/agv2_ws/install/agv_bringup/bin'
[1.821s] Level 1:colcon.colcon_core.environment:checking '/home/ubuntu/slam_project/agv2_ws/install/agv_bringup/lib/pkgconfig/agv_bringup.pc'
[1.822s] Level 1:colcon.colcon_core.environment:checking '/home/ubuntu/slam_project/agv2_ws/install/agv_bringup/lib/python3.10/site-packages'
[1.823s] Level 1:colcon.colcon_core.environment:checking '/home/ubuntu/slam_project/agv2_ws/install/agv_bringup/bin'
[1.824s] INFO:colcon.colcon_core.shell:Creating package script '/home/ubuntu/slam_project/agv2_ws/install/agv_bringup/share/agv_bringup/package.ps1'
[1.828s] INFO:colcon.colcon_core.shell:Creating package descriptor '/home/ubuntu/slam_project/agv2_ws/install/agv_bringup/share/agv_bringup/package.dsv'
[1.830s] INFO:colcon.colcon_core.shell:Creating package script '/home/ubuntu/slam_project/agv2_ws/install/agv_bringup/share/agv_bringup/package.sh'
[1.833s] INFO:colcon.colcon_core.shell:Creating package script '/home/ubuntu/slam_project/agv2_ws/install/agv_bringup/share/agv_bringup/package.bash'
[1.835s] INFO:colcon.colcon_core.shell:Creating package script '/home/ubuntu/slam_project/agv2_ws/install/agv_bringup/share/agv_bringup/package.zsh'
[1.837s] Level 1:colcon.colcon_core.environment:create_file_with_runtime_dependencies(/home/ubuntu/slam_project/agv2_ws/install/agv_bringup/share/colcon-core/packages/agv_bringup)
[1.839s] DEBUG:colcon.colcon_parallel_executor.executor.parallel:closing loop
[1.840s] DEBUG:colcon.colcon_parallel_executor.executor.parallel:loop closed
[1.840s] DEBUG:colcon.colcon_parallel_executor.executor.parallel:run_until_complete finished with '0'
[1.841s] DEBUG:colcon.colcon_core.event_reactor:joining thread
[1.843s] DEBUG:colcon.colcon_core.event_reactor:joined thread
[1.844s] INFO:colcon.colcon_core.shell:Creating prefix script '/home/ubuntu/slam_project/agv2_ws/install/local_setup.ps1'
[1.848s] INFO:colcon.colcon_core.shell:Creating prefix util module '/home/ubuntu/slam_project/agv2_ws/install/_local_setup_util_ps1.py'
[1.855s] INFO:colcon.colcon_core.shell:Creating prefix chain script '/home/ubuntu/slam_project/agv2_ws/install/setup.ps1'
[1.861s] INFO:colcon.colcon_core.shell:Creating prefix script '/home/ubuntu/slam_project/agv2_ws/install/local_setup.sh'
[1.864s] INFO:colcon.colcon_core.shell:Creating prefix util module '/home/ubuntu/slam_project/agv2_ws/install/_local_setup_util_sh.py'
[1.867s] INFO:colcon.colcon_core.shell:Creating prefix chain script '/home/ubuntu/slam_project/agv2_ws/install/setup.sh'
[1.872s] INFO:colcon.colcon_core.shell:Creating prefix script '/home/ubuntu/slam_project/agv2_ws/install/local_setup.bash'
[1.875s] INFO:colcon.colcon_core.shell:Creating prefix chain script '/home/ubuntu/slam_project/agv2_ws/install/setup.bash'
[1.880s] INFO:colcon.colcon_core.shell:Creating prefix script '/home/ubuntu/slam_project/agv2_ws/install/local_setup.zsh'
[1.883s] INFO:colcon.colcon_core.shell:Creating prefix chain script '/home/ubuntu/slam_project/agv2_ws/install/setup.zsh'
