[1.228s] Invoking command in '/home/ubuntu/slam_project/agv2_ws/build/ydlidar_ros2_driver': CMAKE_PREFIX_PATH=${CMAKE_PREFIX_PATH}:/home/ubuntu/slam_project/agv2_ws/install/myagv_teleop:/opt/ros/humble /usr/bin/cmake --build /home/ubuntu/slam_project/agv2_ws/build/ydlidar_ros2_driver -- -j4 -l4
[1.522s] [ 50%] Built target ydlidar_ros2_driver_node
[1.545s] [100%] Built target ydlidar_ros2_driver_client
[1.587s] Invoked command in '/home/ubuntu/slam_project/agv2_ws/build/ydlidar_ros2_driver' returned '0': CMAKE_PREFIX_PATH=${CMAKE_PREFIX_PATH}:/home/ubuntu/slam_project/agv2_ws/install/myagv_teleop:/opt/ros/humble /usr/bin/cmake --build /home/ubuntu/slam_project/agv2_ws/build/ydlidar_ros2_driver -- -j4 -l4
[1.595s] Invoking command in '/home/ubuntu/slam_project/agv2_ws/build/ydlidar_ros2_driver': CMAKE_PREFIX_PATH=${CMAKE_PREFIX_PATH}:/home/ubuntu/slam_project/agv2_ws/install/myagv_teleop:/opt/ros/humble /usr/bin/cmake --install /home/ubuntu/slam_project/agv2_ws/build/ydlidar_ros2_driver
[1.621s] -- Install configuration: ""
[1.623s] -- Execute custom install script
[1.625s] -- Up-to-date symlink: /home/ubuntu/slam_project/agv2_ws/install/ydlidar_ros2_driver/lib/ydlidar_ros2_driver/ydlidar_ros2_driver_node
[1.626s] -- Up-to-date symlink: /home/ubuntu/slam_project/agv2_ws/install/ydlidar_ros2_driver/lib/ydlidar_ros2_driver/ydlidar_ros2_driver_client
[1.628s] -- Up-to-date symlink: /home/ubuntu/slam_project/agv2_ws/install/ydlidar_ros2_driver/share/ydlidar_ros2_driver/launch/ydlidar.py
[1.629s] -- Up-to-date symlink: /home/ubuntu/slam_project/agv2_ws/install/ydlidar_ros2_driver/share/ydlidar_ros2_driver/launch/ydlidar_launch.py
[1.630s] -- Up-to-date symlink: /home/ubuntu/slam_project/agv2_ws/install/ydlidar_ros2_driver/share/ydlidar_ros2_driver/launch/ydlidar_launch_view.py
[1.633s] -- Up-to-date symlink: /home/ubuntu/slam_project/agv2_ws/install/ydlidar_ros2_driver/share/ydlidar_ros2_driver/params/G1.yaml
[1.634s] -- Up-to-date symlink: /home/ubuntu/slam_project/agv2_ws/install/ydlidar_ros2_driver/share/ydlidar_ros2_driver/params/G2.yaml
[1.635s] -- Up-to-date symlink: /home/ubuntu/slam_project/agv2_ws/install/ydlidar_ros2_driver/share/ydlidar_ros2_driver/params/G4.yaml
[1.638s] -- Up-to-date symlink: /home/ubuntu/slam_project/agv2_ws/install/ydlidar_ros2_driver/share/ydlidar_ros2_driver/params/G6.yaml
[1.639s] -- Up-to-date symlink: /home/ubuntu/slam_project/agv2_ws/install/ydlidar_ros2_driver/share/ydlidar_ros2_driver/params/GS2.yaml
[1.640s] -- Up-to-date symlink: /home/ubuntu/slam_project/agv2_ws/install/ydlidar_ros2_driver/share/ydlidar_ros2_driver/params/GS5.yaml
[1.641s] -- Up-to-date symlink: /home/ubuntu/slam_project/agv2_ws/install/ydlidar_ros2_driver/share/ydlidar_ros2_driver/params/TEA.yaml
[1.642s] -- Up-to-date symlink: /home/ubuntu/slam_project/agv2_ws/install/ydlidar_ros2_driver/share/ydlidar_ros2_driver/params/TG.yaml
[1.643s] -- Up-to-date symlink: /home/ubuntu/slam_project/agv2_ws/install/ydlidar_ros2_driver/share/ydlidar_ros2_driver/params/Tmini-Plus-SH.yaml
[1.644s] -- Up-to-date symlink: /home/ubuntu/slam_project/agv2_ws/install/ydlidar_ros2_driver/share/ydlidar_ros2_driver/params/Tmini.yaml
[1.645s] -- Up-to-date symlink: /home/ubuntu/slam_project/agv2_ws/install/ydlidar_ros2_driver/share/ydlidar_ros2_driver/params/X2.yaml
[1.646s] -- Up-to-date symlink: /home/ubuntu/slam_project/agv2_ws/install/ydlidar_ros2_driver/share/ydlidar_ros2_driver/params/X3.yaml
[1.647s] -- Up-to-date symlink: /home/ubuntu/slam_project/agv2_ws/install/ydlidar_ros2_driver/share/ydlidar_ros2_driver/params/X4-Pro.yaml
[1.648s] -- Up-to-date symlink: /home/ubuntu/slam_project/agv2_ws/install/ydlidar_ros2_driver/share/ydlidar_ros2_driver/params/X4.yaml
[1.649s] -- Up-to-date symlink: /home/ubuntu/slam_project/agv2_ws/install/ydlidar_ros2_driver/share/ydlidar_ros2_driver/params/sdm15.yaml
[1.650s] -- Up-to-date symlink: /home/ubuntu/slam_project/agv2_ws/install/ydlidar_ros2_driver/share/ydlidar_ros2_driver/params/ydlidar.yaml
[1.651s] -- Up-to-date symlink: /home/ubuntu/slam_project/agv2_ws/install/ydlidar_ros2_driver/share/ydlidar_ros2_driver/startup/initenv.sh
[1.653s] -- Up-to-date symlink: /home/ubuntu/slam_project/agv2_ws/install/ydlidar_ros2_driver/share/ydlidar_ros2_driver/config/ydlidar.rviz
[1.654s] -- Up-to-date symlink: /home/ubuntu/slam_project/agv2_ws/install/ydlidar_ros2_driver/share/ament_index/resource_index/package_run_dependencies/ydlidar_ros2_driver
[1.656s] -- Up-to-date symlink: /home/ubuntu/slam_project/agv2_ws/install/ydlidar_ros2_driver/share/ament_index/resource_index/parent_prefix_path/ydlidar_ros2_driver
[1.657s] -- Up-to-date symlink: /home/ubuntu/slam_project/agv2_ws/install/ydlidar_ros2_driver/share/ydlidar_ros2_driver/environment/ament_prefix_path.sh
[1.658s] -- Up-to-date symlink: /home/ubuntu/slam_project/agv2_ws/install/ydlidar_ros2_driver/share/ydlidar_ros2_driver/environment/ament_prefix_path.dsv
[1.659s] -- Up-to-date symlink: /home/ubuntu/slam_project/agv2_ws/install/ydlidar_ros2_driver/share/ydlidar_ros2_driver/environment/path.sh
[1.661s] -- Up-to-date symlink: /home/ubuntu/slam_project/agv2_ws/install/ydlidar_ros2_driver/share/ydlidar_ros2_driver/environment/path.dsv
[1.662s] -- Up-to-date symlink: /home/ubuntu/slam_project/agv2_ws/install/ydlidar_ros2_driver/share/ydlidar_ros2_driver/local_setup.bash
[1.663s] -- Up-to-date symlink: /home/ubuntu/slam_project/agv2_ws/install/ydlidar_ros2_driver/share/ydlidar_ros2_driver/local_setup.sh
[1.664s] -- Up-to-date symlink: /home/ubuntu/slam_project/agv2_ws/install/ydlidar_ros2_driver/share/ydlidar_ros2_driver/local_setup.zsh
[1.665s] -- Up-to-date symlink: /home/ubuntu/slam_project/agv2_ws/install/ydlidar_ros2_driver/share/ydlidar_ros2_driver/local_setup.dsv
[1.666s] -- Symlinking: /home/ubuntu/slam_project/agv2_ws/install/ydlidar_ros2_driver/share/ydlidar_ros2_driver/package.dsv
[1.699s] -- Up-to-date symlink: /home/ubuntu/slam_project/agv2_ws/install/ydlidar_ros2_driver/share/ament_index/resource_index/packages/ydlidar_ros2_driver
[1.700s] -- Up-to-date symlink: /home/ubuntu/slam_project/agv2_ws/install/ydlidar_ros2_driver/share/ydlidar_ros2_driver/cmake/ydlidar_ros2_driverConfig.cmake
[1.701s] -- Up-to-date symlink: /home/ubuntu/slam_project/agv2_ws/install/ydlidar_ros2_driver/share/ydlidar_ros2_driver/cmake/ydlidar_ros2_driverConfig-version.cmake
[1.703s] -- Up-to-date symlink: /home/ubuntu/slam_project/agv2_ws/install/ydlidar_ros2_driver/share/ydlidar_ros2_driver/package.xml
[1.711s] Invoked command in '/home/ubuntu/slam_project/agv2_ws/build/ydlidar_ros2_driver' returned '0': CMAKE_PREFIX_PATH=${CMAKE_PREFIX_PATH}:/home/ubuntu/slam_project/agv2_ws/install/myagv_teleop:/opt/ros/humble /usr/bin/cmake --install /home/ubuntu/slam_project/agv2_ws/build/ydlidar_ros2_driver
