[1.664s] Invoking command in '/home/ubuntu/slam_project/agv2_ws/build/ydlidar_ros2_driver': CMAKE_PREFIX_PATH=/opt/ros/humble /usr/bin/cmake /home/ubuntu/slam_project/agv2_ws/src/ydlidar_ros2_driver -DAMENT_CMAKE_SYMLINK_INSTALL=1 -DCMAKE_INSTALL_PREFIX=/home/ubuntu/slam_project/agv2_ws/install/ydlidar_ros2_driver
[2.075s] -- The C compiler identification is GNU 11.4.0
[2.459s] -- The CXX compiler identification is GNU 11.4.0
[2.519s] -- Detecting C compiler ABI info
[2.987s] -- Detecting C compiler ABI info - done
[3.019s] -- Check for working C compiler: /usr/bin/cc - skipped
[3.021s] -- Detecting C compile features
[3.025s] -- Detecting C compile features - done
[3.044s] -- Detecting CXX compiler ABI info
[3.501s] -- Detecting CXX compiler ABI info - done
[3.539s] -- Check for working CXX compiler: /usr/bin/c++ - skipped
[3.542s] -- Detecting CXX compile features
[3.546s] -- Detecting CXX compile features - done
[3.573s] -- Found ament_cmake: 1.3.14 (/opt/ros/humble/share/ament_cmake/cmake)
[4.573s] -- Found Python3: /usr/bin/python3 (found version "3.10.12") found components: Interpreter 
[4.947s] -- Override CMake install command with custom implementation using symlinks instead of copying resources
[5.164s] -- Found rclcpp: 16.0.19 (/opt/ros/humble/share/rclcpp/cmake)
[5.494s] -- Found rosidl_generator_c: 3.1.8 (/opt/ros/humble/share/rosidl_generator_c/cmake)
[5.556s] -- Found rosidl_adapter: 3.1.8 (/opt/ros/humble/share/rosidl_adapter/cmake)
[5.641s] -- Found rosidl_generator_cpp: 3.1.8 (/opt/ros/humble/share/rosidl_generator_cpp/cmake)
[5.710s] -- Using all available rosidl_typesupport_c: rosidl_typesupport_fastrtps_c;rosidl_typesupport_introspection_c
[5.806s] -- Using all available rosidl_typesupport_cpp: rosidl_typesupport_fastrtps_cpp;rosidl_typesupport_introspection_cpp
[6.080s] -- Found rmw_implementation_cmake: 6.1.2 (/opt/ros/humble/share/rmw_implementation_cmake/cmake)
[6.099s] -- Found rmw_fastrtps_cpp: 6.2.10 (/opt/ros/humble/share/rmw_fastrtps_cpp/cmake)
[6.579s] -- Found OpenSSL: /usr/lib/aarch64-linux-gnu/libcrypto.so (found version "3.0.2")  
[6.759s] -- Found FastRTPS: /opt/ros/humble/include  
[7.051s] -- Using RMW implementation 'rmw_fastrtps_cpp' as default
[7.115s] -- Looking for pthread.h
[7.489s] -- Looking for pthread.h - found
[7.492s] -- Performing Test CMAKE_HAVE_LIBC_PTHREAD
[7.857s] -- Performing Test CMAKE_HAVE_LIBC_PTHREAD - Success
[7.861s] -- Found Threads: TRUE  
[8.170s] -- Found sensor_msgs: 4.9.1 (/opt/ros/humble/share/sensor_msgs/cmake)
[8.312s] -- Found visualization_msgs: 4.9.1 (/opt/ros/humble/share/visualization_msgs/cmake)
[8.425s] -- Found std_srvs: 4.9.1 (/opt/ros/humble/share/std_srvs/cmake)
[8.522s] -- Found ament_lint_auto: 0.12.15 (/opt/ros/humble/share/ament_lint_auto/cmake)
[9.014s] -- Added test 'copyright' to check source files copyright and LICENSE
[9.035s] -- Added test 'cppcheck' to perform static code analysis on C / C++ code
[9.036s] -- Configured cppcheck include dirs: /home/ubuntu/slam_project/agv2_ws/src/ydlidar_ros2_driver/src
[9.036s] -- Configured cppcheck exclude dirs and/or files: 
[9.055s] -- Added test 'cpplint' to check C / C++ code against the Google style
[9.056s] -- Configured cpplint exclude dirs and/or files: 
[9.060s] -- Added test 'flake8' to check Python code syntax and style conventions
[9.067s] -- Added test 'lint_cmake' to check CMake code style
[9.072s] -- Added test 'pep257' to check Python code against some of the docstring style conventions in PEP 257
[9.091s] -- Added test 'uncrustify' to check C / C++ code style
[9.092s] -- Configured uncrustify additional arguments: 
[9.096s] -- Added test 'xmllint' to check XML markup files
[9.104s] -- Configuring done
[9.188s] -- Generating done
[9.211s] -- Build files have been written to: /home/ubuntu/slam_project/agv2_ws/build/ydlidar_ros2_driver
