[0.859s] DEBUG:colcon:Command line arguments: ['/usr/bin/colcon', 'build', '--symlink-install']
[0.859s] DEBUG:colcon:Parsed command line arguments: Namespace(log_base=None, log_level=None, verb_name='build', build_base='build', install_base='install', merge_install=False, symlink_install=True, test_result_base=None, continue_on_error=False, executor='parallel', parallel_workers=4, event_handlers=None, ignore_user_meta=False, metas=['./colcon.meta'], base_paths=['.'], packages_ignore=None, packages_ignore_regex=None, paths=None, packages_up_to=None, packages_up_to_regex=None, packages_above=None, packages_above_and_dependencies=None, packages_above_depth=None, packages_select_by_dep=None, packages_skip_by_dep=None, packages_skip_up_to=None, packages_select_build_failed=False, packages_skip_build_finished=False, packages_select_test_failures=False, packages_skip_test_passed=False, packages_select=None, packages_skip=None, packages_select_regex=None, packages_skip_regex=None, packages_start=None, packages_end=None, allow_overriding=[], cmake_args=None, cmake_target=None, cmake_target_skip_unavailable=False, cmake_clean_cache=False, cmake_clean_first=False, cmake_force_configure=False, ament_cmake_args=None, catkin_cmake_args=None, catkin_skip_building_tests=False, mixin_files=None, mixin=None, verb_parser=<colcon_mixin.mixin.mixin_argument.MixinArgumentDecorator object at 0xffffa46b7040>, verb_extension=<colcon_core.verb.build.BuildVerb object at 0xffffa4820070>, main=<bound method BuildVerb.main of <colcon_core.verb.build.BuildVerb object at 0xffffa4820070>>, mixin_verb=('build',))
[1.865s] Level 1:colcon.colcon_core.package_discovery:discover_packages(colcon_meta) check parameters
[1.866s] Level 1:colcon.colcon_core.package_discovery:discover_packages(recursive) check parameters
[1.866s] Level 1:colcon.colcon_core.package_discovery:discover_packages(ignore) check parameters
[1.866s] Level 1:colcon.colcon_core.package_discovery:discover_packages(path) check parameters
[1.866s] Level 1:colcon.colcon_core.package_discovery:discover_packages(colcon_meta) discover
[1.866s] Level 1:colcon.colcon_core.package_discovery:discover_packages(recursive) discover
[1.866s] INFO:colcon.colcon_core.package_discovery:Crawling recursively for packages in '/home/ubuntu/slam_project/agv2_ws'
[1.867s] Level 1:colcon.colcon_core.package_identification:_identify(.) by extensions ['ignore', 'ignore_ament_install']
[1.867s] Level 1:colcon.colcon_core.package_identification:_identify(.) by extension 'ignore'
[1.867s] Level 1:colcon.colcon_core.package_identification:_identify(.) by extension 'ignore_ament_install'
[1.868s] Level 1:colcon.colcon_core.package_identification:_identify(.) by extensions ['colcon_pkg']
[1.868s] Level 1:colcon.colcon_core.package_identification:_identify(.) by extension 'colcon_pkg'
[1.868s] Level 1:colcon.colcon_core.package_identification:_identify(.) by extensions ['colcon_meta']
[1.868s] Level 1:colcon.colcon_core.package_identification:_identify(.) by extension 'colcon_meta'
[1.868s] Level 1:colcon.colcon_core.package_identification:_identify(.) by extensions ['ros']
[1.869s] Level 1:colcon.colcon_core.package_identification:_identify(.) by extension 'ros'
[1.941s] Level 1:colcon.colcon_core.package_identification:_identify(.) by extensions ['cmake', 'python']
[1.942s] Level 1:colcon.colcon_core.package_identification:_identify(.) by extension 'cmake'
[1.942s] Level 1:colcon.colcon_core.package_identification:_identify(.) by extension 'python'
[1.942s] Level 1:colcon.colcon_core.package_identification:_identify(.) by extensions ['python_setup_py']
[1.942s] Level 1:colcon.colcon_core.package_identification:_identify(.) by extension 'python_setup_py'
[1.943s] Level 1:colcon.colcon_core.package_identification:_identify(build) by extensions ['ignore', 'ignore_ament_install']
[1.943s] Level 1:colcon.colcon_core.package_identification:_identify(build) by extension 'ignore'
[1.943s] Level 1:colcon.colcon_core.package_identification:_identify(build) ignored
[1.944s] Level 1:colcon.colcon_core.package_identification:_identify(install) by extensions ['ignore', 'ignore_ament_install']
[1.944s] Level 1:colcon.colcon_core.package_identification:_identify(install) by extension 'ignore'
[1.944s] Level 1:colcon.colcon_core.package_identification:_identify(install) ignored
[1.945s] Level 1:colcon.colcon_core.package_identification:_identify(log) by extensions ['ignore', 'ignore_ament_install']
[1.945s] Level 1:colcon.colcon_core.package_identification:_identify(log) by extension 'ignore'
[1.945s] Level 1:colcon.colcon_core.package_identification:_identify(log) ignored
[1.946s] Level 1:colcon.colcon_core.package_identification:_identify(src) by extensions ['ignore', 'ignore_ament_install']
[1.946s] Level 1:colcon.colcon_core.package_identification:_identify(src) by extension 'ignore'
[1.946s] Level 1:colcon.colcon_core.package_identification:_identify(src) by extension 'ignore_ament_install'
[1.946s] Level 1:colcon.colcon_core.package_identification:_identify(src) by extensions ['colcon_pkg']
[1.946s] Level 1:colcon.colcon_core.package_identification:_identify(src) by extension 'colcon_pkg'
[1.947s] Level 1:colcon.colcon_core.package_identification:_identify(src) by extensions ['colcon_meta']
[1.947s] Level 1:colcon.colcon_core.package_identification:_identify(src) by extension 'colcon_meta'
[1.947s] Level 1:colcon.colcon_core.package_identification:_identify(src) by extensions ['ros']
[1.947s] Level 1:colcon.colcon_core.package_identification:_identify(src) by extension 'ros'
[1.947s] Level 1:colcon.colcon_core.package_identification:_identify(src) by extensions ['cmake', 'python']
[1.948s] Level 1:colcon.colcon_core.package_identification:_identify(src) by extension 'cmake'
[1.948s] Level 1:colcon.colcon_core.package_identification:_identify(src) by extension 'python'
[1.948s] Level 1:colcon.colcon_core.package_identification:_identify(src) by extensions ['python_setup_py']
[1.948s] Level 1:colcon.colcon_core.package_identification:_identify(src) by extension 'python_setup_py'
[1.948s] Level 1:colcon.colcon_core.package_identification:_identify(src/agv_bringup) by extensions ['ignore', 'ignore_ament_install']
[1.949s] Level 1:colcon.colcon_core.package_identification:_identify(src/agv_bringup) by extension 'ignore'
[1.949s] Level 1:colcon.colcon_core.package_identification:_identify(src/agv_bringup) by extension 'ignore_ament_install'
[1.949s] Level 1:colcon.colcon_core.package_identification:_identify(src/agv_bringup) by extensions ['colcon_pkg']
[1.949s] Level 1:colcon.colcon_core.package_identification:_identify(src/agv_bringup) by extension 'colcon_pkg'
[1.949s] Level 1:colcon.colcon_core.package_identification:_identify(src/agv_bringup) by extensions ['colcon_meta']
[1.950s] Level 1:colcon.colcon_core.package_identification:_identify(src/agv_bringup) by extension 'colcon_meta'
[1.950s] Level 1:colcon.colcon_core.package_identification:_identify(src/agv_bringup) by extensions ['ros']
[1.950s] Level 1:colcon.colcon_core.package_identification:_identify(src/agv_bringup) by extension 'ros'
[1.969s] DEBUG:colcon.colcon_core.package_identification:Package 'src/agv_bringup' with type 'ros.ament_cmake' and name 'agv_bringup'
[1.969s] Level 1:colcon.colcon_core.package_identification:_identify(src/myagv_odometry) by extensions ['ignore', 'ignore_ament_install']
[1.970s] Level 1:colcon.colcon_core.package_identification:_identify(src/myagv_odometry) by extension 'ignore'
[1.970s] Level 1:colcon.colcon_core.package_identification:_identify(src/myagv_odometry) by extension 'ignore_ament_install'
[1.970s] Level 1:colcon.colcon_core.package_identification:_identify(src/myagv_odometry) by extensions ['colcon_pkg']
[1.971s] Level 1:colcon.colcon_core.package_identification:_identify(src/myagv_odometry) by extension 'colcon_pkg'
[1.971s] Level 1:colcon.colcon_core.package_identification:_identify(src/myagv_odometry) by extensions ['colcon_meta']
[1.971s] Level 1:colcon.colcon_core.package_identification:_identify(src/myagv_odometry) by extension 'colcon_meta'
[1.971s] Level 1:colcon.colcon_core.package_identification:_identify(src/myagv_odometry) by extensions ['ros']
[1.971s] Level 1:colcon.colcon_core.package_identification:_identify(src/myagv_odometry) by extension 'ros'
[1.977s] DEBUG:colcon.colcon_core.package_identification:Found ROS schema reference in package manifest in 'src/myagv_odometry'
[1.977s] WARNING:colcon.colcon_core.package_identification:Failed to parse ROS package manifest in 'src/myagv_odometry': Error(s) in package 'src/myagv_odometry/package.xml':
Error(s):
- The manifest of package "myagv_odometry" (with format version 3) must not contain the following tags: ament_cmake_auto
[1.978s] Level 1:colcon.colcon_core.package_identification:_identify(src/myagv_odometry) by extensions ['cmake', 'python']
[1.978s] Level 1:colcon.colcon_core.package_identification:_identify(src/myagv_odometry) by extension 'cmake'
[1.984s] Level 1:colcon.colcon_core.package_identification:_identify(src/myagv_odometry) by extension 'python'
[1.984s] DEBUG:colcon.colcon_core.package_identification:Package 'src/myagv_odometry' with type 'cmake' and name 'myagv_odometry'
[1.985s] Level 1:colcon.colcon_core.package_identification:_identify(src/myagv_teleop) by extensions ['ignore', 'ignore_ament_install']
[1.985s] Level 1:colcon.colcon_core.package_identification:_identify(src/myagv_teleop) by extension 'ignore'
[1.986s] Level 1:colcon.colcon_core.package_identification:_identify(src/myagv_teleop) by extension 'ignore_ament_install'
[1.986s] Level 1:colcon.colcon_core.package_identification:_identify(src/myagv_teleop) by extensions ['colcon_pkg']
[1.986s] Level 1:colcon.colcon_core.package_identification:_identify(src/myagv_teleop) by extension 'colcon_pkg'
[1.986s] Level 1:colcon.colcon_core.package_identification:_identify(src/myagv_teleop) by extensions ['colcon_meta']
[1.986s] Level 1:colcon.colcon_core.package_identification:_identify(src/myagv_teleop) by extension 'colcon_meta'
[1.986s] Level 1:colcon.colcon_core.package_identification:_identify(src/myagv_teleop) by extensions ['ros']
[1.987s] Level 1:colcon.colcon_core.package_identification:_identify(src/myagv_teleop) by extension 'ros'
[1.990s] DEBUG:colcon.colcon_core.package_identification:Package 'src/myagv_teleop' with type 'ros.ament_python' and name 'myagv_teleop'
[1.990s] Level 1:colcon.colcon_core.package_identification:_identify(src/ydlidar_ros2_driver) by extensions ['ignore', 'ignore_ament_install']
[1.991s] Level 1:colcon.colcon_core.package_identification:_identify(src/ydlidar_ros2_driver) by extension 'ignore'
[1.991s] Level 1:colcon.colcon_core.package_identification:_identify(src/ydlidar_ros2_driver) by extension 'ignore_ament_install'
[1.991s] Level 1:colcon.colcon_core.package_identification:_identify(src/ydlidar_ros2_driver) by extensions ['colcon_pkg']
[1.991s] Level 1:colcon.colcon_core.package_identification:_identify(src/ydlidar_ros2_driver) by extension 'colcon_pkg'
[1.992s] Level 1:colcon.colcon_core.package_identification:_identify(src/ydlidar_ros2_driver) by extensions ['colcon_meta']
[1.992s] Level 1:colcon.colcon_core.package_identification:_identify(src/ydlidar_ros2_driver) by extension 'colcon_meta'
[1.992s] Level 1:colcon.colcon_core.package_identification:_identify(src/ydlidar_ros2_driver) by extensions ['ros']
[1.992s] Level 1:colcon.colcon_core.package_identification:_identify(src/ydlidar_ros2_driver) by extension 'ros'
[1.995s] DEBUG:colcon.colcon_core.package_identification:Package 'src/ydlidar_ros2_driver' with type 'ros.ament_cmake' and name 'ydlidar_ros2_driver'
[1.995s] Level 1:colcon.colcon_core.package_discovery:discover_packages(recursive) using defaults
[1.995s] Level 1:colcon.colcon_core.package_discovery:discover_packages(ignore) discover
[1.995s] Level 1:colcon.colcon_core.package_discovery:discover_packages(ignore) using defaults
[1.995s] Level 1:colcon.colcon_core.package_discovery:discover_packages(path) discover
[1.995s] Level 1:colcon.colcon_core.package_discovery:discover_packages(path) using defaults
[2.136s] Level 1:colcon.colcon_core.package_discovery:discover_packages(prefix_path) check parameters
[2.136s] Level 1:colcon.colcon_core.package_discovery:discover_packages(prefix_path) discover
[2.154s] DEBUG:colcon.colcon_installed_package_information.package_discovery:Found 198 installed packages in /opt/ros/humble
[2.160s] Level 1:colcon.colcon_core.package_discovery:discover_packages(prefix_path) using defaults
[2.345s] Level 5:colcon.colcon_core.verb:set package 'agv_bringup' build argument 'cmake_args' from command line to 'None'
[2.345s] Level 5:colcon.colcon_core.verb:set package 'agv_bringup' build argument 'cmake_target' from command line to 'None'
[2.346s] Level 5:colcon.colcon_core.verb:set package 'agv_bringup' build argument 'cmake_target_skip_unavailable' from command line to 'False'
[2.346s] Level 5:colcon.colcon_core.verb:set package 'agv_bringup' build argument 'cmake_clean_cache' from command line to 'False'
[2.346s] Level 5:colcon.colcon_core.verb:set package 'agv_bringup' build argument 'cmake_clean_first' from command line to 'False'
[2.346s] Level 5:colcon.colcon_core.verb:set package 'agv_bringup' build argument 'cmake_force_configure' from command line to 'False'
[2.346s] Level 5:colcon.colcon_core.verb:set package 'agv_bringup' build argument 'ament_cmake_args' from command line to 'None'
[2.346s] Level 5:colcon.colcon_core.verb:set package 'agv_bringup' build argument 'catkin_cmake_args' from command line to 'None'
[2.346s] Level 5:colcon.colcon_core.verb:set package 'agv_bringup' build argument 'catkin_skip_building_tests' from command line to 'False'
[2.346s] DEBUG:colcon.colcon_core.verb:Building package 'agv_bringup' with the following arguments: {'ament_cmake_args': None, 'build_base': '/home/ubuntu/slam_project/agv2_ws/build/agv_bringup', 'catkin_cmake_args': None, 'catkin_skip_building_tests': False, 'cmake_args': None, 'cmake_clean_cache': False, 'cmake_clean_first': False, 'cmake_force_configure': False, 'cmake_target': None, 'cmake_target_skip_unavailable': False, 'install_base': '/home/ubuntu/slam_project/agv2_ws/install/agv_bringup', 'merge_install': False, 'path': '/home/ubuntu/slam_project/agv2_ws/src/agv_bringup', 'symlink_install': True, 'test_result_base': None}
[2.348s] Level 5:colcon.colcon_core.verb:set package 'myagv_odometry' build argument 'cmake_args' from command line to 'None'
[2.348s] Level 5:colcon.colcon_core.verb:set package 'myagv_odometry' build argument 'cmake_target' from command line to 'None'
[2.348s] Level 5:colcon.colcon_core.verb:set package 'myagv_odometry' build argument 'cmake_target_skip_unavailable' from command line to 'False'
[2.348s] Level 5:colcon.colcon_core.verb:set package 'myagv_odometry' build argument 'cmake_clean_cache' from command line to 'False'
[2.348s] Level 5:colcon.colcon_core.verb:set package 'myagv_odometry' build argument 'cmake_clean_first' from command line to 'False'
[2.348s] Level 5:colcon.colcon_core.verb:set package 'myagv_odometry' build argument 'cmake_force_configure' from command line to 'False'
[2.348s] Level 5:colcon.colcon_core.verb:set package 'myagv_odometry' build argument 'ament_cmake_args' from command line to 'None'
[2.349s] Level 5:colcon.colcon_core.verb:set package 'myagv_odometry' build argument 'catkin_cmake_args' from command line to 'None'
[2.349s] Level 5:colcon.colcon_core.verb:set package 'myagv_odometry' build argument 'catkin_skip_building_tests' from command line to 'False'
[2.349s] DEBUG:colcon.colcon_core.verb:Building package 'myagv_odometry' with the following arguments: {'ament_cmake_args': None, 'build_base': '/home/ubuntu/slam_project/agv2_ws/build/myagv_odometry', 'catkin_cmake_args': None, 'catkin_skip_building_tests': False, 'cmake_args': None, 'cmake_clean_cache': False, 'cmake_clean_first': False, 'cmake_force_configure': False, 'cmake_target': None, 'cmake_target_skip_unavailable': False, 'install_base': '/home/ubuntu/slam_project/agv2_ws/install/myagv_odometry', 'merge_install': False, 'path': '/home/ubuntu/slam_project/agv2_ws/src/myagv_odometry', 'symlink_install': True, 'test_result_base': None}
[2.350s] Level 5:colcon.colcon_core.verb:set package 'myagv_teleop' build argument 'cmake_args' from command line to 'None'
[2.350s] Level 5:colcon.colcon_core.verb:set package 'myagv_teleop' build argument 'cmake_target' from command line to 'None'
[2.350s] Level 5:colcon.colcon_core.verb:set package 'myagv_teleop' build argument 'cmake_target_skip_unavailable' from command line to 'False'
[2.350s] Level 5:colcon.colcon_core.verb:set package 'myagv_teleop' build argument 'cmake_clean_cache' from command line to 'False'
[2.351s] Level 5:colcon.colcon_core.verb:set package 'myagv_teleop' build argument 'cmake_clean_first' from command line to 'False'
[2.351s] Level 5:colcon.colcon_core.verb:set package 'myagv_teleop' build argument 'cmake_force_configure' from command line to 'False'
[2.351s] Level 5:colcon.colcon_core.verb:set package 'myagv_teleop' build argument 'ament_cmake_args' from command line to 'None'
[2.351s] Level 5:colcon.colcon_core.verb:set package 'myagv_teleop' build argument 'catkin_cmake_args' from command line to 'None'
[2.351s] Level 5:colcon.colcon_core.verb:set package 'myagv_teleop' build argument 'catkin_skip_building_tests' from command line to 'False'
[2.351s] DEBUG:colcon.colcon_core.verb:Building package 'myagv_teleop' with the following arguments: {'ament_cmake_args': None, 'build_base': '/home/ubuntu/slam_project/agv2_ws/build/myagv_teleop', 'catkin_cmake_args': None, 'catkin_skip_building_tests': False, 'cmake_args': None, 'cmake_clean_cache': False, 'cmake_clean_first': False, 'cmake_force_configure': False, 'cmake_target': None, 'cmake_target_skip_unavailable': False, 'install_base': '/home/ubuntu/slam_project/agv2_ws/install/myagv_teleop', 'merge_install': False, 'path': '/home/ubuntu/slam_project/agv2_ws/src/myagv_teleop', 'symlink_install': True, 'test_result_base': None}
[2.352s] Level 5:colcon.colcon_core.verb:set package 'ydlidar_ros2_driver' build argument 'cmake_args' from command line to 'None'
[2.353s] Level 5:colcon.colcon_core.verb:set package 'ydlidar_ros2_driver' build argument 'cmake_target' from command line to 'None'
[2.353s] Level 5:colcon.colcon_core.verb:set package 'ydlidar_ros2_driver' build argument 'cmake_target_skip_unavailable' from command line to 'False'
[2.353s] Level 5:colcon.colcon_core.verb:set package 'ydlidar_ros2_driver' build argument 'cmake_clean_cache' from command line to 'False'
[2.353s] Level 5:colcon.colcon_core.verb:set package 'ydlidar_ros2_driver' build argument 'cmake_clean_first' from command line to 'False'
[2.353s] Level 5:colcon.colcon_core.verb:set package 'ydlidar_ros2_driver' build argument 'cmake_force_configure' from command line to 'False'
[2.353s] Level 5:colcon.colcon_core.verb:set package 'ydlidar_ros2_driver' build argument 'ament_cmake_args' from command line to 'None'
[2.353s] Level 5:colcon.colcon_core.verb:set package 'ydlidar_ros2_driver' build argument 'catkin_cmake_args' from command line to 'None'
[2.353s] Level 5:colcon.colcon_core.verb:set package 'ydlidar_ros2_driver' build argument 'catkin_skip_building_tests' from command line to 'False'
[2.353s] DEBUG:colcon.colcon_core.verb:Building package 'ydlidar_ros2_driver' with the following arguments: {'ament_cmake_args': None, 'build_base': '/home/ubuntu/slam_project/agv2_ws/build/ydlidar_ros2_driver', 'catkin_cmake_args': None, 'catkin_skip_building_tests': False, 'cmake_args': None, 'cmake_clean_cache': False, 'cmake_clean_first': False, 'cmake_force_configure': False, 'cmake_target': None, 'cmake_target_skip_unavailable': False, 'install_base': '/home/ubuntu/slam_project/agv2_ws/install/ydlidar_ros2_driver', 'merge_install': False, 'path': '/home/ubuntu/slam_project/agv2_ws/src/ydlidar_ros2_driver', 'symlink_install': True, 'test_result_base': None}
[2.354s] INFO:colcon.colcon_core.executor:Executing jobs using 'parallel' executor
[2.357s] DEBUG:colcon.colcon_parallel_executor.executor.parallel:run_until_complete
[2.358s] INFO:colcon.colcon_ros.task.ament_cmake.build:Building ROS package in '/home/ubuntu/slam_project/agv2_ws/src/agv_bringup' with build type 'ament_cmake'
[2.359s] INFO:colcon.colcon_cmake.task.cmake.build:Building CMake package in '/home/ubuntu/slam_project/agv2_ws/src/agv_bringup'
[2.374s] INFO:colcon.colcon_core.plugin_system:Skipping extension 'colcon_core.shell.bat': Not used on non-Windows systems
[2.375s] INFO:colcon.colcon_core.shell:Skip shell extension 'powershell' for command environment: Not usable outside of PowerShell
[2.376s] DEBUG:colcon.colcon_core.shell:Skip shell extension 'dsv' for command environment
[2.391s] INFO:colcon.colcon_cmake.task.cmake.build:Building CMake package in '/home/ubuntu/slam_project/agv2_ws/src/myagv_odometry'
[2.392s] INFO:colcon.colcon_core.shell:Skip shell extension 'powershell' for command environment: Not usable outside of PowerShell
[2.393s] DEBUG:colcon.colcon_core.shell:Skip shell extension 'dsv' for command environment
[2.406s] INFO:colcon.colcon_ros.task.ament_python.build:Building ROS package in '/home/ubuntu/slam_project/agv2_ws/src/myagv_teleop' with build type 'ament_python'
[2.406s] Level 1:colcon.colcon_core.shell:create_environment_hook('myagv_teleop', 'ament_prefix_path')
[2.408s] INFO:colcon.colcon_core.shell:Creating environment hook '/home/ubuntu/slam_project/agv2_ws/install/myagv_teleop/share/myagv_teleop/hook/ament_prefix_path.ps1'
[2.413s] INFO:colcon.colcon_core.shell:Creating environment descriptor '/home/ubuntu/slam_project/agv2_ws/install/myagv_teleop/share/myagv_teleop/hook/ament_prefix_path.dsv'
[2.416s] INFO:colcon.colcon_core.shell:Creating environment hook '/home/ubuntu/slam_project/agv2_ws/install/myagv_teleop/share/myagv_teleop/hook/ament_prefix_path.sh'
[2.420s] INFO:colcon.colcon_core.shell:Skip shell extension 'powershell' for command environment: Not usable outside of PowerShell
[2.420s] DEBUG:colcon.colcon_core.shell:Skip shell extension 'dsv' for command environment
[2.432s] INFO:colcon.colcon_ros.task.ament_cmake.build:Building ROS package in '/home/ubuntu/slam_project/agv2_ws/src/ydlidar_ros2_driver' with build type 'ament_cmake'
[2.433s] INFO:colcon.colcon_cmake.task.cmake.build:Building CMake package in '/home/ubuntu/slam_project/agv2_ws/src/ydlidar_ros2_driver'
[2.434s] INFO:colcon.colcon_core.shell:Skip shell extension 'powershell' for command environment: Not usable outside of PowerShell
[2.434s] DEBUG:colcon.colcon_core.shell:Skip shell extension 'dsv' for command environment
[2.475s] DEBUG:colcon.colcon_core.event_handler.log_command:Invoking command in '/home/ubuntu/slam_project/agv2_ws/build/agv_bringup': CMAKE_PREFIX_PATH=/opt/ros/humble /usr/bin/cmake /home/ubuntu/slam_project/agv2_ws/src/agv_bringup -DAMENT_CMAKE_SYMLINK_INSTALL=1 -DCMAKE_INSTALL_PREFIX=/home/ubuntu/slam_project/agv2_ws/install/agv_bringup
[2.502s] DEBUG:colcon.colcon_core.event_handler.log_command:Invoking command in '/home/ubuntu/slam_project/agv2_ws/build/myagv_odometry': /usr/bin/cmake /home/ubuntu/slam_project/agv2_ws/src/myagv_odometry -DCMAKE_INSTALL_PREFIX=/home/ubuntu/slam_project/agv2_ws/install/myagv_odometry
[4.069s] INFO:colcon.colcon_core.task.python.build:Building Python package in '/home/ubuntu/slam_project/agv2_ws/src/myagv_teleop'
[4.070s] INFO:colcon.colcon_core.shell:Skip shell extension 'powershell' for command environment: Not usable outside of PowerShell
[4.070s] DEBUG:colcon.colcon_core.shell:Skip shell extension 'dsv' for command environment
[4.098s] DEBUG:colcon.colcon_core.event_handler.log_command:Invoking command in '/home/ubuntu/slam_project/agv2_ws/build/ydlidar_ros2_driver': CMAKE_PREFIX_PATH=/opt/ros/humble /usr/bin/cmake /home/ubuntu/slam_project/agv2_ws/src/ydlidar_ros2_driver -DAMENT_CMAKE_SYMLINK_INSTALL=1 -DCMAKE_INSTALL_PREFIX=/home/ubuntu/slam_project/agv2_ws/install/ydlidar_ros2_driver
[6.365s] DEBUG:colcon.colcon_core.event_handler.log_command:Invoked command in '/home/ubuntu/slam_project/agv2_ws/build/agv_bringup' returned '0': CMAKE_PREFIX_PATH=/opt/ros/humble /usr/bin/cmake /home/ubuntu/slam_project/agv2_ws/src/agv_bringup -DAMENT_CMAKE_SYMLINK_INSTALL=1 -DCMAKE_INSTALL_PREFIX=/home/ubuntu/slam_project/agv2_ws/install/agv_bringup
[6.368s] DEBUG:colcon.colcon_core.event_handler.log_command:Invoking command in '/home/ubuntu/slam_project/agv2_ws/build/agv_bringup': CMAKE_PREFIX_PATH=/opt/ros/humble /usr/bin/cmake --build /home/ubuntu/slam_project/agv2_ws/build/agv_bringup -- -j4 -l4
[6.586s] DEBUG:colcon.colcon_core.event_handler.log_command:Invoked command in '/home/ubuntu/slam_project/agv2_ws/build/agv_bringup' returned '0': CMAKE_PREFIX_PATH=/opt/ros/humble /usr/bin/cmake --build /home/ubuntu/slam_project/agv2_ws/build/agv_bringup -- -j4 -l4
[6.628s] DEBUG:colcon.colcon_core.event_handler.log_command:Invoking command in '/home/ubuntu/slam_project/agv2_ws/build/agv_bringup': CMAKE_PREFIX_PATH=/opt/ros/humble /usr/bin/cmake --install /home/ubuntu/slam_project/agv2_ws/build/agv_bringup
[7.882s] Level 1:colcon.colcon_core.environment:create_environment_scripts_only(agv_bringup)
[7.886s] DEBUG:colcon.colcon_core.event_handler.log_command:Invoked command in '/home/ubuntu/slam_project/agv2_ws/build/agv_bringup' returned '0': CMAKE_PREFIX_PATH=/opt/ros/humble /usr/bin/cmake --install /home/ubuntu/slam_project/agv2_ws/build/agv_bringup
[7.921s] Level 1:colcon.colcon_core.environment:checking '/home/ubuntu/slam_project/agv2_ws/install/agv_bringup' for CMake module files
[7.925s] Level 1:colcon.colcon_core.environment:checking '/home/ubuntu/slam_project/agv2_ws/install/agv_bringup' for CMake config files
[7.929s] Level 1:colcon.colcon_core.shell:create_environment_hook('agv_bringup', 'cmake_prefix_path')
[7.931s] INFO:colcon.colcon_core.shell:Creating environment hook '/home/ubuntu/slam_project/agv2_ws/install/agv_bringup/share/agv_bringup/hook/cmake_prefix_path.ps1'
[7.937s] INFO:colcon.colcon_core.shell:Creating environment descriptor '/home/ubuntu/slam_project/agv2_ws/install/agv_bringup/share/agv_bringup/hook/cmake_prefix_path.dsv'
[7.940s] INFO:colcon.colcon_core.shell:Creating environment hook '/home/ubuntu/slam_project/agv2_ws/install/agv_bringup/share/agv_bringup/hook/cmake_prefix_path.sh'
[7.945s] Level 1:colcon.colcon_core.environment:checking '/home/ubuntu/slam_project/agv2_ws/install/agv_bringup/bin'
[7.946s] Level 1:colcon.colcon_core.environment:checking '/home/ubuntu/slam_project/agv2_ws/install/agv_bringup/lib/pkgconfig/agv_bringup.pc'
[7.947s] Level 1:colcon.colcon_core.environment:checking '/home/ubuntu/slam_project/agv2_ws/install/agv_bringup/lib/python3.10/site-packages'
[7.950s] Level 1:colcon.colcon_core.environment:checking '/home/ubuntu/slam_project/agv2_ws/install/agv_bringup/bin'
[7.954s] INFO:colcon.colcon_core.shell:Creating package script '/home/ubuntu/slam_project/agv2_ws/install/agv_bringup/share/agv_bringup/package.ps1'
[7.966s] INFO:colcon.colcon_core.shell:Creating package descriptor '/home/ubuntu/slam_project/agv2_ws/install/agv_bringup/share/agv_bringup/package.dsv'
[7.974s] INFO:colcon.colcon_core.shell:Creating package script '/home/ubuntu/slam_project/agv2_ws/install/agv_bringup/share/agv_bringup/package.sh'
[7.981s] INFO:colcon.colcon_core.shell:Creating package script '/home/ubuntu/slam_project/agv2_ws/install/agv_bringup/share/agv_bringup/package.bash'
[7.991s] INFO:colcon.colcon_core.shell:Creating package script '/home/ubuntu/slam_project/agv2_ws/install/agv_bringup/share/agv_bringup/package.zsh'
[7.998s] Level 1:colcon.colcon_core.environment:create_file_with_runtime_dependencies(/home/ubuntu/slam_project/agv2_ws/install/agv_bringup/share/colcon-core/packages/agv_bringup)
[8.004s] Level 1:colcon.colcon_core.environment:create_environment_scripts_only(agv_bringup)
[8.005s] Level 1:colcon.colcon_core.environment:checking '/home/ubuntu/slam_project/agv2_ws/install/agv_bringup' for CMake module files
[8.009s] Level 1:colcon.colcon_core.environment:checking '/home/ubuntu/slam_project/agv2_ws/install/agv_bringup' for CMake config files
[8.012s] Level 1:colcon.colcon_core.shell:create_environment_hook('agv_bringup', 'cmake_prefix_path')
[8.014s] INFO:colcon.colcon_core.shell:Creating environment hook '/home/ubuntu/slam_project/agv2_ws/install/agv_bringup/share/agv_bringup/hook/cmake_prefix_path.ps1'
[8.018s] INFO:colcon.colcon_core.shell:Creating environment descriptor '/home/ubuntu/slam_project/agv2_ws/install/agv_bringup/share/agv_bringup/hook/cmake_prefix_path.dsv'
[8.023s] INFO:colcon.colcon_core.shell:Creating environment hook '/home/ubuntu/slam_project/agv2_ws/install/agv_bringup/share/agv_bringup/hook/cmake_prefix_path.sh'
[8.029s] Level 1:colcon.colcon_core.environment:checking '/home/ubuntu/slam_project/agv2_ws/install/agv_bringup/bin'
[8.030s] Level 1:colcon.colcon_core.environment:checking '/home/ubuntu/slam_project/agv2_ws/install/agv_bringup/lib/pkgconfig/agv_bringup.pc'
[8.032s] Level 1:colcon.colcon_core.environment:checking '/home/ubuntu/slam_project/agv2_ws/install/agv_bringup/lib/python3.10/site-packages'
[8.036s] Level 1:colcon.colcon_core.environment:checking '/home/ubuntu/slam_project/agv2_ws/install/agv_bringup/bin'
[8.038s] INFO:colcon.colcon_core.shell:Creating package script '/home/ubuntu/slam_project/agv2_ws/install/agv_bringup/share/agv_bringup/package.ps1'
[8.042s] INFO:colcon.colcon_core.shell:Creating package descriptor '/home/ubuntu/slam_project/agv2_ws/install/agv_bringup/share/agv_bringup/package.dsv'
[8.045s] INFO:colcon.colcon_core.shell:Creating package script '/home/ubuntu/slam_project/agv2_ws/install/agv_bringup/share/agv_bringup/package.sh'
[8.048s] INFO:colcon.colcon_core.shell:Creating package script '/home/ubuntu/slam_project/agv2_ws/install/agv_bringup/share/agv_bringup/package.bash'
[8.051s] INFO:colcon.colcon_core.shell:Creating package script '/home/ubuntu/slam_project/agv2_ws/install/agv_bringup/share/agv_bringup/package.zsh'
[8.054s] Level 1:colcon.colcon_core.environment:create_file_with_runtime_dependencies(/home/ubuntu/slam_project/agv2_ws/install/agv_bringup/share/colcon-core/packages/agv_bringup)
[8.070s] DEBUG:colcon.colcon_core.event_handler.log_command:Invoking command in '/home/ubuntu/slam_project/agv2_ws/build/myagv_teleop': PYTHONPATH=/home/ubuntu/slam_project/agv2_ws/build/myagv_teleop/prefix_override:/usr/lib/python3/dist-packages/colcon_core/task/python/colcon_distutils_commands:/home/ubuntu/slam_project/agv2_ws/install/myagv_teleop/lib/python3.10/site-packages:${PYTHONPATH} /usr/bin/python3 -W ignore:setup.py install is deprecated -W ignore:easy_install command is deprecated setup.py develop --editable --build-directory /home/ubuntu/slam_project/agv2_ws/build/myagv_teleop/build --no-deps symlink_data
[10.482s] Level 1:colcon.colcon_core.shell:create_environment_hook('myagv_teleop', 'pythonpath_develop')
[10.483s] INFO:colcon.colcon_core.shell:Creating environment hook '/home/ubuntu/slam_project/agv2_ws/build/myagv_teleop/share/myagv_teleop/hook/pythonpath_develop.ps1'
[10.486s] INFO:colcon.colcon_core.shell:Creating environment descriptor '/home/ubuntu/slam_project/agv2_ws/build/myagv_teleop/share/myagv_teleop/hook/pythonpath_develop.dsv'
[10.488s] INFO:colcon.colcon_core.shell:Creating environment hook '/home/ubuntu/slam_project/agv2_ws/build/myagv_teleop/share/myagv_teleop/hook/pythonpath_develop.sh'
[10.491s] Level 1:colcon.colcon_core.environment:checking '/home/ubuntu/slam_project/agv2_ws/install/myagv_teleop' for CMake module files
[10.493s] DEBUG:colcon.colcon_core.event_handler.log_command:Invoked command in '/home/ubuntu/slam_project/agv2_ws/build/myagv_teleop' returned '0': PYTHONPATH=/home/ubuntu/slam_project/agv2_ws/build/myagv_teleop/prefix_override:/usr/lib/python3/dist-packages/colcon_core/task/python/colcon_distutils_commands:/home/ubuntu/slam_project/agv2_ws/install/myagv_teleop/lib/python3.10/site-packages:${PYTHONPATH} /usr/bin/python3 -W ignore:setup.py install is deprecated -W ignore:easy_install command is deprecated setup.py develop --editable --build-directory /home/ubuntu/slam_project/agv2_ws/build/myagv_teleop/build --no-deps symlink_data
[10.495s] Level 1:colcon.colcon_core.environment:checking '/home/ubuntu/slam_project/agv2_ws/install/myagv_teleop' for CMake config files
[10.498s] Level 1:colcon.colcon_core.environment:checking '/home/ubuntu/slam_project/agv2_ws/install/myagv_teleop/lib'
[10.499s] Level 1:colcon.colcon_core.environment:checking '/home/ubuntu/slam_project/agv2_ws/install/myagv_teleop/bin'
[10.499s] Level 1:colcon.colcon_core.environment:checking '/home/ubuntu/slam_project/agv2_ws/install/myagv_teleop/lib/pkgconfig/myagv_teleop.pc'
[10.500s] Level 1:colcon.colcon_core.environment:checking '/home/ubuntu/slam_project/agv2_ws/install/myagv_teleop/lib/python3.10/site-packages'
[10.501s] Level 1:colcon.colcon_core.shell:create_environment_hook('myagv_teleop', 'pythonpath')
[10.502s] INFO:colcon.colcon_core.shell:Creating environment hook '/home/ubuntu/slam_project/agv2_ws/install/myagv_teleop/share/myagv_teleop/hook/pythonpath.ps1'
[10.504s] INFO:colcon.colcon_core.shell:Creating environment descriptor '/home/ubuntu/slam_project/agv2_ws/install/myagv_teleop/share/myagv_teleop/hook/pythonpath.dsv'
[10.506s] INFO:colcon.colcon_core.shell:Creating environment hook '/home/ubuntu/slam_project/agv2_ws/install/myagv_teleop/share/myagv_teleop/hook/pythonpath.sh'
[10.510s] Level 1:colcon.colcon_core.environment:checking '/home/ubuntu/slam_project/agv2_ws/install/myagv_teleop/bin'
[10.511s] Level 1:colcon.colcon_core.environment:create_environment_scripts_only(myagv_teleop)
[10.512s] INFO:colcon.colcon_core.shell:Creating package script '/home/ubuntu/slam_project/agv2_ws/install/myagv_teleop/share/myagv_teleop/package.ps1'
[10.515s] INFO:colcon.colcon_core.shell:Creating package descriptor '/home/ubuntu/slam_project/agv2_ws/install/myagv_teleop/share/myagv_teleop/package.dsv'
[10.518s] INFO:colcon.colcon_core.shell:Creating package script '/home/ubuntu/slam_project/agv2_ws/install/myagv_teleop/share/myagv_teleop/package.sh'
[10.521s] INFO:colcon.colcon_core.shell:Creating package script '/home/ubuntu/slam_project/agv2_ws/install/myagv_teleop/share/myagv_teleop/package.bash'
[10.523s] INFO:colcon.colcon_core.shell:Creating package script '/home/ubuntu/slam_project/agv2_ws/install/myagv_teleop/share/myagv_teleop/package.zsh'
[10.525s] Level 1:colcon.colcon_core.environment:create_file_with_runtime_dependencies(/home/ubuntu/slam_project/agv2_ws/install/myagv_teleop/share/colcon-core/packages/myagv_teleop)
[11.403s] DEBUG:colcon.colcon_core.event_handler.log_command:Invoked command in '/home/ubuntu/slam_project/agv2_ws/build/myagv_odometry' returned '1': /usr/bin/cmake /home/ubuntu/slam_project/agv2_ws/src/myagv_odometry -DCMAKE_INSTALL_PREFIX=/home/ubuntu/slam_project/agv2_ws/install/myagv_odometry
[11.686s] DEBUG:colcon.colcon_parallel_executor.executor.parallel:closing loop
[11.687s] DEBUG:colcon.colcon_parallel_executor.executor.parallel:loop closed
[11.687s] DEBUG:colcon.colcon_parallel_executor.executor.parallel:run_until_complete finished with '1'
[11.688s] DEBUG:colcon.colcon_core.event_reactor:joining thread
[11.690s] DEBUG:colcon.colcon_core.event_reactor:joined thread
[11.691s] INFO:colcon.colcon_core.shell:Creating prefix script '/home/ubuntu/slam_project/agv2_ws/install/local_setup.ps1'
[11.697s] INFO:colcon.colcon_core.shell:Creating prefix util module '/home/ubuntu/slam_project/agv2_ws/install/_local_setup_util_ps1.py'
[11.706s] INFO:colcon.colcon_core.shell:Creating prefix chain script '/home/ubuntu/slam_project/agv2_ws/install/setup.ps1'
[11.712s] INFO:colcon.colcon_core.shell:Creating prefix script '/home/ubuntu/slam_project/agv2_ws/install/local_setup.sh'
[11.716s] INFO:colcon.colcon_core.shell:Creating prefix util module '/home/ubuntu/slam_project/agv2_ws/install/_local_setup_util_sh.py'
[11.718s] INFO:colcon.colcon_core.shell:Creating prefix chain script '/home/ubuntu/slam_project/agv2_ws/install/setup.sh'
[11.723s] INFO:colcon.colcon_core.shell:Creating prefix script '/home/ubuntu/slam_project/agv2_ws/install/local_setup.bash'
[11.725s] INFO:colcon.colcon_core.shell:Creating prefix chain script '/home/ubuntu/slam_project/agv2_ws/install/setup.bash'
[11.729s] INFO:colcon.colcon_core.shell:Creating prefix script '/home/ubuntu/slam_project/agv2_ws/install/local_setup.zsh'
[11.732s] INFO:colcon.colcon_core.shell:Creating prefix chain script '/home/ubuntu/slam_project/agv2_ws/install/setup.zsh'
