[ 25%] Building CXX object CMakeFiles/ydlidar_ros2_driver_node.dir/src/ydlidar_ros2_driver_node.cpp.o
[ 75%] Built target ydlidar_ros2_driver_client
/home/ubuntu/slam_project/agv2_ws/src/ydlidar_ros2_driver/src/ydlidar_ros2_driver_node.cpp: In lambda function:
/home/ubuntu/slam_project/agv2_ws/src/ydlidar_ros2_driver/src/ydlidar_ros2_driver_node.cpp:187:54: warning: unused parameter ‘request_header’ [-Wunused-parameter]
  187 |     [&laser](const std::shared_ptr<rmw_request_id_t> request_header,
      |              ~~~~~~~~~~~~~~~~~~~~~~~~~~~~~~~~~~~~~~~~^~~~~~~~~~~~~~
/home/ubuntu/slam_project/agv2_ws/src/ydlidar_ros2_driver/src/ydlidar_ros2_driver_node.cpp:188:56: warning: unused parameter ‘req’ [-Wunused-parameter]
  188 |   const std::shared_ptr<std_srvs::srv::Empty::Request> req,
      |   ~~~~~~~~~~~~~~~~~~~~~~~~~~~~~~~~~~~~~~~~~~~~~~~~~~~~~^~~
/home/ubuntu/slam_project/agv2_ws/src/ydlidar_ros2_driver/src/ydlidar_ros2_driver_node.cpp:189:51: warning: unused parameter ‘response’ [-Wunused-parameter]
  189 |   std::shared_ptr<std_srvs::srv::Empty::Response> response) -> bool
      |   ~~~~~~~~~~~~~~~~~~~~~~~~~~~~~~~~~~~~~~~~~~~~~~~~^~~~~~~~
/home/ubuntu/slam_project/agv2_ws/src/ydlidar_ros2_driver/src/ydlidar_ros2_driver_node.cpp: In lambda function:
/home/ubuntu/slam_project/agv2_ws/src/ydlidar_ros2_driver/src/ydlidar_ros2_driver_node.cpp:197:54: warning: unused parameter ‘request_header’ [-Wunused-parameter]
  197 |     [&laser](const std::shared_ptr<rmw_request_id_t> request_header,
      |              ~~~~~~~~~~~~~~~~~~~~~~~~~~~~~~~~~~~~~~~~^~~~~~~~~~~~~~
/home/ubuntu/slam_project/agv2_ws/src/ydlidar_ros2_driver/src/ydlidar_ros2_driver_node.cpp:198:56: warning: unused parameter ‘req’ [-Wunused-parameter]
  198 |   const std::shared_ptr<std_srvs::srv::Empty::Request> req,
      |   ~~~~~~~~~~~~~~~~~~~~~~~~~~~~~~~~~~~~~~~~~~~~~~~~~~~~~^~~
/home/ubuntu/slam_project/agv2_ws/src/ydlidar_ros2_driver/src/ydlidar_ros2_driver_node.cpp:199:51: warning: unused parameter ‘response’ [-Wunused-parameter]
  199 |   std::shared_ptr<std_srvs::srv::Empty::Response> response) -> bool
      |   ~~~~~~~~~~~~~~~~~~~~~~~~~~~~~~~~~~~~~~~~~~~~~~~~^~~~~~~~
[100%] Linking CXX executable ydlidar_ros2_driver_node
[100%] Built target ydlidar_ros2_driver_node
-- Install configuration: ""
-- Execute custom install script
-- Up-to-date symlink: /home/ubuntu/slam_project/agv2_ws/install/ydlidar_ros2_driver/lib/ydlidar_ros2_driver/ydlidar_ros2_driver_node
-- Up-to-date symlink: /home/ubuntu/slam_project/agv2_ws/install/ydlidar_ros2_driver/lib/ydlidar_ros2_driver/ydlidar_ros2_driver_client
-- Up-to-date symlink: /home/ubuntu/slam_project/agv2_ws/install/ydlidar_ros2_driver/share/ydlidar_ros2_driver/launch/ydlidar.py
-- Up-to-date symlink: /home/ubuntu/slam_project/agv2_ws/install/ydlidar_ros2_driver/share/ydlidar_ros2_driver/launch/ydlidar_launch.py
-- Up-to-date symlink: /home/ubuntu/slam_project/agv2_ws/install/ydlidar_ros2_driver/share/ydlidar_ros2_driver/launch/ydlidar_launch_view.py
-- Up-to-date symlink: /home/ubuntu/slam_project/agv2_ws/install/ydlidar_ros2_driver/share/ydlidar_ros2_driver/params/G1.yaml
-- Up-to-date symlink: /home/ubuntu/slam_project/agv2_ws/install/ydlidar_ros2_driver/share/ydlidar_ros2_driver/params/G2.yaml
-- Up-to-date symlink: /home/ubuntu/slam_project/agv2_ws/install/ydlidar_ros2_driver/share/ydlidar_ros2_driver/params/G4.yaml
-- Up-to-date symlink: /home/ubuntu/slam_project/agv2_ws/install/ydlidar_ros2_driver/share/ydlidar_ros2_driver/params/G6.yaml
-- Up-to-date symlink: /home/ubuntu/slam_project/agv2_ws/install/ydlidar_ros2_driver/share/ydlidar_ros2_driver/params/GS2.yaml
-- Up-to-date symlink: /home/ubuntu/slam_project/agv2_ws/install/ydlidar_ros2_driver/share/ydlidar_ros2_driver/params/GS5.yaml
-- Up-to-date symlink: /home/ubuntu/slam_project/agv2_ws/install/ydlidar_ros2_driver/share/ydlidar_ros2_driver/params/TEA.yaml
-- Up-to-date symlink: /home/ubuntu/slam_project/agv2_ws/install/ydlidar_ros2_driver/share/ydlidar_ros2_driver/params/TG.yaml
-- Up-to-date symlink: /home/ubuntu/slam_project/agv2_ws/install/ydlidar_ros2_driver/share/ydlidar_ros2_driver/params/Tmini-Plus-SH.yaml
-- Up-to-date symlink: /home/ubuntu/slam_project/agv2_ws/install/ydlidar_ros2_driver/share/ydlidar_ros2_driver/params/Tmini.yaml
-- Up-to-date symlink: /home/ubuntu/slam_project/agv2_ws/install/ydlidar_ros2_driver/share/ydlidar_ros2_driver/params/X2.yaml
-- Up-to-date symlink: /home/ubuntu/slam_project/agv2_ws/install/ydlidar_ros2_driver/share/ydlidar_ros2_driver/params/X3.yaml
-- Up-to-date symlink: /home/ubuntu/slam_project/agv2_ws/install/ydlidar_ros2_driver/share/ydlidar_ros2_driver/params/X4-Pro.yaml
-- Up-to-date symlink: /home/ubuntu/slam_project/agv2_ws/install/ydlidar_ros2_driver/share/ydlidar_ros2_driver/params/X4.yaml
-- Up-to-date symlink: /home/ubuntu/slam_project/agv2_ws/install/ydlidar_ros2_driver/share/ydlidar_ros2_driver/params/sdm15.yaml
-- Up-to-date symlink: /home/ubuntu/slam_project/agv2_ws/install/ydlidar_ros2_driver/share/ydlidar_ros2_driver/params/ydlidar.yaml
-- Up-to-date symlink: /home/ubuntu/slam_project/agv2_ws/install/ydlidar_ros2_driver/share/ydlidar_ros2_driver/startup/initenv.sh
-- Up-to-date symlink: /home/ubuntu/slam_project/agv2_ws/install/ydlidar_ros2_driver/share/ydlidar_ros2_driver/config/ydlidar.rviz
-- Up-to-date symlink: /home/ubuntu/slam_project/agv2_ws/install/ydlidar_ros2_driver/share/ament_index/resource_index/package_run_dependencies/ydlidar_ros2_driver
-- Up-to-date symlink: /home/ubuntu/slam_project/agv2_ws/install/ydlidar_ros2_driver/share/ament_index/resource_index/parent_prefix_path/ydlidar_ros2_driver
-- Up-to-date symlink: /home/ubuntu/slam_project/agv2_ws/install/ydlidar_ros2_driver/share/ydlidar_ros2_driver/environment/ament_prefix_path.sh
-- Up-to-date symlink: /home/ubuntu/slam_project/agv2_ws/install/ydlidar_ros2_driver/share/ydlidar_ros2_driver/environment/ament_prefix_path.dsv
-- Up-to-date symlink: /home/ubuntu/slam_project/agv2_ws/install/ydlidar_ros2_driver/share/ydlidar_ros2_driver/environment/path.sh
-- Up-to-date symlink: /home/ubuntu/slam_project/agv2_ws/install/ydlidar_ros2_driver/share/ydlidar_ros2_driver/environment/path.dsv
-- Up-to-date symlink: /home/ubuntu/slam_project/agv2_ws/install/ydlidar_ros2_driver/share/ydlidar_ros2_driver/local_setup.bash
-- Up-to-date symlink: /home/ubuntu/slam_project/agv2_ws/install/ydlidar_ros2_driver/share/ydlidar_ros2_driver/local_setup.sh
-- Up-to-date symlink: /home/ubuntu/slam_project/agv2_ws/install/ydlidar_ros2_driver/share/ydlidar_ros2_driver/local_setup.zsh
-- Up-to-date symlink: /home/ubuntu/slam_project/agv2_ws/install/ydlidar_ros2_driver/share/ydlidar_ros2_driver/local_setup.dsv
-- Symlinking: /home/ubuntu/slam_project/agv2_ws/install/ydlidar_ros2_driver/share/ydlidar_ros2_driver/package.dsv
-- Up-to-date symlink: /home/ubuntu/slam_project/agv2_ws/install/ydlidar_ros2_driver/share/ament_index/resource_index/packages/ydlidar_ros2_driver
-- Up-to-date symlink: /home/ubuntu/slam_project/agv2_ws/install/ydlidar_ros2_driver/share/ydlidar_ros2_driver/cmake/ydlidar_ros2_driverConfig.cmake
-- Up-to-date symlink: /home/ubuntu/slam_project/agv2_ws/install/ydlidar_ros2_driver/share/ydlidar_ros2_driver/cmake/ydlidar_ros2_driverConfig-version.cmake
-- Up-to-date symlink: /home/ubuntu/slam_project/agv2_ws/install/ydlidar_ros2_driver/share/ydlidar_ros2_driver/package.xml
