[0.469s] DEBUG:colcon:Command line arguments: ['/usr/bin/colcon', 'build', '--symlink-install']
[0.469s] DEBUG:colcon:Parsed command line arguments: Namespace(log_base=None, log_level=None, verb_name='build', build_base='build', install_base='install', merge_install=False, symlink_install=True, test_result_base=None, continue_on_error=False, executor='parallel', parallel_workers=4, event_handlers=None, ignore_user_meta=False, metas=['./colcon.meta'], base_paths=['.'], packages_ignore=None, packages_ignore_regex=None, paths=None, packages_up_to=None, packages_up_to_regex=None, packages_above=None, packages_above_and_dependencies=None, packages_above_depth=None, packages_select_by_dep=None, packages_skip_by_dep=None, packages_skip_up_to=None, packages_select_build_failed=False, packages_skip_build_finished=False, packages_select_test_failures=False, packages_skip_test_passed=False, packages_select=None, packages_skip=None, packages_select_regex=None, packages_skip_regex=None, packages_start=None, packages_end=None, allow_overriding=[], cmake_args=None, cmake_target=None, cmake_target_skip_unavailable=False, cmake_clean_cache=False, cmake_clean_first=False, cmake_force_configure=False, ament_cmake_args=None, catkin_cmake_args=None, catkin_skip_building_tests=False, mixin_files=None, mixin=None, verb_parser=<colcon_mixin.mixin.mixin_argument.MixinArgumentDecorator object at 0xffffb9f17580>, verb_extension=<colcon_core.verb.build.BuildVerb object at 0xffffba0605b0>, main=<bound method BuildVerb.main of <colcon_core.verb.build.BuildVerb object at 0xffffba0605b0>>, mixin_verb=('build',))
[1.110s] Level 1:colcon.colcon_core.package_discovery:discover_packages(colcon_meta) check parameters
[1.111s] Level 1:colcon.colcon_core.package_discovery:discover_packages(recursive) check parameters
[1.111s] Level 1:colcon.colcon_core.package_discovery:discover_packages(ignore) check parameters
[1.111s] Level 1:colcon.colcon_core.package_discovery:discover_packages(path) check parameters
[1.111s] Level 1:colcon.colcon_core.package_discovery:discover_packages(colcon_meta) discover
[1.111s] Level 1:colcon.colcon_core.package_discovery:discover_packages(recursive) discover
[1.112s] INFO:colcon.colcon_core.package_discovery:Crawling recursively for packages in '/home/ubuntu/slam_project/agv2_ws'
[1.112s] Level 1:colcon.colcon_core.package_identification:_identify(.) by extensions ['ignore', 'ignore_ament_install']
[1.112s] Level 1:colcon.colcon_core.package_identification:_identify(.) by extension 'ignore'
[1.113s] Level 1:colcon.colcon_core.package_identification:_identify(.) by extension 'ignore_ament_install'
[1.113s] Level 1:colcon.colcon_core.package_identification:_identify(.) by extensions ['colcon_pkg']
[1.113s] Level 1:colcon.colcon_core.package_identification:_identify(.) by extension 'colcon_pkg'
[1.113s] Level 1:colcon.colcon_core.package_identification:_identify(.) by extensions ['colcon_meta']
[1.113s] Level 1:colcon.colcon_core.package_identification:_identify(.) by extension 'colcon_meta'
[1.113s] Level 1:colcon.colcon_core.package_identification:_identify(.) by extensions ['ros']
[1.113s] Level 1:colcon.colcon_core.package_identification:_identify(.) by extension 'ros'
[1.158s] Level 1:colcon.colcon_core.package_identification:_identify(.) by extensions ['cmake', 'python']
[1.158s] Level 1:colcon.colcon_core.package_identification:_identify(.) by extension 'cmake'
[1.158s] Level 1:colcon.colcon_core.package_identification:_identify(.) by extension 'python'
[1.158s] Level 1:colcon.colcon_core.package_identification:_identify(.) by extensions ['python_setup_py']
[1.159s] Level 1:colcon.colcon_core.package_identification:_identify(.) by extension 'python_setup_py'
[1.159s] Level 1:colcon.colcon_core.package_identification:_identify(build) by extensions ['ignore', 'ignore_ament_install']
[1.160s] Level 1:colcon.colcon_core.package_identification:_identify(build) by extension 'ignore'
[1.160s] Level 1:colcon.colcon_core.package_identification:_identify(build) ignored
[1.160s] Level 1:colcon.colcon_core.package_identification:_identify(install) by extensions ['ignore', 'ignore_ament_install']
[1.161s] Level 1:colcon.colcon_core.package_identification:_identify(install) by extension 'ignore'
[1.161s] Level 1:colcon.colcon_core.package_identification:_identify(install) ignored
[1.161s] Level 1:colcon.colcon_core.package_identification:_identify(log) by extensions ['ignore', 'ignore_ament_install']
[1.162s] Level 1:colcon.colcon_core.package_identification:_identify(log) by extension 'ignore'
[1.162s] Level 1:colcon.colcon_core.package_identification:_identify(log) ignored
[1.162s] Level 1:colcon.colcon_core.package_identification:_identify(src) by extensions ['ignore', 'ignore_ament_install']
[1.163s] Level 1:colcon.colcon_core.package_identification:_identify(src) by extension 'ignore'
[1.163s] Level 1:colcon.colcon_core.package_identification:_identify(src) by extension 'ignore_ament_install'
[1.163s] Level 1:colcon.colcon_core.package_identification:_identify(src) by extensions ['colcon_pkg']
[1.163s] Level 1:colcon.colcon_core.package_identification:_identify(src) by extension 'colcon_pkg'
[1.163s] Level 1:colcon.colcon_core.package_identification:_identify(src) by extensions ['colcon_meta']
[1.163s] Level 1:colcon.colcon_core.package_identification:_identify(src) by extension 'colcon_meta'
[1.164s] Level 1:colcon.colcon_core.package_identification:_identify(src) by extensions ['ros']
[1.164s] Level 1:colcon.colcon_core.package_identification:_identify(src) by extension 'ros'
[1.164s] Level 1:colcon.colcon_core.package_identification:_identify(src) by extensions ['cmake', 'python']
[1.164s] Level 1:colcon.colcon_core.package_identification:_identify(src) by extension 'cmake'
[1.164s] Level 1:colcon.colcon_core.package_identification:_identify(src) by extension 'python'
[1.164s] Level 1:colcon.colcon_core.package_identification:_identify(src) by extensions ['python_setup_py']
[1.165s] Level 1:colcon.colcon_core.package_identification:_identify(src) by extension 'python_setup_py'
[1.165s] Level 1:colcon.colcon_core.package_identification:_identify(src/agv_bringup) by extensions ['ignore', 'ignore_ament_install']
[1.165s] Level 1:colcon.colcon_core.package_identification:_identify(src/agv_bringup) by extension 'ignore'
[1.166s] Level 1:colcon.colcon_core.package_identification:_identify(src/agv_bringup) by extension 'ignore_ament_install'
[1.166s] Level 1:colcon.colcon_core.package_identification:_identify(src/agv_bringup) by extensions ['colcon_pkg']
[1.166s] Level 1:colcon.colcon_core.package_identification:_identify(src/agv_bringup) by extension 'colcon_pkg'
[1.166s] Level 1:colcon.colcon_core.package_identification:_identify(src/agv_bringup) by extensions ['colcon_meta']
[1.166s] Level 1:colcon.colcon_core.package_identification:_identify(src/agv_bringup) by extension 'colcon_meta'
[1.166s] Level 1:colcon.colcon_core.package_identification:_identify(src/agv_bringup) by extensions ['ros']
[1.167s] Level 1:colcon.colcon_core.package_identification:_identify(src/agv_bringup) by extension 'ros'
[1.180s] DEBUG:colcon.colcon_core.package_identification:Package 'src/agv_bringup' with type 'ros.ament_cmake' and name 'agv_bringup'
[1.181s] Level 1:colcon.colcon_core.package_identification:_identify(src/myagv_odometry) by extensions ['ignore', 'ignore_ament_install']
[1.181s] Level 1:colcon.colcon_core.package_identification:_identify(src/myagv_odometry) by extension 'ignore'
[1.182s] Level 1:colcon.colcon_core.package_identification:_identify(src/myagv_odometry) by extension 'ignore_ament_install'
[1.182s] Level 1:colcon.colcon_core.package_identification:_identify(src/myagv_odometry) by extensions ['colcon_pkg']
[1.182s] Level 1:colcon.colcon_core.package_identification:_identify(src/myagv_odometry) by extension 'colcon_pkg'
[1.182s] Level 1:colcon.colcon_core.package_identification:_identify(src/myagv_odometry) by extensions ['colcon_meta']
[1.182s] Level 1:colcon.colcon_core.package_identification:_identify(src/myagv_odometry) by extension 'colcon_meta'
[1.183s] Level 1:colcon.colcon_core.package_identification:_identify(src/myagv_odometry) by extensions ['ros']
[1.183s] Level 1:colcon.colcon_core.package_identification:_identify(src/myagv_odometry) by extension 'ros'
[1.186s] DEBUG:colcon.colcon_core.package_identification:Package 'src/myagv_odometry' with type 'ros.ament_cmake' and name 'myagv_odometry'
[1.187s] Level 1:colcon.colcon_core.package_identification:_identify(src/myagv_teleop) by extensions ['ignore', 'ignore_ament_install']
[1.187s] Level 1:colcon.colcon_core.package_identification:_identify(src/myagv_teleop) by extension 'ignore'
[1.188s] Level 1:colcon.colcon_core.package_identification:_identify(src/myagv_teleop) by extension 'ignore_ament_install'
[1.188s] Level 1:colcon.colcon_core.package_identification:_identify(src/myagv_teleop) by extensions ['colcon_pkg']
[1.188s] Level 1:colcon.colcon_core.package_identification:_identify(src/myagv_teleop) by extension 'colcon_pkg'
[1.188s] Level 1:colcon.colcon_core.package_identification:_identify(src/myagv_teleop) by extensions ['colcon_meta']
[1.188s] Level 1:colcon.colcon_core.package_identification:_identify(src/myagv_teleop) by extension 'colcon_meta'
[1.189s] Level 1:colcon.colcon_core.package_identification:_identify(src/myagv_teleop) by extensions ['ros']
[1.189s] Level 1:colcon.colcon_core.package_identification:_identify(src/myagv_teleop) by extension 'ros'
[1.191s] DEBUG:colcon.colcon_core.package_identification:Package 'src/myagv_teleop' with type 'ros.ament_python' and name 'myagv_teleop'
[1.192s] Level 1:colcon.colcon_core.package_identification:_identify(src/ydlidar_ros2_driver) by extensions ['ignore', 'ignore_ament_install']
[1.192s] Level 1:colcon.colcon_core.package_identification:_identify(src/ydlidar_ros2_driver) by extension 'ignore'
[1.192s] Level 1:colcon.colcon_core.package_identification:_identify(src/ydlidar_ros2_driver) by extension 'ignore_ament_install'
[1.192s] Level 1:colcon.colcon_core.package_identification:_identify(src/ydlidar_ros2_driver) by extensions ['colcon_pkg']
[1.193s] Level 1:colcon.colcon_core.package_identification:_identify(src/ydlidar_ros2_driver) by extension 'colcon_pkg'
[1.193s] Level 1:colcon.colcon_core.package_identification:_identify(src/ydlidar_ros2_driver) by extensions ['colcon_meta']
[1.193s] Level 1:colcon.colcon_core.package_identification:_identify(src/ydlidar_ros2_driver) by extension 'colcon_meta'
[1.193s] Level 1:colcon.colcon_core.package_identification:_identify(src/ydlidar_ros2_driver) by extensions ['ros']
[1.193s] Level 1:colcon.colcon_core.package_identification:_identify(src/ydlidar_ros2_driver) by extension 'ros'
[1.196s] DEBUG:colcon.colcon_core.package_identification:Package 'src/ydlidar_ros2_driver' with type 'ros.ament_cmake' and name 'ydlidar_ros2_driver'
[1.196s] Level 1:colcon.colcon_core.package_discovery:discover_packages(recursive) using defaults
[1.196s] Level 1:colcon.colcon_core.package_discovery:discover_packages(ignore) discover
[1.197s] Level 1:colcon.colcon_core.package_discovery:discover_packages(ignore) using defaults
[1.197s] Level 1:colcon.colcon_core.package_discovery:discover_packages(path) discover
[1.197s] Level 1:colcon.colcon_core.package_discovery:discover_packages(path) using defaults
[1.274s] Level 1:colcon.colcon_core.package_discovery:discover_packages(prefix_path) check parameters
[1.275s] Level 1:colcon.colcon_core.package_discovery:discover_packages(prefix_path) discover
[1.283s] DEBUG:colcon.colcon_installed_package_information.package_discovery:Found 4 installed packages in /home/ubuntu/slam_project/agv2_ws/install
[1.290s] DEBUG:colcon.colcon_installed_package_information.package_discovery:Found 198 installed packages in /opt/ros/humble
[1.295s] Level 1:colcon.colcon_core.package_discovery:discover_packages(prefix_path) using defaults
[1.451s] Level 5:colcon.colcon_core.verb:set package 'agv_bringup' build argument 'cmake_args' from command line to 'None'
[1.452s] Level 5:colcon.colcon_core.verb:set package 'agv_bringup' build argument 'cmake_target' from command line to 'None'
[1.452s] Level 5:colcon.colcon_core.verb:set package 'agv_bringup' build argument 'cmake_target_skip_unavailable' from command line to 'False'
[1.452s] Level 5:colcon.colcon_core.verb:set package 'agv_bringup' build argument 'cmake_clean_cache' from command line to 'False'
[1.452s] Level 5:colcon.colcon_core.verb:set package 'agv_bringup' build argument 'cmake_clean_first' from command line to 'False'
[1.452s] Level 5:colcon.colcon_core.verb:set package 'agv_bringup' build argument 'cmake_force_configure' from command line to 'False'
[1.452s] Level 5:colcon.colcon_core.verb:set package 'agv_bringup' build argument 'ament_cmake_args' from command line to 'None'
[1.452s] Level 5:colcon.colcon_core.verb:set package 'agv_bringup' build argument 'catkin_cmake_args' from command line to 'None'
[1.453s] Level 5:colcon.colcon_core.verb:set package 'agv_bringup' build argument 'catkin_skip_building_tests' from command line to 'False'
[1.453s] DEBUG:colcon.colcon_core.verb:Building package 'agv_bringup' with the following arguments: {'ament_cmake_args': None, 'build_base': '/home/ubuntu/slam_project/agv2_ws/build/agv_bringup', 'catkin_cmake_args': None, 'catkin_skip_building_tests': False, 'cmake_args': None, 'cmake_clean_cache': False, 'cmake_clean_first': False, 'cmake_force_configure': False, 'cmake_target': None, 'cmake_target_skip_unavailable': False, 'install_base': '/home/ubuntu/slam_project/agv2_ws/install/agv_bringup', 'merge_install': False, 'path': '/home/ubuntu/slam_project/agv2_ws/src/agv_bringup', 'symlink_install': True, 'test_result_base': None}
[1.454s] Level 5:colcon.colcon_core.verb:set package 'myagv_odometry' build argument 'cmake_args' from command line to 'None'
[1.454s] Level 5:colcon.colcon_core.verb:set package 'myagv_odometry' build argument 'cmake_target' from command line to 'None'
[1.454s] Level 5:colcon.colcon_core.verb:set package 'myagv_odometry' build argument 'cmake_target_skip_unavailable' from command line to 'False'
[1.455s] Level 5:colcon.colcon_core.verb:set package 'myagv_odometry' build argument 'cmake_clean_cache' from command line to 'False'
[1.455s] Level 5:colcon.colcon_core.verb:set package 'myagv_odometry' build argument 'cmake_clean_first' from command line to 'False'
[1.455s] Level 5:colcon.colcon_core.verb:set package 'myagv_odometry' build argument 'cmake_force_configure' from command line to 'False'
[1.455s] Level 5:colcon.colcon_core.verb:set package 'myagv_odometry' build argument 'ament_cmake_args' from command line to 'None'
[1.455s] Level 5:colcon.colcon_core.verb:set package 'myagv_odometry' build argument 'catkin_cmake_args' from command line to 'None'
[1.455s] Level 5:colcon.colcon_core.verb:set package 'myagv_odometry' build argument 'catkin_skip_building_tests' from command line to 'False'
[1.455s] DEBUG:colcon.colcon_core.verb:Building package 'myagv_odometry' with the following arguments: {'ament_cmake_args': None, 'build_base': '/home/ubuntu/slam_project/agv2_ws/build/myagv_odometry', 'catkin_cmake_args': None, 'catkin_skip_building_tests': False, 'cmake_args': None, 'cmake_clean_cache': False, 'cmake_clean_first': False, 'cmake_force_configure': False, 'cmake_target': None, 'cmake_target_skip_unavailable': False, 'install_base': '/home/ubuntu/slam_project/agv2_ws/install/myagv_odometry', 'merge_install': False, 'path': '/home/ubuntu/slam_project/agv2_ws/src/myagv_odometry', 'symlink_install': True, 'test_result_base': None}
[1.456s] Level 5:colcon.colcon_core.verb:set package 'myagv_teleop' build argument 'cmake_args' from command line to 'None'
[1.457s] Level 5:colcon.colcon_core.verb:set package 'myagv_teleop' build argument 'cmake_target' from command line to 'None'
[1.457s] Level 5:colcon.colcon_core.verb:set package 'myagv_teleop' build argument 'cmake_target_skip_unavailable' from command line to 'False'
[1.457s] Level 5:colcon.colcon_core.verb:set package 'myagv_teleop' build argument 'cmake_clean_cache' from command line to 'False'
[1.457s] Level 5:colcon.colcon_core.verb:set package 'myagv_teleop' build argument 'cmake_clean_first' from command line to 'False'
[1.457s] Level 5:colcon.colcon_core.verb:set package 'myagv_teleop' build argument 'cmake_force_configure' from command line to 'False'
[1.457s] Level 5:colcon.colcon_core.verb:set package 'myagv_teleop' build argument 'ament_cmake_args' from command line to 'None'
[1.457s] Level 5:colcon.colcon_core.verb:set package 'myagv_teleop' build argument 'catkin_cmake_args' from command line to 'None'
[1.457s] Level 5:colcon.colcon_core.verb:set package 'myagv_teleop' build argument 'catkin_skip_building_tests' from command line to 'False'
[1.457s] DEBUG:colcon.colcon_core.verb:Building package 'myagv_teleop' with the following arguments: {'ament_cmake_args': None, 'build_base': '/home/ubuntu/slam_project/agv2_ws/build/myagv_teleop', 'catkin_cmake_args': None, 'catkin_skip_building_tests': False, 'cmake_args': None, 'cmake_clean_cache': False, 'cmake_clean_first': False, 'cmake_force_configure': False, 'cmake_target': None, 'cmake_target_skip_unavailable': False, 'install_base': '/home/ubuntu/slam_project/agv2_ws/install/myagv_teleop', 'merge_install': False, 'path': '/home/ubuntu/slam_project/agv2_ws/src/myagv_teleop', 'symlink_install': True, 'test_result_base': None}
[1.459s] Level 5:colcon.colcon_core.verb:set package 'ydlidar_ros2_driver' build argument 'cmake_args' from command line to 'None'
[1.459s] Level 5:colcon.colcon_core.verb:set package 'ydlidar_ros2_driver' build argument 'cmake_target' from command line to 'None'
[1.459s] Level 5:colcon.colcon_core.verb:set package 'ydlidar_ros2_driver' build argument 'cmake_target_skip_unavailable' from command line to 'False'
[1.459s] Level 5:colcon.colcon_core.verb:set package 'ydlidar_ros2_driver' build argument 'cmake_clean_cache' from command line to 'False'
[1.459s] Level 5:colcon.colcon_core.verb:set package 'ydlidar_ros2_driver' build argument 'cmake_clean_first' from command line to 'False'
[1.459s] Level 5:colcon.colcon_core.verb:set package 'ydlidar_ros2_driver' build argument 'cmake_force_configure' from command line to 'False'
[1.460s] Level 5:colcon.colcon_core.verb:set package 'ydlidar_ros2_driver' build argument 'ament_cmake_args' from command line to 'None'
[1.460s] Level 5:colcon.colcon_core.verb:set package 'ydlidar_ros2_driver' build argument 'catkin_cmake_args' from command line to 'None'
[1.460s] Level 5:colcon.colcon_core.verb:set package 'ydlidar_ros2_driver' build argument 'catkin_skip_building_tests' from command line to 'False'
[1.460s] DEBUG:colcon.colcon_core.verb:Building package 'ydlidar_ros2_driver' with the following arguments: {'ament_cmake_args': None, 'build_base': '/home/ubuntu/slam_project/agv2_ws/build/ydlidar_ros2_driver', 'catkin_cmake_args': None, 'catkin_skip_building_tests': False, 'cmake_args': None, 'cmake_clean_cache': False, 'cmake_clean_first': False, 'cmake_force_configure': False, 'cmake_target': None, 'cmake_target_skip_unavailable': False, 'install_base': '/home/ubuntu/slam_project/agv2_ws/install/ydlidar_ros2_driver', 'merge_install': False, 'path': '/home/ubuntu/slam_project/agv2_ws/src/ydlidar_ros2_driver', 'symlink_install': True, 'test_result_base': None}
[1.460s] INFO:colcon.colcon_core.executor:Executing jobs using 'parallel' executor
[1.464s] DEBUG:colcon.colcon_parallel_executor.executor.parallel:run_until_complete
[1.465s] INFO:colcon.colcon_ros.task.ament_cmake.build:Building ROS package in '/home/ubuntu/slam_project/agv2_ws/src/agv_bringup' with build type 'ament_cmake'
[1.466s] INFO:colcon.colcon_cmake.task.cmake.build:Building CMake package in '/home/ubuntu/slam_project/agv2_ws/src/agv_bringup'
[1.475s] INFO:colcon.colcon_core.plugin_system:Skipping extension 'colcon_core.shell.bat': Not used on non-Windows systems
[1.476s] INFO:colcon.colcon_core.shell:Skip shell extension 'powershell' for command environment: Not usable outside of PowerShell
[1.476s] DEBUG:colcon.colcon_core.shell:Skip shell extension 'dsv' for command environment
[1.495s] INFO:colcon.colcon_ros.task.ament_cmake.build:Building ROS package in '/home/ubuntu/slam_project/agv2_ws/src/myagv_odometry' with build type 'ament_cmake'
[1.495s] INFO:colcon.colcon_cmake.task.cmake.build:Building CMake package in '/home/ubuntu/slam_project/agv2_ws/src/myagv_odometry'
[1.497s] INFO:colcon.colcon_core.shell:Skip shell extension 'powershell' for command environment: Not usable outside of PowerShell
[1.497s] DEBUG:colcon.colcon_core.shell:Skip shell extension 'dsv' for command environment
[1.514s] INFO:colcon.colcon_ros.task.ament_python.build:Building ROS package in '/home/ubuntu/slam_project/agv2_ws/src/myagv_teleop' with build type 'ament_python'
[1.515s] Level 1:colcon.colcon_core.shell:create_environment_hook('myagv_teleop', 'ament_prefix_path')
[1.516s] INFO:colcon.colcon_core.shell:Creating environment hook '/home/ubuntu/slam_project/agv2_ws/install/myagv_teleop/share/myagv_teleop/hook/ament_prefix_path.ps1'
[1.519s] INFO:colcon.colcon_core.shell:Creating environment descriptor '/home/ubuntu/slam_project/agv2_ws/install/myagv_teleop/share/myagv_teleop/hook/ament_prefix_path.dsv'
[1.522s] INFO:colcon.colcon_core.shell:Creating environment hook '/home/ubuntu/slam_project/agv2_ws/install/myagv_teleop/share/myagv_teleop/hook/ament_prefix_path.sh'
[1.526s] INFO:colcon.colcon_core.shell:Skip shell extension 'powershell' for command environment: Not usable outside of PowerShell
[1.526s] DEBUG:colcon.colcon_core.shell:Skip shell extension 'dsv' for command environment
[1.541s] INFO:colcon.colcon_ros.task.ament_cmake.build:Building ROS package in '/home/ubuntu/slam_project/agv2_ws/src/ydlidar_ros2_driver' with build type 'ament_cmake'
[1.542s] INFO:colcon.colcon_cmake.task.cmake.build:Building CMake package in '/home/ubuntu/slam_project/agv2_ws/src/ydlidar_ros2_driver'
[1.543s] INFO:colcon.colcon_core.shell:Skip shell extension 'powershell' for command environment: Not usable outside of PowerShell
[1.544s] DEBUG:colcon.colcon_core.shell:Skip shell extension 'dsv' for command environment
[1.578s] DEBUG:colcon.colcon_core.event_handler.log_command:Invoking command in '/home/ubuntu/slam_project/agv2_ws/build/agv_bringup': CMAKE_PREFIX_PATH=${CMAKE_PREFIX_PATH}:/home/ubuntu/slam_project/agv2_ws/install/myagv_teleop:/opt/ros/humble /usr/bin/cmake --build /home/ubuntu/slam_project/agv2_ws/build/agv_bringup -- -j4 -l4
[1.606s] DEBUG:colcon.colcon_core.event_handler.log_command:Invoking command in '/home/ubuntu/slam_project/agv2_ws/build/myagv_odometry': CMAKE_PREFIX_PATH=${CMAKE_PREFIX_PATH}:/home/ubuntu/slam_project/agv2_ws/install/myagv_teleop:/opt/ros/humble /usr/bin/cmake --build /home/ubuntu/slam_project/agv2_ws/build/myagv_odometry -- -j4 -l4
[2.660s] INFO:colcon.colcon_core.task.python.build:Building Python package in '/home/ubuntu/slam_project/agv2_ws/src/myagv_teleop'
[2.661s] INFO:colcon.colcon_core.shell:Skip shell extension 'powershell' for command environment: Not usable outside of PowerShell
[2.662s] DEBUG:colcon.colcon_core.shell:Skip shell extension 'dsv' for command environment
[2.689s] DEBUG:colcon.colcon_core.event_handler.log_command:Invoked command in '/home/ubuntu/slam_project/agv2_ws/build/agv_bringup' returned '0': CMAKE_PREFIX_PATH=${CMAKE_PREFIX_PATH}:/home/ubuntu/slam_project/agv2_ws/install/myagv_teleop:/opt/ros/humble /usr/bin/cmake --build /home/ubuntu/slam_project/agv2_ws/build/agv_bringup -- -j4 -l4
[2.730s] DEBUG:colcon.colcon_core.event_handler.log_command:Invoking command in '/home/ubuntu/slam_project/agv2_ws/build/agv_bringup': CMAKE_PREFIX_PATH=${CMAKE_PREFIX_PATH}:/home/ubuntu/slam_project/agv2_ws/install/myagv_teleop:/opt/ros/humble /usr/bin/cmake --install /home/ubuntu/slam_project/agv2_ws/build/agv_bringup
[2.731s] DEBUG:colcon.colcon_core.event_handler.log_command:Invoked command in '/home/ubuntu/slam_project/agv2_ws/build/myagv_odometry' returned '0': CMAKE_PREFIX_PATH=${CMAKE_PREFIX_PATH}:/home/ubuntu/slam_project/agv2_ws/install/myagv_teleop:/opt/ros/humble /usr/bin/cmake --build /home/ubuntu/slam_project/agv2_ws/build/myagv_odometry -- -j4 -l4
[2.743s] DEBUG:colcon.colcon_core.event_handler.log_command:Invoking command in '/home/ubuntu/slam_project/agv2_ws/build/myagv_odometry': CMAKE_PREFIX_PATH=${CMAKE_PREFIX_PATH}:/home/ubuntu/slam_project/agv2_ws/install/myagv_teleop:/opt/ros/humble /usr/bin/cmake --install /home/ubuntu/slam_project/agv2_ws/build/myagv_odometry
[2.761s] DEBUG:colcon.colcon_core.event_handler.log_command:Invoking command in '/home/ubuntu/slam_project/agv2_ws/build/ydlidar_ros2_driver': CMAKE_PREFIX_PATH=${CMAKE_PREFIX_PATH}:/home/ubuntu/slam_project/agv2_ws/install/myagv_teleop:/opt/ros/humble /usr/bin/cmake --build /home/ubuntu/slam_project/agv2_ws/build/ydlidar_ros2_driver -- -j4 -l4
[2.845s] Level 1:colcon.colcon_core.environment:create_environment_scripts_only(myagv_odometry)
[2.856s] DEBUG:colcon.colcon_core.event_handler.log_command:Invoked command in '/home/ubuntu/slam_project/agv2_ws/build/myagv_odometry' returned '0': CMAKE_PREFIX_PATH=${CMAKE_PREFIX_PATH}:/home/ubuntu/slam_project/agv2_ws/install/myagv_teleop:/opt/ros/humble /usr/bin/cmake --install /home/ubuntu/slam_project/agv2_ws/build/myagv_odometry
[2.864s] Level 1:colcon.colcon_core.environment:checking '/home/ubuntu/slam_project/agv2_ws/install/myagv_odometry' for CMake module files
[2.867s] Level 1:colcon.colcon_core.environment:checking '/home/ubuntu/slam_project/agv2_ws/install/myagv_odometry' for CMake config files
[2.870s] Level 1:colcon.colcon_core.shell:create_environment_hook('myagv_odometry', 'cmake_prefix_path')
[2.871s] INFO:colcon.colcon_core.shell:Creating environment hook '/home/ubuntu/slam_project/agv2_ws/install/myagv_odometry/share/myagv_odometry/hook/cmake_prefix_path.ps1'
[2.874s] INFO:colcon.colcon_core.shell:Creating environment descriptor '/home/ubuntu/slam_project/agv2_ws/install/myagv_odometry/share/myagv_odometry/hook/cmake_prefix_path.dsv'
[2.877s] INFO:colcon.colcon_core.shell:Creating environment hook '/home/ubuntu/slam_project/agv2_ws/install/myagv_odometry/share/myagv_odometry/hook/cmake_prefix_path.sh'
[2.882s] Level 1:colcon.colcon_core.environment:checking '/home/ubuntu/slam_project/agv2_ws/install/myagv_odometry/lib'
[2.883s] Level 1:colcon.colcon_core.environment:checking '/home/ubuntu/slam_project/agv2_ws/install/myagv_odometry/bin'
[2.884s] Level 1:colcon.colcon_core.environment:checking '/home/ubuntu/slam_project/agv2_ws/install/myagv_odometry/lib/pkgconfig/myagv_odometry.pc'
[2.885s] Level 1:colcon.colcon_core.environment:checking '/home/ubuntu/slam_project/agv2_ws/install/myagv_odometry/lib/python3.10/site-packages'
[2.887s] Level 1:colcon.colcon_core.environment:checking '/home/ubuntu/slam_project/agv2_ws/install/myagv_odometry/bin'
[2.890s] INFO:colcon.colcon_core.shell:Creating package script '/home/ubuntu/slam_project/agv2_ws/install/myagv_odometry/share/myagv_odometry/package.ps1'
[2.896s] INFO:colcon.colcon_core.shell:Creating package descriptor '/home/ubuntu/slam_project/agv2_ws/install/myagv_odometry/share/myagv_odometry/package.dsv'
[2.902s] INFO:colcon.colcon_core.shell:Creating package script '/home/ubuntu/slam_project/agv2_ws/install/myagv_odometry/share/myagv_odometry/package.sh'
[2.906s] INFO:colcon.colcon_core.shell:Creating package script '/home/ubuntu/slam_project/agv2_ws/install/myagv_odometry/share/myagv_odometry/package.bash'
[2.910s] INFO:colcon.colcon_core.shell:Creating package script '/home/ubuntu/slam_project/agv2_ws/install/myagv_odometry/share/myagv_odometry/package.zsh'
[2.914s] Level 1:colcon.colcon_core.environment:create_file_with_runtime_dependencies(/home/ubuntu/slam_project/agv2_ws/install/myagv_odometry/share/colcon-core/packages/myagv_odometry)
[2.918s] Level 1:colcon.colcon_core.environment:create_environment_scripts_only(myagv_odometry)
[2.920s] Level 1:colcon.colcon_core.environment:checking '/home/ubuntu/slam_project/agv2_ws/install/myagv_odometry' for CMake module files
[2.923s] Level 1:colcon.colcon_core.environment:checking '/home/ubuntu/slam_project/agv2_ws/install/myagv_odometry' for CMake config files
[2.926s] Level 1:colcon.colcon_core.shell:create_environment_hook('myagv_odometry', 'cmake_prefix_path')
[2.927s] INFO:colcon.colcon_core.shell:Creating environment hook '/home/ubuntu/slam_project/agv2_ws/install/myagv_odometry/share/myagv_odometry/hook/cmake_prefix_path.ps1'
[2.930s] INFO:colcon.colcon_core.shell:Creating environment descriptor '/home/ubuntu/slam_project/agv2_ws/install/myagv_odometry/share/myagv_odometry/hook/cmake_prefix_path.dsv'
[2.932s] INFO:colcon.colcon_core.shell:Creating environment hook '/home/ubuntu/slam_project/agv2_ws/install/myagv_odometry/share/myagv_odometry/hook/cmake_prefix_path.sh'
[2.935s] Level 1:colcon.colcon_core.environment:checking '/home/ubuntu/slam_project/agv2_ws/install/myagv_odometry/lib'
[2.936s] Level 1:colcon.colcon_core.environment:checking '/home/ubuntu/slam_project/agv2_ws/install/myagv_odometry/bin'
[2.937s] Level 1:colcon.colcon_core.environment:checking '/home/ubuntu/slam_project/agv2_ws/install/myagv_odometry/lib/pkgconfig/myagv_odometry.pc'
[2.938s] Level 1:colcon.colcon_core.environment:checking '/home/ubuntu/slam_project/agv2_ws/install/myagv_odometry/lib/python3.10/site-packages'
[2.941s] Level 1:colcon.colcon_core.environment:checking '/home/ubuntu/slam_project/agv2_ws/install/myagv_odometry/bin'
[2.942s] INFO:colcon.colcon_core.shell:Creating package script '/home/ubuntu/slam_project/agv2_ws/install/myagv_odometry/share/myagv_odometry/package.ps1'
[2.948s] INFO:colcon.colcon_core.shell:Creating package descriptor '/home/ubuntu/slam_project/agv2_ws/install/myagv_odometry/share/myagv_odometry/package.dsv'
[2.953s] INFO:colcon.colcon_core.shell:Creating package script '/home/ubuntu/slam_project/agv2_ws/install/myagv_odometry/share/myagv_odometry/package.sh'
[2.957s] INFO:colcon.colcon_core.shell:Creating package script '/home/ubuntu/slam_project/agv2_ws/install/myagv_odometry/share/myagv_odometry/package.bash'
[2.960s] INFO:colcon.colcon_core.shell:Creating package script '/home/ubuntu/slam_project/agv2_ws/install/myagv_odometry/share/myagv_odometry/package.zsh'
[2.964s] Level 1:colcon.colcon_core.environment:create_file_with_runtime_dependencies(/home/ubuntu/slam_project/agv2_ws/install/myagv_odometry/share/colcon-core/packages/myagv_odometry)
[2.971s] Level 1:colcon.colcon_core.environment:create_environment_scripts_only(agv_bringup)
[2.972s] Level 1:colcon.colcon_core.environment:checking '/home/ubuntu/slam_project/agv2_ws/install/agv_bringup' for CMake module files
[2.974s] DEBUG:colcon.colcon_core.event_handler.log_command:Invoked command in '/home/ubuntu/slam_project/agv2_ws/build/agv_bringup' returned '0': CMAKE_PREFIX_PATH=${CMAKE_PREFIX_PATH}:/home/ubuntu/slam_project/agv2_ws/install/myagv_teleop:/opt/ros/humble /usr/bin/cmake --install /home/ubuntu/slam_project/agv2_ws/build/agv_bringup
[2.977s] Level 1:colcon.colcon_core.environment:checking '/home/ubuntu/slam_project/agv2_ws/install/agv_bringup' for CMake config files
[2.979s] Level 1:colcon.colcon_core.shell:create_environment_hook('agv_bringup', 'cmake_prefix_path')
[2.980s] INFO:colcon.colcon_core.shell:Creating environment hook '/home/ubuntu/slam_project/agv2_ws/install/agv_bringup/share/agv_bringup/hook/cmake_prefix_path.ps1'
[2.983s] INFO:colcon.colcon_core.shell:Creating environment descriptor '/home/ubuntu/slam_project/agv2_ws/install/agv_bringup/share/agv_bringup/hook/cmake_prefix_path.dsv'
[2.986s] INFO:colcon.colcon_core.shell:Creating environment hook '/home/ubuntu/slam_project/agv2_ws/install/agv_bringup/share/agv_bringup/hook/cmake_prefix_path.sh'
[2.989s] Level 1:colcon.colcon_core.environment:checking '/home/ubuntu/slam_project/agv2_ws/install/agv_bringup/bin'
[2.990s] Level 1:colcon.colcon_core.environment:checking '/home/ubuntu/slam_project/agv2_ws/install/agv_bringup/lib/pkgconfig/agv_bringup.pc'
[2.991s] Level 1:colcon.colcon_core.environment:checking '/home/ubuntu/slam_project/agv2_ws/install/agv_bringup/lib/python3.10/site-packages'
[2.993s] Level 1:colcon.colcon_core.environment:checking '/home/ubuntu/slam_project/agv2_ws/install/agv_bringup/bin'
[2.994s] INFO:colcon.colcon_core.shell:Creating package script '/home/ubuntu/slam_project/agv2_ws/install/agv_bringup/share/agv_bringup/package.ps1'
[2.998s] INFO:colcon.colcon_core.shell:Creating package descriptor '/home/ubuntu/slam_project/agv2_ws/install/agv_bringup/share/agv_bringup/package.dsv'
[3.000s] INFO:colcon.colcon_core.shell:Creating package script '/home/ubuntu/slam_project/agv2_ws/install/agv_bringup/share/agv_bringup/package.sh'
[3.003s] INFO:colcon.colcon_core.shell:Creating package script '/home/ubuntu/slam_project/agv2_ws/install/agv_bringup/share/agv_bringup/package.bash'
[3.005s] INFO:colcon.colcon_core.shell:Creating package script '/home/ubuntu/slam_project/agv2_ws/install/agv_bringup/share/agv_bringup/package.zsh'
[3.008s] Level 1:colcon.colcon_core.environment:create_file_with_runtime_dependencies(/home/ubuntu/slam_project/agv2_ws/install/agv_bringup/share/colcon-core/packages/agv_bringup)
[3.011s] Level 1:colcon.colcon_core.environment:create_environment_scripts_only(agv_bringup)
[3.013s] Level 1:colcon.colcon_core.environment:checking '/home/ubuntu/slam_project/agv2_ws/install/agv_bringup' for CMake module files
[3.016s] Level 1:colcon.colcon_core.environment:checking '/home/ubuntu/slam_project/agv2_ws/install/agv_bringup' for CMake config files
[3.018s] Level 1:colcon.colcon_core.shell:create_environment_hook('agv_bringup', 'cmake_prefix_path')
[3.019s] INFO:colcon.colcon_core.shell:Creating environment hook '/home/ubuntu/slam_project/agv2_ws/install/agv_bringup/share/agv_bringup/hook/cmake_prefix_path.ps1'
[3.541s] INFO:colcon.colcon_core.shell:Creating environment descriptor '/home/ubuntu/slam_project/agv2_ws/install/agv_bringup/share/agv_bringup/hook/cmake_prefix_path.dsv'
[3.544s] INFO:colcon.colcon_core.shell:Creating environment hook '/home/ubuntu/slam_project/agv2_ws/install/agv_bringup/share/agv_bringup/hook/cmake_prefix_path.sh'
[3.547s] Level 1:colcon.colcon_core.environment:checking '/home/ubuntu/slam_project/agv2_ws/install/agv_bringup/bin'
[3.547s] Level 1:colcon.colcon_core.environment:checking '/home/ubuntu/slam_project/agv2_ws/install/agv_bringup/lib/pkgconfig/agv_bringup.pc'
[3.548s] Level 1:colcon.colcon_core.environment:checking '/home/ubuntu/slam_project/agv2_ws/install/agv_bringup/lib/python3.10/site-packages'
[3.550s] Level 1:colcon.colcon_core.environment:checking '/home/ubuntu/slam_project/agv2_ws/install/agv_bringup/bin'
[3.551s] INFO:colcon.colcon_core.shell:Creating package script '/home/ubuntu/slam_project/agv2_ws/install/agv_bringup/share/agv_bringup/package.ps1'
[3.555s] INFO:colcon.colcon_core.shell:Creating package descriptor '/home/ubuntu/slam_project/agv2_ws/install/agv_bringup/share/agv_bringup/package.dsv'
[3.558s] INFO:colcon.colcon_core.shell:Creating package script '/home/ubuntu/slam_project/agv2_ws/install/agv_bringup/share/agv_bringup/package.sh'
[3.560s] INFO:colcon.colcon_core.shell:Creating package script '/home/ubuntu/slam_project/agv2_ws/install/agv_bringup/share/agv_bringup/package.bash'
[3.562s] INFO:colcon.colcon_core.shell:Creating package script '/home/ubuntu/slam_project/agv2_ws/install/agv_bringup/share/agv_bringup/package.zsh'
[3.565s] Level 1:colcon.colcon_core.environment:create_file_with_runtime_dependencies(/home/ubuntu/slam_project/agv2_ws/install/agv_bringup/share/colcon-core/packages/agv_bringup)
[3.571s] DEBUG:colcon.colcon_core.event_handler.log_command:Invoked command in '/home/ubuntu/slam_project/agv2_ws/build/ydlidar_ros2_driver' returned '0': CMAKE_PREFIX_PATH=${CMAKE_PREFIX_PATH}:/home/ubuntu/slam_project/agv2_ws/install/myagv_teleop:/opt/ros/humble /usr/bin/cmake --build /home/ubuntu/slam_project/agv2_ws/build/ydlidar_ros2_driver -- -j4 -l4
[3.579s] DEBUG:colcon.colcon_core.event_handler.log_command:Invoking command in '/home/ubuntu/slam_project/agv2_ws/build/ydlidar_ros2_driver': CMAKE_PREFIX_PATH=${CMAKE_PREFIX_PATH}:/home/ubuntu/slam_project/agv2_ws/install/myagv_teleop:/opt/ros/humble /usr/bin/cmake --install /home/ubuntu/slam_project/agv2_ws/build/ydlidar_ros2_driver
[3.684s] Level 1:colcon.colcon_core.environment:create_environment_scripts_only(ydlidar_ros2_driver)
[3.685s] Level 1:colcon.colcon_core.environment:checking '/home/ubuntu/slam_project/agv2_ws/install/ydlidar_ros2_driver' for CMake module files
[3.687s] DEBUG:colcon.colcon_core.event_handler.log_command:Invoked command in '/home/ubuntu/slam_project/agv2_ws/build/ydlidar_ros2_driver' returned '0': CMAKE_PREFIX_PATH=${CMAKE_PREFIX_PATH}:/home/ubuntu/slam_project/agv2_ws/install/myagv_teleop:/opt/ros/humble /usr/bin/cmake --install /home/ubuntu/slam_project/agv2_ws/build/ydlidar_ros2_driver
[3.690s] Level 1:colcon.colcon_core.environment:checking '/home/ubuntu/slam_project/agv2_ws/install/ydlidar_ros2_driver' for CMake config files
[3.692s] Level 1:colcon.colcon_core.shell:create_environment_hook('ydlidar_ros2_driver', 'cmake_prefix_path')
[3.694s] INFO:colcon.colcon_core.shell:Creating environment hook '/home/ubuntu/slam_project/agv2_ws/install/ydlidar_ros2_driver/share/ydlidar_ros2_driver/hook/cmake_prefix_path.ps1'
[3.696s] INFO:colcon.colcon_core.shell:Creating environment descriptor '/home/ubuntu/slam_project/agv2_ws/install/ydlidar_ros2_driver/share/ydlidar_ros2_driver/hook/cmake_prefix_path.dsv'
[3.698s] INFO:colcon.colcon_core.shell:Creating environment hook '/home/ubuntu/slam_project/agv2_ws/install/ydlidar_ros2_driver/share/ydlidar_ros2_driver/hook/cmake_prefix_path.sh'
[3.701s] Level 1:colcon.colcon_core.environment:checking '/home/ubuntu/slam_project/agv2_ws/install/ydlidar_ros2_driver/lib'
[3.701s] Level 1:colcon.colcon_core.environment:checking '/home/ubuntu/slam_project/agv2_ws/install/ydlidar_ros2_driver/bin'
[3.702s] Level 1:colcon.colcon_core.environment:checking '/home/ubuntu/slam_project/agv2_ws/install/ydlidar_ros2_driver/lib/pkgconfig/ydlidar_ros2_driver.pc'
[3.703s] Level 1:colcon.colcon_core.environment:checking '/home/ubuntu/slam_project/agv2_ws/install/ydlidar_ros2_driver/lib/python3.10/site-packages'
[3.705s] Level 1:colcon.colcon_core.environment:checking '/home/ubuntu/slam_project/agv2_ws/install/ydlidar_ros2_driver/bin'
[3.706s] INFO:colcon.colcon_core.shell:Creating package script '/home/ubuntu/slam_project/agv2_ws/install/ydlidar_ros2_driver/share/ydlidar_ros2_driver/package.ps1'
[3.709s] INFO:colcon.colcon_core.shell:Creating package descriptor '/home/ubuntu/slam_project/agv2_ws/install/ydlidar_ros2_driver/share/ydlidar_ros2_driver/package.dsv'
[3.711s] INFO:colcon.colcon_core.shell:Creating package script '/home/ubuntu/slam_project/agv2_ws/install/ydlidar_ros2_driver/share/ydlidar_ros2_driver/package.sh'
[3.713s] INFO:colcon.colcon_core.shell:Creating package script '/home/ubuntu/slam_project/agv2_ws/install/ydlidar_ros2_driver/share/ydlidar_ros2_driver/package.bash'
[3.715s] INFO:colcon.colcon_core.shell:Creating package script '/home/ubuntu/slam_project/agv2_ws/install/ydlidar_ros2_driver/share/ydlidar_ros2_driver/package.zsh'
[3.717s] Level 1:colcon.colcon_core.environment:create_file_with_runtime_dependencies(/home/ubuntu/slam_project/agv2_ws/install/ydlidar_ros2_driver/share/colcon-core/packages/ydlidar_ros2_driver)
[3.720s] Level 1:colcon.colcon_core.environment:create_environment_scripts_only(ydlidar_ros2_driver)
[3.721s] Level 1:colcon.colcon_core.environment:checking '/home/ubuntu/slam_project/agv2_ws/install/ydlidar_ros2_driver' for CMake module files
[3.725s] Level 1:colcon.colcon_core.environment:checking '/home/ubuntu/slam_project/agv2_ws/install/ydlidar_ros2_driver' for CMake config files
[3.727s] Level 1:colcon.colcon_core.shell:create_environment_hook('ydlidar_ros2_driver', 'cmake_prefix_path')
[3.728s] INFO:colcon.colcon_core.shell:Creating environment hook '/home/ubuntu/slam_project/agv2_ws/install/ydlidar_ros2_driver/share/ydlidar_ros2_driver/hook/cmake_prefix_path.ps1'
[3.731s] INFO:colcon.colcon_core.shell:Creating environment descriptor '/home/ubuntu/slam_project/agv2_ws/install/ydlidar_ros2_driver/share/ydlidar_ros2_driver/hook/cmake_prefix_path.dsv'
[3.740s] INFO:colcon.colcon_core.shell:Creating environment hook '/home/ubuntu/slam_project/agv2_ws/install/ydlidar_ros2_driver/share/ydlidar_ros2_driver/hook/cmake_prefix_path.sh'
[3.762s] Level 1:colcon.colcon_core.environment:checking '/home/ubuntu/slam_project/agv2_ws/install/ydlidar_ros2_driver/lib'
[3.763s] Level 1:colcon.colcon_core.environment:checking '/home/ubuntu/slam_project/agv2_ws/install/ydlidar_ros2_driver/bin'
[3.763s] Level 1:colcon.colcon_core.environment:checking '/home/ubuntu/slam_project/agv2_ws/install/ydlidar_ros2_driver/lib/pkgconfig/ydlidar_ros2_driver.pc'
[3.764s] Level 1:colcon.colcon_core.environment:checking '/home/ubuntu/slam_project/agv2_ws/install/ydlidar_ros2_driver/lib/python3.10/site-packages'
[3.766s] Level 1:colcon.colcon_core.environment:checking '/home/ubuntu/slam_project/agv2_ws/install/ydlidar_ros2_driver/bin'
[3.767s] INFO:colcon.colcon_core.shell:Creating package script '/home/ubuntu/slam_project/agv2_ws/install/ydlidar_ros2_driver/share/ydlidar_ros2_driver/package.ps1'
[3.771s] INFO:colcon.colcon_core.shell:Creating package descriptor '/home/ubuntu/slam_project/agv2_ws/install/ydlidar_ros2_driver/share/ydlidar_ros2_driver/package.dsv'
[3.773s] INFO:colcon.colcon_core.shell:Creating package script '/home/ubuntu/slam_project/agv2_ws/install/ydlidar_ros2_driver/share/ydlidar_ros2_driver/package.sh'
[3.776s] INFO:colcon.colcon_core.shell:Creating package script '/home/ubuntu/slam_project/agv2_ws/install/ydlidar_ros2_driver/share/ydlidar_ros2_driver/package.bash'
[3.778s] INFO:colcon.colcon_core.shell:Creating package script '/home/ubuntu/slam_project/agv2_ws/install/ydlidar_ros2_driver/share/ydlidar_ros2_driver/package.zsh'
[3.780s] Level 1:colcon.colcon_core.environment:create_file_with_runtime_dependencies(/home/ubuntu/slam_project/agv2_ws/install/ydlidar_ros2_driver/share/colcon-core/packages/ydlidar_ros2_driver)
[4.461s] DEBUG:colcon.colcon_core.event_handler.log_command:Invoking command in '/home/ubuntu/slam_project/agv2_ws/build/myagv_teleop': PYTHONPATH=/home/ubuntu/slam_project/agv2_ws/build/myagv_teleop/prefix_override:/usr/lib/python3/dist-packages/colcon_core/task/python/colcon_distutils_commands:/home/ubuntu/slam_project/agv2_ws/install/myagv_teleop/lib/python3.10/site-packages:${PYTHONPATH} /usr/bin/python3 -W ignore:setup.py install is deprecated -W ignore:easy_install command is deprecated setup.py develop --editable --build-directory /home/ubuntu/slam_project/agv2_ws/build/myagv_teleop/build --no-deps symlink_data
[6.220s] Level 1:colcon.colcon_core.shell:create_environment_hook('myagv_teleop', 'pythonpath_develop')
[6.222s] INFO:colcon.colcon_core.shell:Creating environment hook '/home/ubuntu/slam_project/agv2_ws/build/myagv_teleop/share/myagv_teleop/hook/pythonpath_develop.ps1'
[6.223s] DEBUG:colcon.colcon_core.event_handler.log_command:Invoked command in '/home/ubuntu/slam_project/agv2_ws/build/myagv_teleop' returned '0': PYTHONPATH=/home/ubuntu/slam_project/agv2_ws/build/myagv_teleop/prefix_override:/usr/lib/python3/dist-packages/colcon_core/task/python/colcon_distutils_commands:/home/ubuntu/slam_project/agv2_ws/install/myagv_teleop/lib/python3.10/site-packages:${PYTHONPATH} /usr/bin/python3 -W ignore:setup.py install is deprecated -W ignore:easy_install command is deprecated setup.py develop --editable --build-directory /home/ubuntu/slam_project/agv2_ws/build/myagv_teleop/build --no-deps symlink_data
[6.225s] INFO:colcon.colcon_core.shell:Creating environment descriptor '/home/ubuntu/slam_project/agv2_ws/build/myagv_teleop/share/myagv_teleop/hook/pythonpath_develop.dsv'
[6.226s] INFO:colcon.colcon_core.shell:Creating environment hook '/home/ubuntu/slam_project/agv2_ws/build/myagv_teleop/share/myagv_teleop/hook/pythonpath_develop.sh'
[6.229s] Level 1:colcon.colcon_core.environment:checking '/home/ubuntu/slam_project/agv2_ws/install/myagv_teleop' for CMake module files
[6.232s] Level 1:colcon.colcon_core.environment:checking '/home/ubuntu/slam_project/agv2_ws/install/myagv_teleop' for CMake config files
[6.235s] Level 1:colcon.colcon_core.environment:checking '/home/ubuntu/slam_project/agv2_ws/install/myagv_teleop/lib'
[6.235s] Level 1:colcon.colcon_core.environment:checking '/home/ubuntu/slam_project/agv2_ws/install/myagv_teleop/bin'
[6.236s] Level 1:colcon.colcon_core.environment:checking '/home/ubuntu/slam_project/agv2_ws/install/myagv_teleop/lib/pkgconfig/myagv_teleop.pc'
[6.237s] Level 1:colcon.colcon_core.environment:checking '/home/ubuntu/slam_project/agv2_ws/install/myagv_teleop/lib/python3.10/site-packages'
[6.237s] Level 1:colcon.colcon_core.shell:create_environment_hook('myagv_teleop', 'pythonpath')
[6.238s] INFO:colcon.colcon_core.shell:Creating environment hook '/home/ubuntu/slam_project/agv2_ws/install/myagv_teleop/share/myagv_teleop/hook/pythonpath.ps1'
[6.240s] INFO:colcon.colcon_core.shell:Creating environment descriptor '/home/ubuntu/slam_project/agv2_ws/install/myagv_teleop/share/myagv_teleop/hook/pythonpath.dsv'
[6.242s] INFO:colcon.colcon_core.shell:Creating environment hook '/home/ubuntu/slam_project/agv2_ws/install/myagv_teleop/share/myagv_teleop/hook/pythonpath.sh'
[6.245s] Level 1:colcon.colcon_core.environment:checking '/home/ubuntu/slam_project/agv2_ws/install/myagv_teleop/bin'
[6.245s] Level 1:colcon.colcon_core.environment:create_environment_scripts_only(myagv_teleop)
[6.247s] INFO:colcon.colcon_core.shell:Creating package script '/home/ubuntu/slam_project/agv2_ws/install/myagv_teleop/share/myagv_teleop/package.ps1'
[6.250s] INFO:colcon.colcon_core.shell:Creating package descriptor '/home/ubuntu/slam_project/agv2_ws/install/myagv_teleop/share/myagv_teleop/package.dsv'
[6.252s] INFO:colcon.colcon_core.shell:Creating package script '/home/ubuntu/slam_project/agv2_ws/install/myagv_teleop/share/myagv_teleop/package.sh'
[6.254s] INFO:colcon.colcon_core.shell:Creating package script '/home/ubuntu/slam_project/agv2_ws/install/myagv_teleop/share/myagv_teleop/package.bash'
[6.256s] INFO:colcon.colcon_core.shell:Creating package script '/home/ubuntu/slam_project/agv2_ws/install/myagv_teleop/share/myagv_teleop/package.zsh'
[6.258s] Level 1:colcon.colcon_core.environment:create_file_with_runtime_dependencies(/home/ubuntu/slam_project/agv2_ws/install/myagv_teleop/share/colcon-core/packages/myagv_teleop)
[6.259s] DEBUG:colcon.colcon_parallel_executor.executor.parallel:closing loop
[6.260s] DEBUG:colcon.colcon_parallel_executor.executor.parallel:loop closed
[6.261s] DEBUG:colcon.colcon_parallel_executor.executor.parallel:run_until_complete finished with '0'
[6.261s] DEBUG:colcon.colcon_core.event_reactor:joining thread
[6.263s] DEBUG:colcon.colcon_core.event_reactor:joined thread
[6.264s] INFO:colcon.colcon_core.shell:Creating prefix script '/home/ubuntu/slam_project/agv2_ws/install/local_setup.ps1'
[6.268s] INFO:colcon.colcon_core.shell:Creating prefix util module '/home/ubuntu/slam_project/agv2_ws/install/_local_setup_util_ps1.py'
[6.274s] INFO:colcon.colcon_core.shell:Creating prefix chain script '/home/ubuntu/slam_project/agv2_ws/install/setup.ps1'
[6.281s] INFO:colcon.colcon_core.shell:Creating prefix script '/home/ubuntu/slam_project/agv2_ws/install/local_setup.sh'
[6.284s] INFO:colcon.colcon_core.shell:Creating prefix util module '/home/ubuntu/slam_project/agv2_ws/install/_local_setup_util_sh.py'
[6.286s] INFO:colcon.colcon_core.shell:Creating prefix chain script '/home/ubuntu/slam_project/agv2_ws/install/setup.sh'
[6.292s] INFO:colcon.colcon_core.shell:Creating prefix script '/home/ubuntu/slam_project/agv2_ws/install/local_setup.bash'
[6.294s] INFO:colcon.colcon_core.shell:Creating prefix chain script '/home/ubuntu/slam_project/agv2_ws/install/setup.bash'
[6.299s] INFO:colcon.colcon_core.shell:Creating prefix script '/home/ubuntu/slam_project/agv2_ws/install/local_setup.zsh'
[6.301s] INFO:colcon.colcon_core.shell:Creating prefix chain script '/home/ubuntu/slam_project/agv2_ws/install/setup.zsh'
