[1.200s] Invoking command in '/home/ubuntu/slam_project/agv2_ws/build/ydlidar_ros2_driver': CMAKE_PREFIX_PATH=/opt/ros/humble /usr/bin/cmake --build /home/ubuntu/slam_project/agv2_ws/build/ydlidar_ros2_driver -- -j4 -l4
[1.475s] [35m[1mConsolidate compiler generated dependencies of target ydlidar_ros2_driver_node[0m
[1.535s] [ 50%] Built target ydlidar_ros2_driver_client
[1.584s] [100%] Built target ydlidar_ros2_driver_node
[1.626s] Invoked command in '/home/ubuntu/slam_project/agv2_ws/build/ydlidar_ros2_driver' returned '0': CMAKE_PREFIX_PATH=/opt/ros/humble /usr/bin/cmake --build /home/ubuntu/slam_project/agv2_ws/build/ydlidar_ros2_driver -- -j4 -l4
[1.633s] Invoking command in '/home/ubuntu/slam_project/agv2_ws/build/ydlidar_ros2_driver': CMAKE_PREFIX_PATH=/opt/ros/humble /usr/bin/cmake --install /home/ubuntu/slam_project/agv2_ws/build/ydlidar_ros2_driver
[1.661s] -- Install configuration: ""
[1.662s] -- Execute custom install script
[1.665s] -- Up-to-date symlink: /home/ubuntu/slam_project/agv2_ws/install/ydlidar_ros2_driver/lib/ydlidar_ros2_driver/ydlidar_ros2_driver_node
[1.666s] -- Up-to-date symlink: /home/ubuntu/slam_project/agv2_ws/install/ydlidar_ros2_driver/lib/ydlidar_ros2_driver/ydlidar_ros2_driver_client
[1.668s] -- Up-to-date symlink: /home/ubuntu/slam_project/agv2_ws/install/ydlidar_ros2_driver/share/ydlidar_ros2_driver/launch/ydlidar.py
[1.669s] -- Up-to-date symlink: /home/ubuntu/slam_project/agv2_ws/install/ydlidar_ros2_driver/share/ydlidar_ros2_driver/launch/ydlidar_launch.py
[1.670s] -- Up-to-date symlink: /home/ubuntu/slam_project/agv2_ws/install/ydlidar_ros2_driver/share/ydlidar_ros2_driver/launch/ydlidar_launch_view.py
[1.673s] -- Up-to-date symlink: /home/ubuntu/slam_project/agv2_ws/install/ydlidar_ros2_driver/share/ydlidar_ros2_driver/params/G1.yaml
[1.674s] -- Up-to-date symlink: /home/ubuntu/slam_project/agv2_ws/install/ydlidar_ros2_driver/share/ydlidar_ros2_driver/params/G2.yaml
[1.675s] -- Up-to-date symlink: /home/ubuntu/slam_project/agv2_ws/install/ydlidar_ros2_driver/share/ydlidar_ros2_driver/params/G4.yaml
[1.676s] -- Up-to-date symlink: /home/ubuntu/slam_project/agv2_ws/install/ydlidar_ros2_driver/share/ydlidar_ros2_driver/params/G6.yaml
[1.678s] -- Up-to-date symlink: /home/ubuntu/slam_project/agv2_ws/install/ydlidar_ros2_driver/share/ydlidar_ros2_driver/params/GS2.yaml
[1.679s] -- Up-to-date symlink: /home/ubuntu/slam_project/agv2_ws/install/ydlidar_ros2_driver/share/ydlidar_ros2_driver/params/GS5.yaml
[1.680s] -- Up-to-date symlink: /home/ubuntu/slam_project/agv2_ws/install/ydlidar_ros2_driver/share/ydlidar_ros2_driver/params/TEA.yaml
[1.681s] -- Up-to-date symlink: /home/ubuntu/slam_project/agv2_ws/install/ydlidar_ros2_driver/share/ydlidar_ros2_driver/params/TG.yaml
[1.682s] -- Up-to-date symlink: /home/ubuntu/slam_project/agv2_ws/install/ydlidar_ros2_driver/share/ydlidar_ros2_driver/params/Tmini-Plus-SH.yaml
[1.683s] -- Up-to-date symlink: /home/ubuntu/slam_project/agv2_ws/install/ydlidar_ros2_driver/share/ydlidar_ros2_driver/params/Tmini.yaml
[1.684s] -- Up-to-date symlink: /home/ubuntu/slam_project/agv2_ws/install/ydlidar_ros2_driver/share/ydlidar_ros2_driver/params/X2.yaml
[1.685s] -- Up-to-date symlink: /home/ubuntu/slam_project/agv2_ws/install/ydlidar_ros2_driver/share/ydlidar_ros2_driver/params/X3.yaml
[1.686s] -- Up-to-date symlink: /home/ubuntu/slam_project/agv2_ws/install/ydlidar_ros2_driver/share/ydlidar_ros2_driver/params/X4-Pro.yaml
[1.687s] -- Up-to-date symlink: /home/ubuntu/slam_project/agv2_ws/install/ydlidar_ros2_driver/share/ydlidar_ros2_driver/params/X4.yaml
[1.688s] -- Up-to-date symlink: /home/ubuntu/slam_project/agv2_ws/install/ydlidar_ros2_driver/share/ydlidar_ros2_driver/params/sdm15.yaml
[1.689s] -- Up-to-date symlink: /home/ubuntu/slam_project/agv2_ws/install/ydlidar_ros2_driver/share/ydlidar_ros2_driver/params/ydlidar.yaml
[1.691s] -- Up-to-date symlink: /home/ubuntu/slam_project/agv2_ws/install/ydlidar_ros2_driver/share/ydlidar_ros2_driver/startup/initenv.sh
[1.692s] -- Up-to-date symlink: /home/ubuntu/slam_project/agv2_ws/install/ydlidar_ros2_driver/share/ydlidar_ros2_driver/config/ydlidar.rviz
[1.694s] -- Up-to-date symlink: /home/ubuntu/slam_project/agv2_ws/install/ydlidar_ros2_driver/share/ament_index/resource_index/package_run_dependencies/ydlidar_ros2_driver
[1.695s] -- Up-to-date symlink: /home/ubuntu/slam_project/agv2_ws/install/ydlidar_ros2_driver/share/ament_index/resource_index/parent_prefix_path/ydlidar_ros2_driver
[1.696s] -- Up-to-date symlink: /home/ubuntu/slam_project/agv2_ws/install/ydlidar_ros2_driver/share/ydlidar_ros2_driver/environment/ament_prefix_path.sh
[1.697s] -- Up-to-date symlink: /home/ubuntu/slam_project/agv2_ws/install/ydlidar_ros2_driver/share/ydlidar_ros2_driver/environment/ament_prefix_path.dsv
[1.699s] -- Up-to-date symlink: /home/ubuntu/slam_project/agv2_ws/install/ydlidar_ros2_driver/share/ydlidar_ros2_driver/environment/path.sh
[1.700s] -- Up-to-date symlink: /home/ubuntu/slam_project/agv2_ws/install/ydlidar_ros2_driver/share/ydlidar_ros2_driver/environment/path.dsv
[1.701s] -- Up-to-date symlink: /home/ubuntu/slam_project/agv2_ws/install/ydlidar_ros2_driver/share/ydlidar_ros2_driver/local_setup.bash
[1.702s] -- Up-to-date symlink: /home/ubuntu/slam_project/agv2_ws/install/ydlidar_ros2_driver/share/ydlidar_ros2_driver/local_setup.sh
[1.703s] -- Up-to-date symlink: /home/ubuntu/slam_project/agv2_ws/install/ydlidar_ros2_driver/share/ydlidar_ros2_driver/local_setup.zsh
[1.704s] -- Up-to-date symlink: /home/ubuntu/slam_project/agv2_ws/install/ydlidar_ros2_driver/share/ydlidar_ros2_driver/local_setup.dsv
[1.705s] -- Symlinking: /home/ubuntu/slam_project/agv2_ws/install/ydlidar_ros2_driver/share/ydlidar_ros2_driver/package.dsv
[1.737s] -- Up-to-date symlink: /home/ubuntu/slam_project/agv2_ws/install/ydlidar_ros2_driver/share/ament_index/resource_index/packages/ydlidar_ros2_driver
[1.738s] -- Up-to-date symlink: /home/ubuntu/slam_project/agv2_ws/install/ydlidar_ros2_driver/share/ydlidar_ros2_driver/cmake/ydlidar_ros2_driverConfig.cmake
[1.739s] -- Up-to-date symlink: /home/ubuntu/slam_project/agv2_ws/install/ydlidar_ros2_driver/share/ydlidar_ros2_driver/cmake/ydlidar_ros2_driverConfig-version.cmake
[1.741s] -- Up-to-date symlink: /home/ubuntu/slam_project/agv2_ws/install/ydlidar_ros2_driver/share/ydlidar_ros2_driver/package.xml
[1.749s] Invoked command in '/home/ubuntu/slam_project/agv2_ws/build/ydlidar_ros2_driver' returned '0': CMAKE_PREFIX_PATH=/opt/ros/humble /usr/bin/cmake --install /home/ubuntu/slam_project/agv2_ws/build/ydlidar_ros2_driver
