[5.663s] Invoking command in '/home/ubuntu/slam_project/agv2_ws/build/myagv_teleop': PYTHONPATH=/home/ubuntu/slam_project/agv2_ws/build/myagv_teleop/prefix_override:/usr/lib/python3/dist-packages/colcon_core/task/python/colcon_distutils_commands:/home/ubuntu/slam_project/agv2_ws/install/myagv_teleop/lib/python3.10/site-packages:${PYTHONPATH} /usr/bin/python3 -W ignore:setup.py install is deprecated -W ignore:easy_install command is deprecated setup.py develop --editable --build-directory /home/ubuntu/slam_project/agv2_ws/build/myagv_teleop/build --no-deps symlink_data
[6.973s] running develop
[7.877s] running egg_info
[7.878s] creating myagv_teleop.egg-info
[7.879s] writing myagv_teleop.egg-info/PKG-INFO
[7.879s] writing dependency_links to myagv_teleop.egg-info/dependency_links.txt
[7.880s] writing entry points to myagv_teleop.egg-info/entry_points.txt
[7.881s] writing requirements to myagv_teleop.egg-info/requires.txt
[7.882s] writing top-level names to myagv_teleop.egg-info/top_level.txt
[7.883s] writing manifest file 'myagv_teleop.egg-info/SOURCES.txt'
[7.891s] reading manifest file 'myagv_teleop.egg-info/SOURCES.txt'
[7.894s] writing manifest file 'myagv_teleop.egg-info/SOURCES.txt'
[7.901s] running build_ext
[7.902s] Creating /home/ubuntu/slam_project/agv2_ws/install/myagv_teleop/lib/python3.10/site-packages/myagv-teleop.egg-link (link to .)
[7.907s] Installing myagv_teleop script to /home/ubuntu/slam_project/agv2_ws/install/myagv_teleop/lib/myagv_teleop
[7.909s] 
[7.910s] Installed /home/ubuntu/slam_project/agv2_ws/build/myagv_teleop
[7.911s] running symlink_data
[7.911s] creating /home/ubuntu/slam_project/agv2_ws/install/myagv_teleop/share/ament_index
[7.912s] creating /home/ubuntu/slam_project/agv2_ws/install/myagv_teleop/share/ament_index/resource_index
[7.913s] creating /home/ubuntu/slam_project/agv2_ws/install/myagv_teleop/share/ament_index/resource_index/packages
[7.914s] symbolically linking /home/ubuntu/slam_project/agv2_ws/build/myagv_teleop/resource/myagv_teleop -> /home/ubuntu/slam_project/agv2_ws/install/myagv_teleop/share/ament_index/resource_index/packages
[7.915s] symbolically linking /home/ubuntu/slam_project/agv2_ws/build/myagv_teleop/package.xml -> /home/ubuntu/slam_project/agv2_ws/install/myagv_teleop/share/myagv_teleop
[8.086s] Invoked command in '/home/ubuntu/slam_project/agv2_ws/build/myagv_teleop' returned '0': PYTHONPATH=/home/ubuntu/slam_project/agv2_ws/build/myagv_teleop/prefix_override:/usr/lib/python3/dist-packages/colcon_core/task/python/colcon_distutils_commands:/home/ubuntu/slam_project/agv2_ws/install/myagv_teleop/lib/python3.10/site-packages:${PYTHONPATH} /usr/bin/python3 -W ignore:setup.py install is deprecated -W ignore:easy_install command is deprecated setup.py develop --editable --build-directory /home/ubuntu/slam_project/agv2_ws/build/myagv_teleop/build --no-deps symlink_data
