[0.046s] Invoking command in '/home/ubuntu/slam_project/agv2_ws/build/agv_bringup': CMAKE_PREFIX_PATH=${CMAKE_PREFIX_PATH}:/home/ubuntu/slam_project/agv2_ws/install/myagv_teleop:/opt/ros/humble /usr/bin/cmake --build /home/ubuntu/slam_project/agv2_ws/build/agv_bringup -- -j4 -l4
[0.194s] Invoked command in '/home/ubuntu/slam_project/agv2_ws/build/agv_bringup' returned '0': CMAKE_PREFIX_PATH=${CMAKE_PREFIX_PATH}:/home/ubuntu/slam_project/agv2_ws/install/myagv_teleop:/opt/ros/humble /usr/bin/cmake --build /home/ubuntu/slam_project/agv2_ws/build/agv_bringup -- -j4 -l4
[0.234s] Invoking command in '/home/ubuntu/slam_project/agv2_ws/build/agv_bringup': CMAKE_PREFIX_PATH=${CMAKE_PREFIX_PATH}:/home/ubuntu/slam_project/agv2_ws/install/myagv_teleop:/opt/ros/humble /usr/bin/cmake --install /home/ubuntu/slam_project/agv2_ws/build/agv_bringup
[0.260s] -- Install configuration: ""
[0.262s] -- Execute custom install script
[0.264s] -- Up-to-date symlink: /home/ubuntu/slam_project/agv2_ws/install/agv_bringup/share/agv_bringup/launch/apriltag.launch.py
[0.264s] -- Up-to-date symlink: /home/ubuntu/slam_project/agv2_ws/install/agv_bringup/share/agv_bringup/launch/bringup.launch.py
[0.266s] -- Up-to-date symlink: /home/ubuntu/slam_project/agv2_ws/install/agv_bringup/share/agv_bringup/config/base.yaml
[0.267s] -- Symlinking: /home/ubuntu/slam_project/agv2_ws/install/agv_bringup/share/agv_bringup/config/base_ros2.yaml
[0.298s] -- Up-to-date symlink: /home/ubuntu/slam_project/agv2_ws/install/agv_bringup/share/agv_bringup/config/imu.yaml
[0.298s] -- Up-to-date symlink: /home/ubuntu/slam_project/agv2_ws/install/agv_bringup/share/agv_bringup/config/lidar.yaml
[0.299s] -- Up-to-date symlink: /home/ubuntu/slam_project/agv2_ws/install/agv_bringup/share/agv_bringup/config/settings.yaml
[0.300s] -- Up-to-date symlink: /home/ubuntu/slam_project/agv2_ws/install/agv_bringup/share/agv_bringup/config/tags.yaml
[0.301s] -- Up-to-date symlink: /home/ubuntu/slam_project/agv2_ws/install/agv_bringup/share/agv_bringup/config/tags_tag36h11_id0_80mm.yaml
[0.301s] -- Symlinking: /home/ubuntu/slam_project/agv2_ws/install/agv_bringup/share/agv_bringup/config/ydlidar_x2_agv.yaml
[0.334s] -- Up-to-date symlink: /home/ubuntu/slam_project/agv2_ws/install/agv_bringup/share/agv_bringup/calibration/calibration_date.txt
[0.335s] -- Up-to-date symlink: /home/ubuntu/slam_project/agv2_ws/install/agv_bringup/share/agv_bringup/calibration/camera_intrinsics.yaml
[0.336s] -- Up-to-date symlink: /home/ubuntu/slam_project/agv2_ws/install/agv_bringup/share/agv_bringup/calibration/extrinsics.yaml
[0.337s] -- Up-to-date symlink: /home/ubuntu/slam_project/agv2_ws/install/agv_bringup/share/agv_bringup/calibration/imu_intrinsics.yaml
[0.338s] -- Up-to-date symlink: /home/ubuntu/slam_project/agv2_ws/install/agv_bringup/share/agv_bringup/calibration/mocap_to_base.yaml
[0.339s] -- Up-to-date symlink: /home/ubuntu/slam_project/agv2_ws/install/agv_bringup/share/ament_index/resource_index/package_run_dependencies/agv_bringup
[0.341s] -- Up-to-date symlink: /home/ubuntu/slam_project/agv2_ws/install/agv_bringup/share/ament_index/resource_index/parent_prefix_path/agv_bringup
[0.342s] -- Up-to-date symlink: /home/ubuntu/slam_project/agv2_ws/install/agv_bringup/share/agv_bringup/environment/ament_prefix_path.sh
[0.343s] -- Up-to-date symlink: /home/ubuntu/slam_project/agv2_ws/install/agv_bringup/share/agv_bringup/environment/ament_prefix_path.dsv
[0.344s] -- Up-to-date symlink: /home/ubuntu/slam_project/agv2_ws/install/agv_bringup/share/agv_bringup/environment/path.sh
[0.345s] -- Up-to-date symlink: /home/ubuntu/slam_project/agv2_ws/install/agv_bringup/share/agv_bringup/environment/path.dsv
[0.346s] -- Up-to-date symlink: /home/ubuntu/slam_project/agv2_ws/install/agv_bringup/share/agv_bringup/local_setup.bash
[0.347s] -- Up-to-date symlink: /home/ubuntu/slam_project/agv2_ws/install/agv_bringup/share/agv_bringup/local_setup.sh
[0.348s] -- Up-to-date symlink: /home/ubuntu/slam_project/agv2_ws/install/agv_bringup/share/agv_bringup/local_setup.zsh
[0.349s] -- Up-to-date symlink: /home/ubuntu/slam_project/agv2_ws/install/agv_bringup/share/agv_bringup/local_setup.dsv
[0.349s] -- Symlinking: /home/ubuntu/slam_project/agv2_ws/install/agv_bringup/share/agv_bringup/package.dsv
[0.382s] -- Up-to-date symlink: /home/ubuntu/slam_project/agv2_ws/install/agv_bringup/share/ament_index/resource_index/packages/agv_bringup
[0.383s] -- Up-to-date symlink: /home/ubuntu/slam_project/agv2_ws/install/agv_bringup/share/agv_bringup/cmake/agv_bringupConfig.cmake
[0.384s] -- Up-to-date symlink: /home/ubuntu/slam_project/agv2_ws/install/agv_bringup/share/agv_bringup/cmake/agv_bringupConfig-version.cmake
[0.384s] -- Up-to-date symlink: /home/ubuntu/slam_project/agv2_ws/install/agv_bringup/share/agv_bringup/package.xml
[0.392s] Invoked command in '/home/ubuntu/slam_project/agv2_ws/build/agv_bringup' returned '0': CMAKE_PREFIX_PATH=${CMAKE_PREFIX_PATH}:/home/ubuntu/slam_project/agv2_ws/install/myagv_teleop:/opt/ros/humble /usr/bin/cmake --install /home/ubuntu/slam_project/agv2_ws/build/agv_bringup
