[0.000000] (-) TimerEvent: {}
[0.001076] (-) JobUnselected: {'identifier': 'agv_bringup'}
[0.001760] (-) JobUnselected: {'identifier': 'myagv_odometry'}
[0.002426] (-) JobUnselected: {'identifier': 'myagv_teleop'}
[0.002755] (ydlidar_ros2_driver) JobQueued: {'identifier': 'ydlidar_ros2_driver', 'dependencies': OrderedDict()}
[0.002968] (ydlidar_ros2_driver) JobStarted: {'identifier': 'ydlidar_ros2_driver'}
[0.035896] (ydlidar_ros2_driver) JobProgress: {'identifier': 'ydlidar_ros2_driver', 'progress': 'cmake'}
[0.039421] (ydlidar_ros2_driver) JobProgress: {'identifier': 'ydlidar_ros2_driver', 'progress': 'build'}
[0.042522] (ydlidar_ros2_driver) Command: {'cmd': ['/usr/bin/cmake', '--build', '/home/ubuntu/slam_project/agv2_ws/build/ydlidar_ros2_driver', '--', '-j4', '-l4'], 'cwd': '/home/ubuntu/slam_project/agv2_ws/build/ydlidar_ros2_driver', 'env': OrderedDict([('USER', 'ubuntu'), ('SSH_CLIENT', '192.168.1.200 51828 22'), ('XDG_SESSION_TYPE', 'tty'), ('SHLVL', '1'), ('LD_LIBRARY_PATH', '/opt/ros/humble/lib/aarch64-linux-gnu:/opt/ros/humble/lib'), ('MOTD_SHOWN', 'pam'), ('HOME', '/home/ubuntu'), ('OLDPWD', '/home/ubuntu'), ('ROS_PYTHON_VERSION', '3'), ('DBUS_SESSION_BUS_ADDRESS', 'unix:path=/run/user/1000/bus'), ('ROS_DISTRO', 'humble'), ('LOGNAME', 'ubuntu'), ('_', '/usr/bin/colcon'), ('ROS_VERSION', '2'), ('XDG_SESSION_CLASS', 'user'), ('XDG_SESSION_ID', '45'), ('ROS_LOCALHOST_ONLY', '0'), ('PATH', '/opt/ros/humble/bin:/usr/local/sbin:/usr/local/bin:/usr/sbin:/usr/bin:/sbin:/bin:/usr/games:/usr/local/games:/snap/bin'), ('XDG_RUNTIME_DIR', '/run/user/1000'), ('LANG', 'C.UTF-8'), ('AMENT_PREFIX_PATH', '/opt/ros/humble'), ('SHELL', '/bin/bash'), ('PWD', '/home/ubuntu/slam_project/agv2_ws/build/ydlidar_ros2_driver'), ('SSH_CONNECTION', '192.168.1.200 51828 192.168.1.205 22'), ('PYTHONPATH', '/opt/ros/humble/lib/python3.10/site-packages:/opt/ros/humble/local/lib/python3.10/dist-packages'), ('COLCON', '1'), ('CMAKE_PREFIX_PATH', '/opt/ros/humble')]), 'shell': False}
[0.098583] (-) TimerEvent: {}
[0.199125] (-) TimerEvent: {}
[0.299693] (-) TimerEvent: {}
[0.310333] (ydlidar_ros2_driver) StdoutLine: {'line': b'[ 25%] Building CXX object CMakeFiles/ydlidar_ros2_driver_node.dir/src/ydlidar_ros2_driver_node.cpp.o\n'}
[0.311813] (ydlidar_ros2_driver) StdoutLine: {'line': b'[ 75%] Built target ydlidar_ros2_driver_client\n'}
[0.399854] (-) TimerEvent: {}
[0.500226] (-) TimerEvent: {}
[0.600628] (-) TimerEvent: {}
[0.701055] (-) TimerEvent: {}
[0.801500] (-) TimerEvent: {}
[0.901938] (-) TimerEvent: {}
[1.002367] (-) TimerEvent: {}
[1.102757] (-) TimerEvent: {}
[1.203157] (-) TimerEvent: {}
[1.303641] (-) TimerEvent: {}
[1.404037] (-) TimerEvent: {}
[1.504525] (-) TimerEvent: {}
[1.605354] (-) TimerEvent: {}
[1.705751] (-) TimerEvent: {}
[1.806178] (-) TimerEvent: {}
[1.906630] (-) TimerEvent: {}
[2.007039] (-) TimerEvent: {}
[2.107438] (-) TimerEvent: {}
[2.207848] (-) TimerEvent: {}
[2.308289] (-) TimerEvent: {}
[2.408753] (-) TimerEvent: {}
[2.509170] (-) TimerEvent: {}
[2.609650] (-) TimerEvent: {}
[2.710145] (-) TimerEvent: {}
[2.810672] (-) TimerEvent: {}
[2.911112] (-) TimerEvent: {}
[3.011553] (-) TimerEvent: {}
[3.111982] (-) TimerEvent: {}
[3.212405] (-) TimerEvent: {}
[3.312845] (-) TimerEvent: {}
[3.413329] (-) TimerEvent: {}
[3.513777] (-) TimerEvent: {}
[3.614238] (-) TimerEvent: {}
[3.714694] (-) TimerEvent: {}
[3.815167] (-) TimerEvent: {}
[3.915593] (-) TimerEvent: {}
[4.016042] (-) TimerEvent: {}
[4.116472] (-) TimerEvent: {}
[4.216929] (-) TimerEvent: {}
[4.317392] (-) TimerEvent: {}
[4.417955] (-) TimerEvent: {}
[4.518566] (-) TimerEvent: {}
[4.619376] (-) TimerEvent: {}
[4.720191] (-) TimerEvent: {}
[4.820657] (-) TimerEvent: {}
[4.921592] (-) TimerEvent: {}
[5.022560] (-) TimerEvent: {}
[5.123562] (-) TimerEvent: {}
[5.224484] (-) TimerEvent: {}
[5.325167] (-) TimerEvent: {}
[5.425956] (-) TimerEvent: {}
[5.526807] (-) TimerEvent: {}
[5.627459] (-) TimerEvent: {}
[5.728006] (-) TimerEvent: {}
[5.828514] (-) TimerEvent: {}
[5.929054] (-) TimerEvent: {}
[6.029595] (-) TimerEvent: {}
[6.130021] (-) TimerEvent: {}
[6.230460] (-) TimerEvent: {}
[6.330963] (-) TimerEvent: {}
[6.431392] (-) TimerEvent: {}
[6.531833] (-) TimerEvent: {}
[6.632268] (-) TimerEvent: {}
[6.734413] (-) TimerEvent: {}
[6.834842] (-) TimerEvent: {}
[6.935292] (-) TimerEvent: {}
[7.035734] (-) TimerEvent: {}
[7.136171] (-) TimerEvent: {}
[7.236609] (-) TimerEvent: {}
[7.337042] (-) TimerEvent: {}
[7.437600] (-) TimerEvent: {}
[7.538042] (-) TimerEvent: {}
[7.638496] (-) TimerEvent: {}
[7.738943] (-) TimerEvent: {}
[7.839359] (-) TimerEvent: {}
[7.939779] (-) TimerEvent: {}
[8.040202] (-) TimerEvent: {}
[8.140678] (-) TimerEvent: {}
[8.241167] (-) TimerEvent: {}
[8.341677] (-) TimerEvent: {}
[8.442093] (-) TimerEvent: {}
[8.542538] (-) TimerEvent: {}
[8.642977] (-) TimerEvent: {}
[8.743403] (-) TimerEvent: {}
[8.843863] (-) TimerEvent: {}
[8.945614] (-) TimerEvent: {}
[9.046052] (-) TimerEvent: {}
[9.146498] (-) TimerEvent: {}
[9.246957] (-) TimerEvent: {}
[9.347402] (-) TimerEvent: {}
[9.447852] (-) TimerEvent: {}
[9.548288] (-) TimerEvent: {}
[9.648741] (-) TimerEvent: {}
[9.749198] (-) TimerEvent: {}
[9.849701] (-) TimerEvent: {}
[9.950170] (-) TimerEvent: {}
[10.050615] (-) TimerEvent: {}
[10.151074] (-) TimerEvent: {}
[10.251745] (-) TimerEvent: {}
[10.352228] (-) TimerEvent: {}
[10.452704] (-) TimerEvent: {}
[10.553182] (-) TimerEvent: {}
[10.653728] (-) TimerEvent: {}
[10.754169] (-) TimerEvent: {}
[10.854609] (-) TimerEvent: {}
[10.955039] (-) TimerEvent: {}
[11.055492] (-) TimerEvent: {}
[11.155931] (-) TimerEvent: {}
[11.256372] (-) TimerEvent: {}
[11.356819] (-) TimerEvent: {}
[11.457363] (-) TimerEvent: {}
[11.557887] (-) TimerEvent: {}
[11.658607] (-) TimerEvent: {}
[11.759213] (-) TimerEvent: {}
[11.859738] (-) TimerEvent: {}
[11.960285] (-) TimerEvent: {}
[12.061398] (-) TimerEvent: {}
[12.162319] (-) TimerEvent: {}
[12.263293] (-) TimerEvent: {}
[12.364287] (-) TimerEvent: {}
[12.421375] (ydlidar_ros2_driver) StderrLine: {'line': b'/home/ubuntu/slam_project/agv2_ws/src/ydlidar_ros2_driver/src/ydlidar_ros2_driver_node.cpp: In lambda function:\n'}
[12.422132] (ydlidar_ros2_driver) StderrLine: {'line': b'/home/ubuntu/slam_project/agv2_ws/src/ydlidar_ros2_driver/src/ydlidar_ros2_driver_node.cpp:187:54: warning: unused parameter \xe2\x80\x98request_header\xe2\x80\x99 [-Wunused-parameter]\n'}
[12.422555] (ydlidar_ros2_driver) StderrLine: {'line': b'  187 |     [&laser](const std::shared_ptr<rmw_request_id_t> request_header,\n'}
[12.422918] (ydlidar_ros2_driver) StderrLine: {'line': b'      |              ~~~~~~~~~~~~~~~~~~~~~~~~~~~~~~~~~~~~~~~~^~~~~~~~~~~~~~\n'}
[12.423294] (ydlidar_ros2_driver) StderrLine: {'line': b'/home/ubuntu/slam_project/agv2_ws/src/ydlidar_ros2_driver/src/ydlidar_ros2_driver_node.cpp:188:56: warning: unused parameter \xe2\x80\x98req\xe2\x80\x99 [-Wunused-parameter]\n'}
[12.423658] (ydlidar_ros2_driver) StderrLine: {'line': b'  188 |   const std::shared_ptr<std_srvs::srv::Empty::Request> req,\n'}
[12.424521] (ydlidar_ros2_driver) StderrLine: {'line': b'      |   ~~~~~~~~~~~~~~~~~~~~~~~~~~~~~~~~~~~~~~~~~~~~~~~~~~~~~^~~\n'}
[12.425852] (ydlidar_ros2_driver) StderrLine: {'line': b'/home/ubuntu/slam_project/agv2_ws/src/ydlidar_ros2_driver/src/ydlidar_ros2_driver_node.cpp:189:51: warning: unused parameter \xe2\x80\x98response\xe2\x80\x99 [-Wunused-parameter]\n'}
[12.427146] (ydlidar_ros2_driver) StderrLine: {'line': b'  189 |   std::shared_ptr<std_srvs::srv::Empty::Response> response) -> bool\n'}
[12.428002] (ydlidar_ros2_driver) StderrLine: {'line': b'      |   ~~~~~~~~~~~~~~~~~~~~~~~~~~~~~~~~~~~~~~~~~~~~~~~~^~~~~~~~\n'}
[12.464453] (-) TimerEvent: {}
[12.490647] (ydlidar_ros2_driver) StderrLine: {'line': b'/home/ubuntu/slam_project/agv2_ws/src/ydlidar_ros2_driver/src/ydlidar_ros2_driver_node.cpp: In lambda function:\n'}
[12.491286] (ydlidar_ros2_driver) StderrLine: {'line': b'/home/ubuntu/slam_project/agv2_ws/src/ydlidar_ros2_driver/src/ydlidar_ros2_driver_node.cpp:197:54: warning: unused parameter \xe2\x80\x98request_header\xe2\x80\x99 [-Wunused-parameter]\n'}
[12.492475] (ydlidar_ros2_driver) StderrLine: {'line': b'  197 |     [&laser](const std::shared_ptr<rmw_request_id_t> request_header,\n'}
[12.494103] (ydlidar_ros2_driver) StderrLine: {'line': b'      |              ~~~~~~~~~~~~~~~~~~~~~~~~~~~~~~~~~~~~~~~~^~~~~~~~~~~~~~\n'}
[12.494744] (ydlidar_ros2_driver) StderrLine: {'line': b'/home/ubuntu/slam_project/agv2_ws/src/ydlidar_ros2_driver/src/ydlidar_ros2_driver_node.cpp:198:56: warning: unused parameter \xe2\x80\x98req\xe2\x80\x99 [-Wunused-parameter]\n'}
[12.497096] (ydlidar_ros2_driver) StderrLine: {'line': b'  198 |   const std::shared_ptr<std_srvs::srv::Empty::Request> req,\n'}
[12.499043] (ydlidar_ros2_driver) StderrLine: {'line': b'      |   ~~~~~~~~~~~~~~~~~~~~~~~~~~~~~~~~~~~~~~~~~~~~~~~~~~~~~^~~\n'}
[12.499941] (ydlidar_ros2_driver) StderrLine: {'line': b'/home/ubuntu/slam_project/agv2_ws/src/ydlidar_ros2_driver/src/ydlidar_ros2_driver_node.cpp:199:51: warning: unused parameter \xe2\x80\x98response\xe2\x80\x99 [-Wunused-parameter]\n'}
[12.500946] (ydlidar_ros2_driver) StderrLine: {'line': b'  199 |   std::shared_ptr<std_srvs::srv::Empty::Response> response) -> bool\n'}
[12.501770] (ydlidar_ros2_driver) StderrLine: {'line': b'      |   ~~~~~~~~~~~~~~~~~~~~~~~~~~~~~~~~~~~~~~~~~~~~~~~~^~~~~~~~\n'}
[12.564799] (-) TimerEvent: {}
[12.665421] (-) TimerEvent: {}
[12.765915] (-) TimerEvent: {}
[12.866433] (-) TimerEvent: {}
[12.966959] (-) TimerEvent: {}
[13.067535] (-) TimerEvent: {}
[13.168007] (-) TimerEvent: {}
[13.268448] (-) TimerEvent: {}
[13.369048] (-) TimerEvent: {}
[13.469616] (-) TimerEvent: {}
[13.570059] (-) TimerEvent: {}
[13.670504] (-) TimerEvent: {}
[13.770943] (-) TimerEvent: {}
[13.871380] (-) TimerEvent: {}
[13.971808] (-) TimerEvent: {}
[14.072271] (-) TimerEvent: {}
[14.172725] (-) TimerEvent: {}
[14.273169] (-) TimerEvent: {}
[14.373636] (-) TimerEvent: {}
[14.474077] (-) TimerEvent: {}
[14.574534] (-) TimerEvent: {}
[14.675046] (-) TimerEvent: {}
[14.775485] (-) TimerEvent: {}
[14.875934] (-) TimerEvent: {}
[14.976394] (-) TimerEvent: {}
[15.076832] (-) TimerEvent: {}
[15.177322] (-) TimerEvent: {}
[15.277740] (-) TimerEvent: {}
[15.378174] (-) TimerEvent: {}
[15.478613] (-) TimerEvent: {}
[15.579093] (-) TimerEvent: {}
[15.679537] (-) TimerEvent: {}
[15.780016] (-) TimerEvent: {}
[15.880471] (-) TimerEvent: {}
[15.980952] (-) TimerEvent: {}
[16.081468] (-) TimerEvent: {}
[16.181926] (-) TimerEvent: {}
[16.282351] (-) TimerEvent: {}
[16.382830] (-) TimerEvent: {}
[16.483335] (-) TimerEvent: {}
[16.583799] (-) TimerEvent: {}
[16.684312] (-) TimerEvent: {}
[16.784763] (-) TimerEvent: {}
[16.885260] (-) TimerEvent: {}
[16.985705] (-) TimerEvent: {}
[17.086150] (-) TimerEvent: {}
[17.186633] (-) TimerEvent: {}
[17.287099] (-) TimerEvent: {}
[17.387628] (-) TimerEvent: {}
[17.488405] (-) TimerEvent: {}
[17.588884] (-) TimerEvent: {}
[17.689388] (-) TimerEvent: {}
[17.789962] (-) TimerEvent: {}
[17.890444] (-) TimerEvent: {}
[17.990961] (-) TimerEvent: {}
[18.091462] (-) TimerEvent: {}
[18.191893] (-) TimerEvent: {}
[18.292334] (-) TimerEvent: {}
[18.392798] (-) TimerEvent: {}
[18.493272] (-) TimerEvent: {}
[18.593732] (-) TimerEvent: {}
[18.694154] (-) TimerEvent: {}
[18.794576] (-) TimerEvent: {}
[18.895024] (-) TimerEvent: {}
[18.995453] (-) TimerEvent: {}
[19.095845] (-) TimerEvent: {}
[19.196264] (-) TimerEvent: {}
[19.296685] (-) TimerEvent: {}
[19.397140] (-) TimerEvent: {}
[19.497799] (-) TimerEvent: {}
[19.598385] (-) TimerEvent: {}
[19.699045] (-) TimerEvent: {}
[19.799748] (-) TimerEvent: {}
[19.900219] (-) TimerEvent: {}
[20.000845] (-) TimerEvent: {}
[20.101745] (-) TimerEvent: {}
[20.202802] (-) TimerEvent: {}
[20.303717] (-) TimerEvent: {}
[20.404736] (-) TimerEvent: {}
[20.505282] (-) TimerEvent: {}
[20.605868] (-) TimerEvent: {}
[20.706546] (-) TimerEvent: {}
[20.807325] (-) TimerEvent: {}
[20.907789] (-) TimerEvent: {}
[21.008225] (-) TimerEvent: {}
[21.108707] (-) TimerEvent: {}
[21.209163] (-) TimerEvent: {}
[21.309630] (-) TimerEvent: {}
[21.410058] (-) TimerEvent: {}
[21.510492] (-) TimerEvent: {}
[21.610944] (-) TimerEvent: {}
[21.711408] (-) TimerEvent: {}
[21.811858] (-) TimerEvent: {}
[21.912299] (-) TimerEvent: {}
[22.012834] (-) TimerEvent: {}
[22.113310] (-) TimerEvent: {}
[22.213754] (-) TimerEvent: {}
[22.314215] (-) TimerEvent: {}
[22.414679] (-) TimerEvent: {}
[22.515100] (-) TimerEvent: {}
[22.618371] (-) TimerEvent: {}
[22.718814] (-) TimerEvent: {}
[22.819252] (-) TimerEvent: {}
[22.919689] (-) TimerEvent: {}
[23.020138] (-) TimerEvent: {}
[23.120579] (-) TimerEvent: {}
[23.221035] (-) TimerEvent: {}
[23.321558] (-) TimerEvent: {}
[23.422094] (-) TimerEvent: {}
[23.522552] (-) TimerEvent: {}
[23.623001] (-) TimerEvent: {}
[23.723513] (-) TimerEvent: {}
[23.823955] (-) TimerEvent: {}
[23.924421] (-) TimerEvent: {}
[24.024861] (-) TimerEvent: {}
[24.125409] (-) TimerEvent: {}
[24.225877] (-) TimerEvent: {}
[24.326313] (-) TimerEvent: {}
[24.426844] (-) TimerEvent: {}
[24.527319] (-) TimerEvent: {}
[24.627865] (-) TimerEvent: {}
[24.728355] (-) TimerEvent: {}
[24.828846] (-) TimerEvent: {}
[24.929590] (-) TimerEvent: {}
[25.030259] (-) TimerEvent: {}
[25.130755] (-) TimerEvent: {}
[25.231171] (-) TimerEvent: {}
[25.331586] (-) TimerEvent: {}
[25.432025] (-) TimerEvent: {}
[25.532444] (-) TimerEvent: {}
[25.632862] (-) TimerEvent: {}
[25.733330] (-) TimerEvent: {}
[25.833753] (-) TimerEvent: {}
[25.934190] (-) TimerEvent: {}
[26.035051] (-) TimerEvent: {}
[26.136027] (-) TimerEvent: {}
[26.236606] (-) TimerEvent: {}
[26.337474] (-) TimerEvent: {}
[26.401478] (ydlidar_ros2_driver) StdoutLine: {'line': b'[100%] Linking CXX executable ydlidar_ros2_driver_node\n'}
[26.438025] (-) TimerEvent: {}
[26.538849] (-) TimerEvent: {}
[26.639818] (-) TimerEvent: {}
[26.740495] (-) TimerEvent: {}
[26.841447] (-) TimerEvent: {}
[26.942511] (-) TimerEvent: {}
[27.043332] (-) TimerEvent: {}
[27.144308] (-) TimerEvent: {}
[27.245016] (-) TimerEvent: {}
[27.345815] (-) TimerEvent: {}
[27.446396] (-) TimerEvent: {}
[27.547080] (-) TimerEvent: {}
[27.647778] (-) TimerEvent: {}
[27.748589] (-) TimerEvent: {}
[27.849154] (-) TimerEvent: {}
[27.949615] (-) TimerEvent: {}
[28.050153] (-) TimerEvent: {}
[28.108750] (ydlidar_ros2_driver) StdoutLine: {'line': b'[100%] Built target ydlidar_ros2_driver_node\n'}
[28.148756] (ydlidar_ros2_driver) CommandEnded: {'returncode': 0}
[28.150271] (-) TimerEvent: {}
[28.151124] (ydlidar_ros2_driver) JobProgress: {'identifier': 'ydlidar_ros2_driver', 'progress': 'install'}
[28.187841] (ydlidar_ros2_driver) Command: {'cmd': ['/usr/bin/cmake', '--install', '/home/ubuntu/slam_project/agv2_ws/build/ydlidar_ros2_driver'], 'cwd': '/home/ubuntu/slam_project/agv2_ws/build/ydlidar_ros2_driver', 'env': OrderedDict([('USER', 'ubuntu'), ('SSH_CLIENT', '192.168.1.200 51828 22'), ('XDG_SESSION_TYPE', 'tty'), ('SHLVL', '1'), ('LD_LIBRARY_PATH', '/opt/ros/humble/lib/aarch64-linux-gnu:/opt/ros/humble/lib'), ('MOTD_SHOWN', 'pam'), ('HOME', '/home/ubuntu'), ('OLDPWD', '/home/ubuntu'), ('ROS_PYTHON_VERSION', '3'), ('DBUS_SESSION_BUS_ADDRESS', 'unix:path=/run/user/1000/bus'), ('ROS_DISTRO', 'humble'), ('LOGNAME', 'ubuntu'), ('_', '/usr/bin/colcon'), ('ROS_VERSION', '2'), ('XDG_SESSION_CLASS', 'user'), ('XDG_SESSION_ID', '45'), ('ROS_LOCALHOST_ONLY', '0'), ('PATH', '/opt/ros/humble/bin:/usr/local/sbin:/usr/local/bin:/usr/sbin:/usr/bin:/sbin:/bin:/usr/games:/usr/local/games:/snap/bin'), ('XDG_RUNTIME_DIR', '/run/user/1000'), ('LANG', 'C.UTF-8'), ('AMENT_PREFIX_PATH', '/opt/ros/humble'), ('SHELL', '/bin/bash'), ('PWD', '/home/ubuntu/slam_project/agv2_ws/build/ydlidar_ros2_driver'), ('SSH_CONNECTION', '192.168.1.200 51828 192.168.1.205 22'), ('PYTHONPATH', '/opt/ros/humble/lib/python3.10/site-packages:/opt/ros/humble/local/lib/python3.10/dist-packages'), ('COLCON', '1'), ('CMAKE_PREFIX_PATH', '/opt/ros/humble')]), 'shell': False}
[28.216012] (ydlidar_ros2_driver) StdoutLine: {'line': b'-- Install configuration: ""\n'}
[28.217668] (ydlidar_ros2_driver) StdoutLine: {'line': b'-- Execute custom install script\n'}
[28.219579] (ydlidar_ros2_driver) StdoutLine: {'line': b'-- Up-to-date symlink: /home/ubuntu/slam_project/agv2_ws/install/ydlidar_ros2_driver/lib/ydlidar_ros2_driver/ydlidar_ros2_driver_node\n'}
[28.220457] (ydlidar_ros2_driver) StdoutLine: {'line': b'-- Up-to-date symlink: /home/ubuntu/slam_project/agv2_ws/install/ydlidar_ros2_driver/lib/ydlidar_ros2_driver/ydlidar_ros2_driver_client\n'}
[28.222518] (ydlidar_ros2_driver) StdoutLine: {'line': b'-- Up-to-date symlink: /home/ubuntu/slam_project/agv2_ws/install/ydlidar_ros2_driver/share/ydlidar_ros2_driver/launch/ydlidar.py\n'}
[28.223249] (ydlidar_ros2_driver) StdoutLine: {'line': b'-- Up-to-date symlink: /home/ubuntu/slam_project/agv2_ws/install/ydlidar_ros2_driver/share/ydlidar_ros2_driver/launch/ydlidar_launch.py\n'}
[28.223987] (ydlidar_ros2_driver) StdoutLine: {'line': b'-- Up-to-date symlink: /home/ubuntu/slam_project/agv2_ws/install/ydlidar_ros2_driver/share/ydlidar_ros2_driver/launch/ydlidar_launch_view.py\n'}
[28.226648] (ydlidar_ros2_driver) StdoutLine: {'line': b'-- Up-to-date symlink: /home/ubuntu/slam_project/agv2_ws/install/ydlidar_ros2_driver/share/ydlidar_ros2_driver/params/G1.yaml\n'}
[28.227748] (ydlidar_ros2_driver) StdoutLine: {'line': b'-- Up-to-date symlink: /home/ubuntu/slam_project/agv2_ws/install/ydlidar_ros2_driver/share/ydlidar_ros2_driver/params/G2.yaml\n'}
[28.228608] (ydlidar_ros2_driver) StdoutLine: {'line': b'-- Up-to-date symlink: /home/ubuntu/slam_project/agv2_ws/install/ydlidar_ros2_driver/share/ydlidar_ros2_driver/params/G4.yaml\n'}
[28.229500] (ydlidar_ros2_driver) StdoutLine: {'line': b'-- Up-to-date symlink: /home/ubuntu/slam_project/agv2_ws/install/ydlidar_ros2_driver/share/ydlidar_ros2_driver/params/G6.yaml\n'}
[28.230432] (ydlidar_ros2_driver) StdoutLine: {'line': b'-- Up-to-date symlink: /home/ubuntu/slam_project/agv2_ws/install/ydlidar_ros2_driver/share/ydlidar_ros2_driver/params/GS2.yaml\n'}
[28.231359] (ydlidar_ros2_driver) StdoutLine: {'line': b'-- Up-to-date symlink: /home/ubuntu/slam_project/agv2_ws/install/ydlidar_ros2_driver/share/ydlidar_ros2_driver/params/GS5.yaml\n'}
[28.232651] (ydlidar_ros2_driver) StdoutLine: {'line': b'-- Up-to-date symlink: /home/ubuntu/slam_project/agv2_ws/install/ydlidar_ros2_driver/share/ydlidar_ros2_driver/params/TEA.yaml\n'}
[28.233615] (ydlidar_ros2_driver) StdoutLine: {'line': b'-- Up-to-date symlink: /home/ubuntu/slam_project/agv2_ws/install/ydlidar_ros2_driver/share/ydlidar_ros2_driver/params/TG.yaml\n'}
[28.234371] (ydlidar_ros2_driver) StdoutLine: {'line': b'-- Up-to-date symlink: /home/ubuntu/slam_project/agv2_ws/install/ydlidar_ros2_driver/share/ydlidar_ros2_driver/params/Tmini-Plus-SH.yaml\n'}
[28.235150] (ydlidar_ros2_driver) StdoutLine: {'line': b'-- Up-to-date symlink: /home/ubuntu/slam_project/agv2_ws/install/ydlidar_ros2_driver/share/ydlidar_ros2_driver/params/Tmini.yaml\n'}
[28.235799] (ydlidar_ros2_driver) StdoutLine: {'line': b'-- Up-to-date symlink: /home/ubuntu/slam_project/agv2_ws/install/ydlidar_ros2_driver/share/ydlidar_ros2_driver/params/X2.yaml\n'}
[28.236533] (ydlidar_ros2_driver) StdoutLine: {'line': b'-- Up-to-date symlink: /home/ubuntu/slam_project/agv2_ws/install/ydlidar_ros2_driver/share/ydlidar_ros2_driver/params/X3.yaml\n'}
[28.237535] (ydlidar_ros2_driver) StdoutLine: {'line': b'-- Up-to-date symlink: /home/ubuntu/slam_project/agv2_ws/install/ydlidar_ros2_driver/share/ydlidar_ros2_driver/params/X4-Pro.yaml\n'}
[28.238809] (ydlidar_ros2_driver) StdoutLine: {'line': b'-- Up-to-date symlink: /home/ubuntu/slam_project/agv2_ws/install/ydlidar_ros2_driver/share/ydlidar_ros2_driver/params/X4.yaml\n'}
[28.240809] (ydlidar_ros2_driver) StdoutLine: {'line': b'-- Up-to-date symlink: /home/ubuntu/slam_project/agv2_ws/install/ydlidar_ros2_driver/share/ydlidar_ros2_driver/params/sdm15.yaml\n'}
[28.245456] (ydlidar_ros2_driver) StdoutLine: {'line': b'-- Up-to-date symlink: /home/ubuntu/slam_project/agv2_ws/install/ydlidar_ros2_driver/share/ydlidar_ros2_driver/params/ydlidar.yaml\n'}
[28.247336] (ydlidar_ros2_driver) StdoutLine: {'line': b'-- Up-to-date symlink: /home/ubuntu/slam_project/agv2_ws/install/ydlidar_ros2_driver/share/ydlidar_ros2_driver/startup/initenv.sh\n'}
[28.248324] (ydlidar_ros2_driver) StdoutLine: {'line': b'-- Up-to-date symlink: /home/ubuntu/slam_project/agv2_ws/install/ydlidar_ros2_driver/share/ydlidar_ros2_driver/config/ydlidar.rviz\n'}
[28.249419] (ydlidar_ros2_driver) StdoutLine: {'line': b'-- Up-to-date symlink: /home/ubuntu/slam_project/agv2_ws/install/ydlidar_ros2_driver/share/ament_index/resource_index/package_run_dependencies/ydlidar_ros2_driver\n'}
[28.250377] (-) TimerEvent: {}
[28.254375] (ydlidar_ros2_driver) StdoutLine: {'line': b'-- Up-to-date symlink: /home/ubuntu/slam_project/agv2_ws/install/ydlidar_ros2_driver/share/ament_index/resource_index/parent_prefix_path/ydlidar_ros2_driver\n'}
[28.255145] (ydlidar_ros2_driver) StdoutLine: {'line': b'-- Up-to-date symlink: /home/ubuntu/slam_project/agv2_ws/install/ydlidar_ros2_driver/share/ydlidar_ros2_driver/environment/ament_prefix_path.sh\n'}
[28.255539] (ydlidar_ros2_driver) StdoutLine: {'line': b'-- Up-to-date symlink: /home/ubuntu/slam_project/agv2_ws/install/ydlidar_ros2_driver/share/ydlidar_ros2_driver/environment/ament_prefix_path.dsv\n'}
[28.256112] (ydlidar_ros2_driver) StdoutLine: {'line': b'-- Up-to-date symlink: /home/ubuntu/slam_project/agv2_ws/install/ydlidar_ros2_driver/share/ydlidar_ros2_driver/environment/path.sh\n'}
[28.256478] (ydlidar_ros2_driver) StdoutLine: {'line': b'-- Up-to-date symlink: /home/ubuntu/slam_project/agv2_ws/install/ydlidar_ros2_driver/share/ydlidar_ros2_driver/environment/path.dsv\n'}
[28.257127] (ydlidar_ros2_driver) StdoutLine: {'line': b'-- Up-to-date symlink: /home/ubuntu/slam_project/agv2_ws/install/ydlidar_ros2_driver/share/ydlidar_ros2_driver/local_setup.bash\n'}
[28.258109] (ydlidar_ros2_driver) StdoutLine: {'line': b'-- Up-to-date symlink: /home/ubuntu/slam_project/agv2_ws/install/ydlidar_ros2_driver/share/ydlidar_ros2_driver/local_setup.sh\n'}
[28.259099] (ydlidar_ros2_driver) StdoutLine: {'line': b'-- Up-to-date symlink: /home/ubuntu/slam_project/agv2_ws/install/ydlidar_ros2_driver/share/ydlidar_ros2_driver/local_setup.zsh\n'}
[28.260019] (ydlidar_ros2_driver) StdoutLine: {'line': b'-- Up-to-date symlink: /home/ubuntu/slam_project/agv2_ws/install/ydlidar_ros2_driver/share/ydlidar_ros2_driver/local_setup.dsv\n'}
[28.260714] (ydlidar_ros2_driver) StdoutLine: {'line': b'-- Symlinking: /home/ubuntu/slam_project/agv2_ws/install/ydlidar_ros2_driver/share/ydlidar_ros2_driver/package.dsv\n'}
[28.291297] (ydlidar_ros2_driver) StdoutLine: {'line': b'-- Up-to-date symlink: /home/ubuntu/slam_project/agv2_ws/install/ydlidar_ros2_driver/share/ament_index/resource_index/packages/ydlidar_ros2_driver\n'}
[28.292585] (ydlidar_ros2_driver) StdoutLine: {'line': b'-- Up-to-date symlink: /home/ubuntu/slam_project/agv2_ws/install/ydlidar_ros2_driver/share/ydlidar_ros2_driver/cmake/ydlidar_ros2_driverConfig.cmake\n'}
[28.294176] (ydlidar_ros2_driver) StdoutLine: {'line': b'-- Up-to-date symlink: /home/ubuntu/slam_project/agv2_ws/install/ydlidar_ros2_driver/share/ydlidar_ros2_driver/cmake/ydlidar_ros2_driverConfig-version.cmake\n'}
[28.295739] (ydlidar_ros2_driver) StdoutLine: {'line': b'-- Up-to-date symlink: /home/ubuntu/slam_project/agv2_ws/install/ydlidar_ros2_driver/share/ydlidar_ros2_driver/package.xml\n'}
[28.301924] (ydlidar_ros2_driver) CommandEnded: {'returncode': 0}
[28.351768] (-) TimerEvent: {}
[28.401890] (ydlidar_ros2_driver) JobEnded: {'identifier': 'ydlidar_ros2_driver', 'rc': 0}
[28.404419] (-) EventReactorShutdown: {}
